Archive member included to satisfy reference by file (symbol)

c:/st/stm32cubeide_1.10.1/stm32cubeide/plugins/com.st.stm32cube.ide.mcu.externaltools.gnu-tools-for-stm32.10.3-2021.10.win32_1.0.0.202111181127/tools/bin/../lib/gcc/arm-none-eabi/10.3.1/../../../../arm-none-eabi/lib/thumb/v6-m/nofp\libc.a(lib_a-atof.o)
                              BOS\BOS_CLI.o (atof)
c:/st/stm32cubeide_1.10.1/stm32cubeide/plugins/com.st.stm32cube.ide.mcu.externaltools.gnu-tools-for-stm32.10.3-2021.10.win32_1.0.0.202111181127/tools/bin/../lib/gcc/arm-none-eabi/10.3.1/../../../../arm-none-eabi/lib/thumb/v6-m/nofp\libc.a(lib_a-atoi.o)
                              BOS\BOS_CLI.o (atoi)
c:/st/stm32cubeide_1.10.1/stm32cubeide/plugins/com.st.stm32cube.ide.mcu.externaltools.gnu-tools-for-stm32.10.3-2021.10.win32_1.0.0.202111181127/tools/bin/../lib/gcc/arm-none-eabi/10.3.1/../../../../arm-none-eabi/lib/thumb/v6-m/nofp\libc.a(lib_a-atol.o)
                              BOS\BOS.o (atol)
c:/st/stm32cubeide_1.10.1/stm32cubeide/plugins/com.st.stm32cube.ide.mcu.externaltools.gnu-tools-for-stm32.10.3-2021.10.win32_1.0.0.202111181127/tools/bin/../lib/gcc/arm-none-eabi/10.3.1/../../../../arm-none-eabi/lib/thumb/v6-m/nofp\libc.a(lib_a-ctype_.o)
                              BOS\BOS_CLI.o (_ctype_)
c:/st/stm32cubeide_1.10.1/stm32cubeide/plugins/com.st.stm32cube.ide.mcu.externaltools.gnu-tools-for-stm32.10.3-2021.10.win32_1.0.0.202111181127/tools/bin/../lib/gcc/arm-none-eabi/10.3.1/../../../../arm-none-eabi/lib/thumb/v6-m/nofp\libc.a(lib_a-exit.o)
                              c:/st/stm32cubeide_1.10.1/stm32cubeide/plugins/com.st.stm32cube.ide.mcu.externaltools.gnu-tools-for-stm32.10.3-2021.10.win32_1.0.0.202111181127/tools/bin/../lib/gcc/arm-none-eabi/10.3.1/../../../../arm-none-eabi/lib/thumb/v6-m/nofp/crt0.o (exit)
c:/st/stm32cubeide_1.10.1/stm32cubeide/plugins/com.st.stm32cube.ide.mcu.externaltools.gnu-tools-for-stm32.10.3-2021.10.win32_1.0.0.202111181127/tools/bin/../lib/gcc/arm-none-eabi/10.3.1/../../../../arm-none-eabi/lib/thumb/v6-m/nofp\libc.a(lib_a-impure.o)
                              c:/st/stm32cubeide_1.10.1/stm32cubeide/plugins/com.st.stm32cube.ide.mcu.externaltools.gnu-tools-for-stm32.10.3-2021.10.win32_1.0.0.202111181127/tools/bin/../lib/gcc/arm-none-eabi/10.3.1/../../../../arm-none-eabi/lib/thumb/v6-m/nofp\libc.a(lib_a-exit.o) (_global_impure_ptr)
c:/st/stm32cubeide_1.10.1/stm32cubeide/plugins/com.st.stm32cube.ide.mcu.externaltools.gnu-tools-for-stm32.10.3-2021.10.win32_1.0.0.202111181127/tools/bin/../lib/gcc/arm-none-eabi/10.3.1/../../../../arm-none-eabi/lib/thumb/v6-m/nofp\libc.a(lib_a-init.o)
                              c:/st/stm32cubeide_1.10.1/stm32cubeide/plugins/com.st.stm32cube.ide.mcu.externaltools.gnu-tools-for-stm32.10.3-2021.10.win32_1.0.0.202111181127/tools/bin/../lib/gcc/arm-none-eabi/10.3.1/../../../../arm-none-eabi/lib/thumb/v6-m/nofp/crt0.o (__libc_init_array)
c:/st/stm32cubeide_1.10.1/stm32cubeide/plugins/com.st.stm32cube.ide.mcu.externaltools.gnu-tools-for-stm32.10.3-2021.10.win32_1.0.0.202111181127/tools/bin/../lib/gcc/arm-none-eabi/10.3.1/../../../../arm-none-eabi/lib/thumb/v6-m/nofp\libc.a(lib_a-malloc.o)
                              BOS\BOS.o (malloc)
c:/st/stm32cubeide_1.10.1/stm32cubeide/plugins/com.st.stm32cube.ide.mcu.externaltools.gnu-tools-for-stm32.10.3-2021.10.win32_1.0.0.202111181127/tools/bin/../lib/gcc/arm-none-eabi/10.3.1/../../../../arm-none-eabi/lib/thumb/v6-m/nofp\libc.a(lib_a-mallocr.o)
                              c:/st/stm32cubeide_1.10.1/stm32cubeide/plugins/com.st.stm32cube.ide.mcu.externaltools.gnu-tools-for-stm32.10.3-2021.10.win32_1.0.0.202111181127/tools/bin/../lib/gcc/arm-none-eabi/10.3.1/../../../../arm-none-eabi/lib/thumb/v6-m/nofp\libc.a(lib_a-malloc.o) (_malloc_r)
c:/st/stm32cubeide_1.10.1/stm32cubeide/plugins/com.st.stm32cube.ide.mcu.externaltools.gnu-tools-for-stm32.10.3-2021.10.win32_1.0.0.202111181127/tools/bin/../lib/gcc/arm-none-eabi/10.3.1/../../../../arm-none-eabi/lib/thumb/v6-m/nofp\libc.a(lib_a-memcpy-stub.o)
                              BOS\BOS.o (memcpy)
c:/st/stm32cubeide_1.10.1/stm32cubeide/plugins/com.st.stm32cube.ide.mcu.externaltools.gnu-tools-for-stm32.10.3-2021.10.win32_1.0.0.202111181127/tools/bin/../lib/gcc/arm-none-eabi/10.3.1/../../../../arm-none-eabi/lib/thumb/v6-m/nofp\libc.a(lib_a-memset.o)
                              c:/st/stm32cubeide_1.10.1/stm32cubeide/plugins/com.st.stm32cube.ide.mcu.externaltools.gnu-tools-for-stm32.10.3-2021.10.win32_1.0.0.202111181127/tools/bin/../lib/gcc/arm-none-eabi/10.3.1/../../../../arm-none-eabi/lib/thumb/v6-m/nofp/crt0.o (memset)
c:/st/stm32cubeide_1.10.1/stm32cubeide/plugins/com.st.stm32cube.ide.mcu.externaltools.gnu-tools-for-stm32.10.3-2021.10.win32_1.0.0.202111181127/tools/bin/../lib/gcc/arm-none-eabi/10.3.1/../../../../arm-none-eabi/lib/thumb/v6-m/nofp\libc.a(lib_a-mlock.o)
[...]
Memory Configuration

Name             Origin             Length             Attributes
RAM              0x0000000020000000 0x0000000000024000 xrw
FLASH            0x0000000008000000 0x0000000000080000 xr
*default*        0x0000000000000000 0xffffffffffffffff

Linker script and memory map

LOAD c:/st/stm32cubeide_1.10.1/stm32cubeide/plugins/com.st.stm32cube.ide.mcu.externaltools.gnu-tools-for-stm32.10.3-2021.10.win32_1.0.0.202111181127/tools/bin/../lib/gcc/arm-none-eabi/10.3.1/thumb/v6-m/nofp/crti.o
LOAD c:/st/stm32cubeide_1.10.1/stm32cubeide/plugins/com.st.stm32cube.ide.mcu.externaltools.gnu-tools-for-stm32.10.3-2021.10.win32_1.0.0.202111181127/tools/bin/../lib/gcc/arm-none-eabi/10.3.1/thumb/v6-m/nofp/crtbegin.o
LOAD c:/st/stm32cubeide_1.10.1/stm32cubeide/plugins/com.st.stm32cube.ide.mcu.externaltools.gnu-tools-for-stm32.10.3-2021.10.win32_1.0.0.202111181127/tools/bin/../lib/gcc/arm-none-eabi/10.3.1/../../../../arm-none-eabi/lib/thumb/v6-m/nofp/crt0.o
LOAD BOS\BOS.o
LOAD BOS\BOS_CLI.o
LOAD BOS\BOS_CLIcommands.o
LOAD BOS\BOS_dma.o
LOAD BOS\BOS_freertos.o
LOAD BOS\BOS_messaging.o
LOAD BOS\BOS_msgparser.o
LOAD Ethernet_Library\enc28j60.o
LOAD Ethernet_Library\lan.o
LOAD H1DR5\H1DR5.o
LOAD H1DR5\H1DR5_dma.o
LOAD H1DR5\H1DR5_eeprom.o
LOAD H1DR5\H1DR5_gpio.o
LOAD H1DR5\H1DR5_inputs.o
LOAD H1DR5\H1DR5_it.o
LOAD H1DR5\H1DR5_rtc.o
LOAD H1DR5\H1DR5_spi.o
LOAD H1DR5\H1DR5_timers.o
LOAD H1DR5\H1DR5_uart.o
LOAD H1DR5\startup_stm32g0b1ceuxn.o
LOAD Thirdparty\CMSIS\STM32G0xx\Device\ST\STM32G0xx\Source\Templates\system_stm32g0xx.o
LOAD Thirdparty\LSM303AGR\src\LSM303AGR_ACC.o
LOAD Thirdparty\LSM303AGR\src\LSM303AGR_MAG.o
LOAD Thirdparty\LSM6DS3\src\LSM6DS3.o
LOAD Thirdparty\Middleware\STM32G0xx\FreeRTOS\Source\CMSIS_RTOS\cmsis_os.o
LOAD Thirdparty\Middleware\STM32G0xx\FreeRTOS\Source\FreeRTOS_CLI.o
LOAD Thirdparty\Middleware\STM32G0xx\FreeRTOS\Source\croutine.o
LOAD Thirdparty\Middleware\STM32G0xx\FreeRTOS\Source\event_groups.o
LOAD Thirdparty\Middleware\STM32G0xx\FreeRTOS\Source\list.o
LOAD Thirdparty\Middleware\STM32G0xx\FreeRTOS\Source\portable\GCC\ARM_CM0\port.o
LOAD Thirdparty\Middleware\STM32G0xx\FreeRTOS\Source\portable\MemMang\heap_4.o
LOAD Thirdparty\Middleware\STM32G0xx\FreeRTOS\Source\queue.o
LOAD Thirdparty\Middleware\STM32G0xx\FreeRTOS\Source\stream_buffer.o
LOAD Thirdparty\Middleware\STM32G0xx\FreeRTOS\Source\tasks.o
LOAD Thirdparty\Middleware\STM32G0xx\FreeRTOS\Source\timers.o
LOAD Thirdparty\STM32G0xx_HAL_Driver\Src\stm32g0xx_hal.o
LOAD Thirdparty\STM32G0xx_HAL_Driver\Src\stm32g0xx_hal_adc.o
LOAD Thirdparty\STM32G0xx_HAL_Driver\Src\stm32g0xx_hal_adc_ex.o
LOAD Thirdparty\STM32G0xx_HAL_Driver\Src\stm32g0xx_hal_cec.o
LOAD Thirdparty\STM32G0xx_HAL_Driver\Src\stm32g0xx_hal_comp.o
LOAD Thirdparty\STM32G0xx_HAL_Driver\Src\stm32g0xx_hal_cortex.o
LOAD Thirdparty\STM32G0xx_HAL_Driver\Src\stm32g0xx_hal_crc.o
LOAD Thirdparty\STM32G0xx_HAL_Driver\Src\stm32g0xx_hal_crc_ex.o
LOAD Thirdparty\STM32G0xx_HAL_Driver\Src\stm32g0xx_hal_cryp.o
LOAD Thirdparty\STM32G0xx_HAL_Driver\Src\stm32g0xx_hal_cryp_ex.o
LOAD Thirdparty\STM32G0xx_HAL_Driver\Src\stm32g0xx_hal_dac.o
LOAD Thirdparty\STM32G0xx_HAL_Driver\Src\stm32g0xx_hal_dac_ex.o
LOAD Thirdparty\STM32G0xx_HAL_Driver\Src\stm32g0xx_hal_dma.o
LOAD Thirdparty\STM32G0xx_HAL_Driver\Src\stm32g0xx_hal_dma_ex.o
LOAD Thirdparty\STM32G0xx_HAL_Driver\Src\stm32g0xx_hal_exti.o
LOAD Thirdparty\STM32G0xx_HAL_Driver\Src\stm32g0xx_hal_fdcan.o
LOAD Thirdparty\STM32G0xx_HAL_Driver\Src\stm32g0xx_hal_flash.o
LOAD Thirdparty\STM32G0xx_HAL_Driver\Src\stm32g0xx_hal_flash_ex.o
LOAD Thirdparty\STM32G0xx_HAL_Driver\Src\stm32g0xx_hal_gpio.o
LOAD Thirdparty\STM32G0xx_HAL_Driver\Src\stm32g0xx_hal_hcd.o
LOAD Thirdparty\STM32G0xx_HAL_Driver\Src\stm32g0xx_hal_i2c.o
LOAD Thirdparty\STM32G0xx_HAL_Driver\Src\stm32g0xx_hal_i2c_ex.o
LOAD Thirdparty\STM32G0xx_HAL_Driver\Src\stm32g0xx_hal_i2s.o
LOAD Thirdparty\STM32G0xx_HAL_Driver\Src\stm32g0xx_hal_irda.o
LOAD Thirdparty\STM32G0xx_HAL_Driver\Src\stm32g0xx_hal_iwdg.o
LOAD Thirdparty\STM32G0xx_HAL_Driver\Src\stm32g0xx_hal_lptim.o
LOAD Thirdparty\STM32G0xx_HAL_Driver\Src\stm32g0xx_hal_msp_template.o
LOAD Thirdparty\STM32G0xx_HAL_Driver\Src\stm32g0xx_hal_pcd.o
LOAD Thirdparty\STM32G0xx_HAL_Driver\Src\stm32g0xx_hal_pcd_ex.o
LOAD Thirdparty\STM32G0xx_HAL_Driver\Src\stm32g0xx_hal_pwr.o
LOAD Thirdparty\STM32G0xx_HAL_Driver\Src\stm32g0xx_hal_pwr_ex.o
LOAD Thirdparty\STM32G0xx_HAL_Driver\Src\stm32g0xx_hal_rcc.o
LOAD Thirdparty\STM32G0xx_HAL_Driver\Src\stm32g0xx_hal_rcc_ex.o
LOAD Thirdparty\STM32G0xx_HAL_Driver\Src\stm32g0xx_hal_rng.o
LOAD Thirdparty\STM32G0xx_HAL_Driver\Src\stm32g0xx_hal_rtc.o
LOAD Thirdparty\STM32G0xx_HAL_Driver\Src\stm32g0xx_hal_rtc_ex.o
LOAD Thirdparty\STM32G0xx_HAL_Driver\Src\stm32g0xx_hal_smartcard.o
LOAD Thirdparty\STM32G0xx_HAL_Driver\Src\stm32g0xx_hal_smartcard_ex.o
LOAD Thirdparty\STM32G0xx_HAL_Driver\Src\stm32g0xx_hal_smbus.o
LOAD Thirdparty\STM32G0xx_HAL_Driver\Src\stm32g0xx_hal_smbus_ex.o
LOAD Thirdparty\STM32G0xx_HAL_Driver\Src\stm32g0xx_hal_spi.o
LOAD Thirdparty\STM32G0xx_HAL_Driver\Src\stm32g0xx_hal_spi_ex.o
LOAD Thirdparty\STM32G0xx_HAL_Driver\Src\stm32g0xx_hal_tim.o
LOAD Thirdparty\STM32G0xx_HAL_Driver\Src\stm32g0xx_hal_tim_ex.o
LOAD Thirdparty\STM32G0xx_HAL_Driver\Src\stm32g0xx_hal_uart.o
LOAD Thirdparty\STM32G0xx_HAL_Driver\Src\stm32g0xx_hal_uart_ex.o
LOAD Thirdparty\STM32G0xx_HAL_Driver\Src\stm32g0xx_hal_usart.o
LOAD Thirdparty\STM32G0xx_HAL_Driver\Src\stm32g0xx_hal_usart_ex.o
LOAD Thirdparty\STM32G0xx_HAL_Driver\Src\stm32g0xx_hal_wwdg.o
LOAD Thirdparty\STM32G0xx_HAL_Driver\Src\stm32g0xx_ll_adc.o
LOAD Thirdparty\STM32G0xx_HAL_Driver\Src\stm32g0xx_ll_comp.o
LOAD Thirdparty\STM32G0xx_HAL_Driver\Src\stm32g0xx_ll_crc.o
LOAD Thirdparty\STM32G0xx_HAL_Driver\Src\stm32g0xx_ll_crs.o
LOAD Thirdparty\STM32G0xx_HAL_Driver\Src\stm32g0xx_ll_dac.o
LOAD Thirdparty\STM32G0xx_HAL_Driver\Src\stm32g0xx_ll_dma.o
LOAD Thirdparty\STM32G0xx_HAL_Driver\Src\stm32g0xx_ll_exti.o
LOAD Thirdparty\STM32G0xx_HAL_Driver\Src\stm32g0xx_ll_gpio.o
LOAD Thirdparty\STM32G0xx_HAL_Driver\Src\stm32g0xx_ll_i2c.o
LOAD Thirdparty\STM32G0xx_HAL_Driver\Src\stm32g0xx_ll_lptim.o
LOAD Thirdparty\STM32G0xx_HAL_Driver\Src\stm32g0xx_ll_lpuart.o
LOAD Thirdparty\STM32G0xx_HAL_Driver\Src\stm32g0xx_ll_pwr.o
LOAD Thirdparty\STM32G0xx_HAL_Driver\Src\stm32g0xx_ll_rcc.o
LOAD Thirdparty\STM32G0xx_HAL_Driver\Src\stm32g0xx_ll_rng.o
LOAD Thirdparty\STM32G0xx_HAL_Driver\Src\stm32g0xx_ll_rtc.o
LOAD Thirdparty\STM32G0xx_HAL_Driver\Src\stm32g0xx_ll_spi.o
LOAD Thirdparty\STM32G0xx_HAL_Driver\Src\stm32g0xx_ll_tim.o
LOAD Thirdparty\STM32G0xx_HAL_Driver\Src\stm32g0xx_ll_ucpd.o
LOAD Thirdparty\STM32G0xx_HAL_Driver\Src\stm32g0xx_ll_usart.o
LOAD Thirdparty\STM32G0xx_HAL_Driver\Src\stm32g0xx_ll_usb.o
LOAD Thirdparty\STM32G0xx_HAL_Driver\Src\stm32g0xx_ll_utils.o
LOAD User\main.o
START GROUP
LOAD c:/st/stm32cubeide_1.10.1/stm32cubeide/plugins/com.st.stm32cube.ide.mcu.externaltools.gnu-tools-for-stm32.10.3-2021.10.win32_1.0.0.202111181127/tools/bin/../lib/gcc/arm-none-eabi/10.3.1/../../../../arm-none-eabi/lib/thumb/v6-m/nofp\libc.a
LOAD c:/st/stm32cubeide_1.10.1/stm32cubeide/plugins/com.st.stm32cube.ide.mcu.externaltools.gnu-tools-for-stm32.10.3-2021.10.win32_1.0.0.202111181127/tools/bin/../lib/gcc/arm-none-eabi/10.3.1/../../../../arm-none-eabi/lib/thumb/v6-m/nofp\libm.a
END GROUP
START GROUP
LOAD c:/st/stm32cubeide_1.10.1/stm32cubeide/plugins/com.st.stm32cube.ide.mcu.externaltools.gnu-tools-for-stm32.10.3-2021.10.win32_1.0.0.202111181127/tools/bin/../lib/gcc/arm-none-eabi/10.3.1/thumb/v6-m/nofp\libgcc.a
LOAD c:/st/stm32cubeide_1.10.1/stm32cubeide/plugins/com.st.stm32cube.ide.mcu.externaltools.gnu-tools-for-stm32.10.3-2021.10.win32_1.0.0.202111181127/tools/bin/../lib/gcc/arm-none-eabi/10.3.1/../../../../arm-none-eabi/lib/thumb/v6-m/nofp\libc.a
END GROUP
START GROUP
LOAD c:/st/stm32cubeide_1.10.1/stm32cubeide/plugins/com.st.stm32cube.ide.mcu.externaltools.gnu-tools-for-stm32.10.3-2021.10.win32_1.0.0.202111181127/tools/bin/../lib/gcc/arm-none-eabi/10.3.1/thumb/v6-m/nofp\libgcc.a
LOAD c:/st/stm32cubeide_1.10.1/stm32cubeide/plugins/com.st.stm32cube.ide.mcu.externaltools.gnu-tools-for-stm32.10.3-2021.10.win32_1.0.0.202111181127/tools/bin/../lib/gcc/arm-none-eabi/10.3.1/../../../../arm-none-eabi/lib/thumb/v6-m/nofp\libc.a
LOAD c:/st/stm32cubeide_1.10.1/stm32cubeide/plugins/com.st.stm32cube.ide.mcu.externaltools.gnu-tools-for-stm32.10.3-2021.10.win32_1.0.0.202111181127/tools/bin/../lib/gcc/arm-none-eabi/10.3.1/../../../../arm-none-eabi/lib/thumb/v6-m/nofp\libnosys.a
END GROUP
LOAD c:/st/stm32cubeide_1.10.1/stm32cubeide/plugins/com.st.stm32cube.ide.mcu.externaltools.gnu-tools-for-stm32.10.3-2021.10.win32_1.0.0.202111181127/tools/bin/../lib/gcc/arm-none-eabi/10.3.1/thumb/v6-m/nofp/crtend.o
LOAD c:/st/stm32cubeide_1.10.1/stm32cubeide/plugins/com.st.stm32cube.ide.mcu.externaltools.gnu-tools-for-stm32.10.3-2021.10.win32_1.0.0.202111181127/tools/bin/../lib/gcc/arm-none-eabi/10.3.1/thumb/v6-m/nofp/crtn.o
                0x0000000020024000                _estack = (ORIGIN (RAM) + LENGTH (RAM))
                0x0000000000000200                _Min_Heap_Size = 0x200
                0x0000000000000400                _Min_Stack_Size = 0x400

.isr_vector     0x0000000008000000       0xbc
                0x0000000008000000                . = ALIGN (0x4)
 *(.isr_vector)
 .isr_vector    0x0000000008000000       0xbc H1DR5\startup_stm32g0b1ceuxn.o
                0x0000000008000000                g_pfnVectors
                0x00000000080000bc                . = ALIGN (0x4)

.text           0x00000000080000c0    0x2a5d0
                0x00000000080000c0                . = ALIGN (0x4)
 *(.text)
 .text          0x00000000080000c0       0x48 c:/st/stm32cubeide_1.10.1/stm32cubeide/plugins/com.st.stm32cube.ide.mcu.externaltools.gnu-tools-for-stm32.10.3-2021.10.win32_1.0.0.202111181127/tools/bin/../lib/gcc/arm-none-eabi/10.3.1/thumb/v6-m/nofp/crtbegin.o
 .text          0x0000000008000108       0x14 c:/st/stm32cubeide_1.10.1/stm32cubeide/plugins/com.st.stm32cube.ide.mcu.externaltools.gnu-tools-for-stm32.10.3-2021.10.win32_1.0.0.202111181127/tools/bin/../lib/gcc/arm-none-eabi/10.3.1/../../../../arm-none-eabi/lib/thumb/v6-m/nofp\libc.a(lib_a-strcmp.o)
                0x0000000008000108                strcmp
 .text          0x000000000800011c        0xe c:/st/stm32cubeide_1.10.1/stm32cubeide/plugins/com.st.stm32cube.ide.mcu.externaltools.gnu-tools-for-stm32.10.3-2021.10.win32_1.0.0.202111181127/tools/bin/../lib/gcc/arm-none-eabi/10.3.1/../../../../arm-none-eabi/lib/thumb/v6-m/nofp\libc.a(lib_a-strlen.o)
                0x000000000800011c                strlen
 *fill*         0x000000000800012a        0x2 
 .text          0x000000000800012c       0x14 c:/st/stm32cubeide_1.10.1/stm32cubeide/plugins/com.st.stm32cube.ide.mcu.externaltools.gnu-tools-for-stm32.10.3-2021.10.win32_1.0.0.202111181127/tools/bin/../lib/gcc/arm-none-eabi/10.3.1/thumb/v6-m/nofp\libgcc.a(_thumb1_case_uqi.o)
                0x000000000800012c                __gnu_thumb1_case_uqi
 .text          0x0000000008000140       0x14 c:/st/stm32cubeide_1.10.1/stm32cubeide/plugins/com.st.stm32cube.ide.mcu.externaltools.gnu-tools-for-stm32.10.3-2021.10.win32_1.0.0.202111181127/tools/bin/../lib/gcc/arm-none-eabi/10.3.1/thumb/v6-m/nofp\libgcc.a(_thumb1_case_uhi.o)
                0x0000000008000140                __gnu_thumb1_case_uhi
 .text          0x0000000008000154      0x114 c:/st/stm32cubeide_1.10.1/stm32cubeide/plugins/com.st.stm32cube.ide.mcu.externaltools.gnu-tools-for-stm32.10.3-2021.10.win32_1.0.0.202111181127/tools/bin/../lib/gcc/arm-none-eabi/10.3.1/thumb/v6-m/nofp\libgcc.a(_udivsi3.o)
                0x0000000008000154                __aeabi_uidiv
                0x0000000008000154                __udivsi3
                0x0000000008000260                __aeabi_uidivmod
 .text          0x0000000008000268      0x1d4 c:/st/stm32cubeide_1.10.1/stm32cubeide/plugins/com.st.stm32cube.ide.mcu.externaltools.gnu-tools-for-stm32.10.3-2021.10.win32_1.0.0.202111181127/tools/bin/../lib/gcc/arm-none-eabi/10.3.1/thumb/v6-m/nofp\libgcc.a(_divsi3.o)
                0x0000000008000268                __divsi3
                0x0000000008000268                __aeabi_idiv
                0x0000000008000434                __aeabi_idivmod
 .text          0x000000000800043c        0x4 c:/st/stm32cubeide_1.10.1/stm32cubeide/plugins/com.st.stm32cube.ide.mcu.externaltools.gnu-tools-for-stm32.10.3-2021.10.win32_1.0.0.202111181127/tools/bin/../lib/gcc/arm-none-eabi/10.3.1/thumb/v6-m/nofp\libgcc.a(_dvmd_tls.o)
                0x000000000800043c                __aeabi_idiv0
                0x000000000800043c                __aeabi_ldiv0
 .text          0x0000000008000440       0x7c c:/st/stm32cubeide_1.10.1/stm32cubeide/plugins/com.st.stm32cube.ide.mcu.externaltools.gnu-tools-for-stm32.10.3-2021.10.win32_1.0.0.202111181127/tools/bin/../lib/gcc/arm-none-eabi/10.3.1/thumb/v6-m/nofp\libgcc.a(_arm_cmpdf2.o)
                0x0000000008000440                __aeabi_cdrcmple
                0x0000000008000450                __aeabi_cdcmple
                0x0000000008000450                __aeabi_cdcmpeq
                0x0000000008000460                __aeabi_dcmpeq
                0x000000000800046c                __aeabi_dcmplt
                0x0000000008000480                __aeabi_dcmple
                0x0000000008000494                __aeabi_dcmpgt
                0x00000000080004a8                __aeabi_dcmpge
 .text          0x00000000080004bc       0x74 c:/st/stm32cubeide_1.10.1/stm32cubeide/plugins/com.st.stm32cube.ide.mcu.externaltools.gnu-tools-for-stm32.10.3-2021.10.win32_1.0.0.202111181127/tools/bin/../lib/gcc/arm-none-eabi/10.3.1/thumb/v6-m/nofp\libgcc.a(_arm_cmpsf2.o)
                0x00000000080004bc                __aeabi_cfrcmple
                0x00000000080004c4                __aeabi_cfcmpeq
                0x00000000080004c4                __aeabi_cfcmple
                0x00000000080004d4                __aeabi_fcmpeq
                0x00000000080004e0                __aeabi_fcmplt
                0x00000000080004f4                __aeabi_fcmple
                0x0000000008000508                __aeabi_fcmpgt
                0x000000000800051c                __aeabi_fcmpge
 .text          0x0000000008000530       0x14 c:/st/stm32cubeide_1.10.1/stm32cubeide/plugins/com.st.stm32cube.ide.mcu.externaltools.gnu-tools-for-stm32.10.3-2021.10.win32_1.0.0.202111181127/tools/bin/../lib/gcc/arm-none-eabi/10.3.1/thumb/v6-m/nofp\libgcc.a(_aeabi_ulcmp.o)
                0x0000000008000530                __aeabi_ulcmp
 .text          0x0000000008000544       0x40 c:/st/stm32cubeide_1.10.1/stm32cubeide/plugins/com.st.stm32cube.ide.mcu.externaltools.gnu-tools-for-stm32.10.3-2021.10.win32_1.0.0.202111181127/tools/bin/../lib/gcc/arm-none-eabi/10.3.1/thumb/v6-m/nofp\libgcc.a(_aeabi_uldivmod.o)
                0x0000000008000544                __aeabi_uldivmod
 .text          0x0000000008000584       0x5c c:/st/stm32cubeide_1.10.1/stm32cubeide/plugins/com.st.stm32cube.ide.mcu.externaltools.gnu-tools-for-stm32.10.3-2021.10.win32_1.0.0.202111181127/tools/bin/../lib/gcc/arm-none-eabi/10.3.1/thumb/v6-m/nofp\libgcc.a(_muldi3.o)
                0x0000000008000584                __muldi3
                0x0000000008000584                __aeabi_lmul
 .text          0x00000000080005e0       0x30 c:/st/stm32cubeide_1.10.1/stm32cubeide/plugins/com.st.stm32cube.ide.mcu.externaltools.gnu-tools-for-stm32.10.3-2021.10.win32_1.0.0.202111181127/tools/bin/../lib/gcc/arm-none-eabi/10.3.1/thumb/v6-m/nofp\libgcc.a(_fixunssfsi.o)
                0x00000000080005e0                __fixunssfsi
                0x00000000080005e0                __aeabi_f2uiz
 .text          0x0000000008000610       0x3c c:/st/stm32cubeide_1.10.1/stm32cubeide/plugins/com.st.stm32cube.ide.mcu.externaltools.gnu-tools-for-stm32.10.3-2021.10.win32_1.0.0.202111181127/tools/bin/../lib/gcc/arm-none-eabi/10.3.1/thumb/v6-m/nofp\libgcc.a(_fixunsdfsi.o)
                0x0000000008000610                __aeabi_d2uiz
                0x0000000008000610                __fixunsdfsi
 .text          0x000000000800064c       0x3c c:/st/stm32cubeide_1.10.1/stm32cubeide/plugins/com.st.stm32cube.ide.mcu.externaltools.gnu-tools-for-stm32.10.3-2021.10.win32_1.0.0.202111181127/tools/bin/../lib/gcc/arm-none-eabi/10.3.1/thumb/v6-m/nofp\libgcc.a(_fixdfdi.o)
                0x000000000800064c                __fixdfdi
                0x000000000800064c                __aeabi_d2lz
 .text          0x0000000008000688       0x3c c:/st/stm32cubeide_1.10.1/stm32cubeide/plugins/com.st.stm32cube.ide.mcu.externaltools.gnu-tools-for-stm32.10.3-2021.10.win32_1.0.0.202111181127/tools/bin/../lib/gcc/arm-none-eabi/10.3.1/thumb/v6-m/nofp\libgcc.a(_fixunsdfdi.o)
                0x0000000008000688                __fixunsdfdi
                0x0000000008000688                __aeabi_d2ulz
 .text          0x00000000080006c4       0x2c c:/st/stm32cubeide_1.10.1/stm32cubeide/plugins/com.st.stm32cube.ide.mcu.externaltools.gnu-tools-for-stm32.10.3-2021.10.win32_1.0.0.202111181127/tools/bin/../lib/gcc/arm-none-eabi/10.3.1/thumb/v6-m/nofp\libgcc.a(_floatdidf.o)
                0x00000000080006c4                __aeabi_l2d
                0x00000000080006c4                __floatdidf
 .text          0x00000000080006f0      0x198 c:/st/stm32cubeide_1.10.1/stm32cubeide/plugins/com.st.stm32cube.ide.mcu.externaltools.gnu-tools-for-stm32.10.3-2021.10.win32_1.0.0.202111181127/tools/bin/../lib/gcc/arm-none-eabi/10.3.1/thumb/v6-m/nofp\libgcc.a(_udivmoddi4.o)
                0x00000000080006f0                __udivmoddi4
 .text          0x0000000008000888       0x4c c:/st/stm32cubeide_1.10.1/stm32cubeide/plugins/com.st.stm32cube.ide.mcu.externaltools.gnu-tools-for-stm32.10.3-2021.10.win32_1.0.0.202111181127/tools/bin/../lib/gcc/arm-none-eabi/10.3.1/thumb/v6-m/nofp\libgcc.a(eqsf2.o)
                0x0000000008000888                __eqsf2
                0x0000000008000888                __nesf2
 .text          0x00000000080008d4       0x8c c:/st/stm32cubeide_1.10.1/stm32cubeide/plugins/com.st.stm32cube.ide.mcu.externaltools.gnu-tools-for-stm32.10.3-2021.10.win32_1.0.0.202111181127/tools/bin/../lib/gcc/arm-none-eabi/10.3.1/thumb/v6-m/nofp\libgcc.a(gesf2.o)
                0x00000000080008d4                __gesf2
                0x00000000080008d4                __gtsf2
 .text          0x0000000008000960       0x88 c:/st/stm32cubeide_1.10.1/stm32cubeide/plugins/com.st.stm32cube.ide.mcu.externaltools.gnu-tools-for-stm32.10.3-2021.10.win32_1.0.0.202111181127/tools/bin/../lib/gcc/arm-none-eabi/10.3.1/thumb/v6-m/nofp\libgcc.a(lesf2.o)
                0x0000000008000960                __ltsf2
                0x0000000008000960                __lesf2
 .text          0x00000000080009e8      0x24c c:/st/stm32cubeide_1.10.1/stm32cubeide/plugins/com.st.stm32cube.ide.mcu.externaltools.gnu-tools-for-stm32.10.3-2021.10.win32_1.0.0.202111181127/tools/bin/../lib/gcc/arm-none-eabi/10.3.1/thumb/v6-m/nofp\libgcc.a(mulsf3.o)
                0x00000000080009e8                __aeabi_fmul
 .text          0x0000000008000c34      0x35c c:/st/stm32cubeide_1.10.1/stm32cubeide/plugins/com.st.stm32cube.ide.mcu.externaltools.gnu-tools-for-stm32.10.3-2021.10.win32_1.0.0.202111181127/tools/bin/../lib/gcc/arm-none-eabi/10.3.1/thumb/v6-m/nofp\libgcc.a(subsf3.o)
                0x0000000008000c34                __aeabi_fsub
 .text          0x0000000008000f90       0x40 c:/st/stm32cubeide_1.10.1/stm32cubeide/plugins/com.st.stm32cube.ide.mcu.externaltools.gnu-tools-for-stm32.10.3-2021.10.win32_1.0.0.202111181127/tools/bin/../lib/gcc/arm-none-eabi/10.3.1/thumb/v6-m/nofp\libgcc.a(fixsfsi.o)
                0x0000000008000f90                __aeabi_f2iz
 .text          0x0000000008000fd0       0x84 c:/st/stm32cubeide_1.10.1/stm32cubeide/plugins/com.st.stm32cube.ide.mcu.externaltools.gnu-tools-for-stm32.10.3-2021.10.win32_1.0.0.202111181127/tools/bin/../lib/gcc/arm-none-eabi/10.3.1/thumb/v6-m/nofp\libgcc.a(floatunsisf.o)
                0x0000000008000fd0                __aeabi_ui2f
 .text          0x0000000008001054      0x678 c:/st/stm32cubeide_1.10.1/stm32cubeide/plugins/com.st.stm32cube.ide.mcu.externaltools.gnu-tools-for-stm32.10.3-2021.10.win32_1.0.0.202111181127/tools/bin/../lib/gcc/arm-none-eabi/10.3.1/thumb/v6-m/nofp\libgcc.a(adddf3.o)
                0x0000000008001054                __aeabi_dadd
 .text          0x00000000080016cc      0x5ec c:/st/stm32cubeide_1.10.1/stm32cubeide/plugins/com.st.stm32cube.ide.mcu.externaltools.gnu-tools-for-stm32.10.3-2021.10.win32_1.0.0.202111181127/tools/bin/../lib/gcc/arm-none-eabi/10.3.1/thumb/v6-m/nofp\libgcc.a(divdf3.o)
                0x00000000080016cc                __aeabi_ddiv
 .text          0x0000000008001cb8       0x84 c:/st/stm32cubeide_1.10.1/stm32cubeide/plugins/com.st.stm32cube.ide.mcu.externaltools.gnu-tools-for-stm32.10.3-2021.10.win32_1.0.0.202111181127/tools/bin/../lib/gcc/arm-none-eabi/10.3.1/thumb/v6-m/nofp\libgcc.a(eqdf2.o)
                0x0000000008001cb8                __nedf2
                0x0000000008001cb8                __eqdf2
 .text          0x0000000008001d3c       0xcc c:/st/stm32cubeide_1.10.1/stm32cubeide/plugins/com.st.stm32cube.ide.mcu.externaltools.gnu-tools-for-stm32.10.3-2021.10.win32_1.0.0.202111181127/tools/bin/../lib/gcc/arm-none-eabi/10.3.1/thumb/v6-m/nofp\libgcc.a(gedf2.o)
                0x0000000008001d3c                __gedf2
                0x0000000008001d3c                __gtdf2
 .text          0x0000000008001e08       0xc8 c:/st/stm32cubeide_1.10.1/stm32cubeide/plugins/com.st.stm32cube.ide.mcu.externaltools.gnu-tools-for-stm32.10.3-2021.10.win32_1.0.0.202111181127/tools/bin/../lib/gcc/arm-none-eabi/10.3.1/thumb/v6-m/nofp\libgcc.a(ledf2.o)
                0x0000000008001e08                __ledf2
                0x0000000008001e08                __ltdf2
 .text          0x0000000008001ed0      0x4d8 c:/st/stm32cubeide_1.10.1/stm32cubeide/plugins/com.st.stm32cube.ide.mcu.externaltools.gnu-tools-for-stm32.10.3-2021.10.win32_1.0.0.202111181127/tools/bin/../lib/gcc/arm-none-eabi/10.3.1/thumb/v6-m/nofp\libgcc.a(muldf3.o)
                0x0000000008001ed0                __aeabi_dmul
 .text          0x00000000080023a8      0x724 c:/st/stm32cubeide_1.10.1/stm32cubeide/plugins/com.st.stm32cube.ide.mcu.externaltools.gnu-tools-for-stm32.10.3-2021.10.win32_1.0.0.202111181127/tools/bin/../lib/gcc/arm-none-eabi/10.3.1/thumb/v6-m/nofp\libgcc.a(subdf3.o)
                0x00000000080023a8                __aeabi_dsub
 .text          0x0000000008002acc       0x3c c:/st/stm32cubeide_1.10.1/stm32cubeide/plugins/com.st.stm32cube.ide.mcu.externaltools.gnu-tools-for-stm32.10.3-2021.10.win32_1.0.0.202111181127/tools/bin/../lib/gcc/arm-none-eabi/10.3.1/thumb/v6-m/nofp\libgcc.a(unorddf2.o)
                0x0000000008002acc                __aeabi_dcmpun
 .text          0x0000000008002b08       0x6c c:/st/stm32cubeide_1.10.1/stm32cubeide/plugins/com.st.stm32cube.ide.mcu.externaltools.gnu-tools-for-stm32.10.3-2021.10.win32_1.0.0.202111181127/tools/bin/../lib/gcc/arm-none-eabi/10.3.1/thumb/v6-m/nofp\libgcc.a(fixdfsi.o)
                0x0000000008002b08                __aeabi_d2iz
 .text          0x0000000008002b74       0x60 c:/st/stm32cubeide_1.10.1/stm32cubeide/plugins/com.st.stm32cube.ide.mcu.externaltools.gnu-tools-for-stm32.10.3-2021.10.win32_1.0.0.202111181127/tools/bin/../lib/gcc/arm-none-eabi/10.3.1/thumb/v6-m/nofp\libgcc.a(floatsidf.o)
                0x0000000008002b74                __aeabi_i2d
 .text          0x0000000008002bd4       0x4c c:/st/stm32cubeide_1.10.1/stm32cubeide/plugins/com.st.stm32cube.ide.mcu.externaltools.gnu-tools-for-stm32.10.3-2021.10.win32_1.0.0.202111181127/tools/bin/../lib/gcc/arm-none-eabi/10.3.1/thumb/v6-m/nofp\libgcc.a(floatunsidf.o)
                0x0000000008002bd4                __aeabi_ui2d
 .text          0x0000000008002c20       0x90 c:/st/stm32cubeide_1.10.1/stm32cubeide/plugins/com.st.stm32cube.ide.mcu.externaltools.gnu-tools-for-stm32.10.3-2021.10.win32_1.0.0.202111181127/tools/bin/../lib/gcc/arm-none-eabi/10.3.1/thumb/v6-m/nofp\libgcc.a(extendsfdf2.o)
                0x0000000008002c20                __aeabi_f2d
 .text          0x0000000008002cb0      0x110 c:/st/stm32cubeide_1.10.1/stm32cubeide/plugins/com.st.stm32cube.ide.mcu.externaltools.gnu-tools-for-stm32.10.3-2021.10.win32_1.0.0.202111181127/tools/bin/../lib/gcc/arm-none-eabi/10.3.1/thumb/v6-m/nofp\libgcc.a(truncdfsf2.o)
                0x0000000008002cb0                __aeabi_d2f
 .text          0x0000000008002dc0       0x3c c:/st/stm32cubeide_1.10.1/stm32cubeide/plugins/com.st.stm32cube.ide.mcu.externaltools.gnu-tools-for-stm32.10.3-2021.10.win32_1.0.0.202111181127/tools/bin/../lib/gcc/arm-none-eabi/10.3.1/thumb/v6-m/nofp\libgcc.a(_clzsi2.o)
                0x0000000008002dc0                __clzsi2
 .text          0x0000000008002dfc       0x18 c:/st/stm32cubeide_1.10.1/stm32cubeide/plugins/com.st.stm32cube.ide.mcu.externaltools.gnu-tools-for-stm32.10.3-2021.10.win32_1.0.0.202111181127/tools/bin/../lib/gcc/arm-none-eabi/10.3.1/thumb/v6-m/nofp\libgcc.a(_clzdi2.o)
                0x0000000008002dfc                __clzdi2
 *(.text*)
 .text.__NVIC_SystemReset
                0x0000000008002e14       0x24 BOS\BOS.o
 .text.Processor_type
                0x0000000008002e38       0x92 BOS\BOS.o
                0x0000000008002e38                Processor_type
 *fill*         0x0000000008002eca        0x2 
 .text.Get_Module_Name
                0x0000000008002ecc       0x28 BOS\BOS.o
                0x0000000008002ecc                Get_Module_Name
 .text.Send_BOS_Message
                0x0000000008002ef4       0xfc BOS\BOS.o
                0x0000000008002ef4                Send_BOS_Message
 .text.LoadEEvars
                0x0000000008002ff0       0x2a BOS\BOS.o
                0x0000000008002ff0                LoadEEvars
 *fill*         0x000000000800301a        0x2 
 .text.LoadROtopology
                0x000000000800301c       0xfc BOS\BOS.o
                0x000000000800301c                LoadROtopology
 .text.LoadEEportsDir
                0x0000000008003118       0x68 BOS\BOS.o
                0x0000000008003118                LoadEEportsDir
 .text.LoadEEalias
                0x0000000008003180       0xd8 BOS\BOS.o
                0x0000000008003180                LoadEEalias
 .text.LoadEEgroup
                0x0000000008003258      0x120 BOS\BOS.o
                0x0000000008003258                LoadEEgroup
 .text.LoadEEstreams
                0x0000000008003378      0x21c BOS\BOS.o
                0x0000000008003378                LoadEEstreams
 .text.LoadEEparams
                0x0000000008003594      0x260 BOS\BOS.o
                0x0000000008003594                LoadEEparams
 .text.LoadEEbuttons
                0x00000000080037f4      0x2ec BOS\BOS.o
                0x00000000080037f4                LoadEEbuttons
 .text.LoadROsnippets
                0x0000000008003ae0      0x1d8 BOS\BOS.o
                0x0000000008003ae0                LoadROsnippets
 .text.SaveEEportsDir
                0x0000000008003cb8       0x78 BOS\BOS.o
                0x0000000008003cb8                SaveEEportsDir
 .text.SaveEEalias
                0x0000000008003d30       0xd4 BOS\BOS.o
                0x0000000008003d30                SaveEEalias
 .text.SaveEEstreams
                0x0000000008003e04       0xdc BOS\BOS.o
                0x0000000008003e04                SaveEEstreams
 .text.SaveEEparams
                0x0000000008003ee0       0xf8 BOS\BOS.o
                0x0000000008003ee0                SaveEEparams
 .text.ClearEEportsDir
                0x0000000008003fd8       0x84 BOS\BOS.o
                0x0000000008003fd8                ClearEEportsDir
 .text.EE_FormatForFactoryReset
                0x000000000800405c       0x2c BOS\BOS.o
                0x000000000800405c                EE_FormatForFactoryReset
 .text.IsLowerCLIbaud
                0x0000000008004088       0xe8 BOS\BOS.o
                0x0000000008004088                IsLowerCLIbaud
 .text.IsModuleParameter
                0x0000000008004170       0x64 BOS\BOS.o
                0x0000000008004170                IsModuleParameter
 .text.IsMathOperator
                0x00000000080041d4       0xc4 BOS\BOS.o
                0x00000000080041d4                IsMathOperator
 .text.BOS_Init
                0x0000000008004298      0x130 BOS\BOS.o
                0x0000000008004298                BOS_Init
 .text.Module_Init
                0x00000000080043c8       0x1e BOS\BOS.o
                0x00000000080043c8                Module_Init
 *fill*         0x00000000080043e6        0x2 
 .text.ExploreNeighbors
                0x00000000080043e8       0x90 BOS\BOS.o
                0x00000000080043e8                ExploreNeighbors
 .text.FindBroadcastRoutes
                0x0000000008004478      0x3b0 BOS\BOS.o
                0x0000000008004478                FindBroadcastRoutes
 .text.FindRoute
                0x0000000008004828      0x2dc BOS\BOS.o
                0x0000000008004828                FindRoute
 .text.minArr   0x0000000008004b04       0x88 BOS\BOS.o
                0x0000000008004b04                minArr
 .text.QnotEmpty
                0x0000000008004b8c       0x50 BOS\BOS.o
                0x0000000008004b8c                QnotEmpty
 .text.DisplayTopology
                0x0000000008004bdc      0x258 BOS\BOS.o
                0x0000000008004bdc                DisplayTopology
 .text.DisplayPortsDir
                0x0000000008004e34      0x118 BOS\BOS.o
                0x0000000008004e34                DisplayPortsDir
 .text.DisplayModuleStatus
                0x0000000008004f4c      0x3c0 BOS\BOS.o
                0x0000000008004f4c                DisplayModuleStatus
 .text.GetID    0x000000000800530c      0x15c BOS\BOS.o
                0x000000000800530c                GetID
 .text.NameModule
                0x0000000008005468      0x140 BOS\BOS.o
                0x0000000008005468                NameModule
 .text.AddModuleToGroup
                0x00000000080055a8      0x1b8 BOS\BOS.o
                0x00000000080055a8                AddModuleToGroup
 .text.WriteToRemote
                0x0000000008005760      0x460 BOS\BOS.o
                0x0000000008005760                WriteToRemote
 .text.GetDateString
                0x0000000008005bc0       0x5c BOS\BOS.o
                0x0000000008005bc0                GetDateString
 .text.Bridge   0x0000000008005c1c       0x4c BOS\BOS.o
                0x0000000008005c1c                Bridge
 .text.Unbridge
                0x0000000008005c68       0xcc BOS\BOS.o
                0x0000000008005c68                Unbridge
 .text.prvCLITask
                0x0000000008005d34      0x244 BOS\BOS_CLI.o
                0x0000000008005d34                prvCLITask
 .text.CLI_CommandParser
                0x0000000008005f78      0x574 BOS\BOS_CLI.o
                0x0000000008005f78                CLI_CommandParser
 .text.StringToLowerCase
                0x00000000080064ec       0x6c BOS\BOS_CLI.o
                0x00000000080064ec                StringToLowerCase
 .text.AddSnippet
                0x0000000008006558      0x1b4 BOS\BOS_CLI.o
                0x0000000008006558                AddSnippet
 .text.ParseSnippetCondition
                0x000000000800670c      0x7f8 BOS\BOS_CLI.o
                0x000000000800670c                ParseSnippetCondition
 .text.ParseSnippetCommand
                0x0000000008006f04       0xc8 BOS\BOS_CLI.o
                0x0000000008006f04                ParseSnippetCommand
 .text.CheckSnippetCondition
                0x0000000008006fcc      0x1b4 BOS\BOS_CLI.o
                0x0000000008006fcc                CheckSnippetCondition
 .text.ExecuteSnippet
                0x0000000008007180       0xd0 BOS\BOS_CLI.o
                0x0000000008007180                ExecuteSnippet
 .text.__NVIC_SystemReset
                0x0000000008007250       0x24 BOS\BOS_CLIcommands.o
 .text.RegisterUserCLICommands
                0x0000000008007274        0xa BOS\BOS_CLIcommands.o
                0x0000000008007274                RegisterUserCLICommands
 *fill*         0x000000000800727e        0x2 
 .text.vRegisterCLICommands
                0x0000000008007280      0x1b0 BOS\BOS_CLIcommands.o
                0x0000000008007280                vRegisterCLICommands
 .text.prvTaskStatsCommand
                0x0000000008007430       0x40 BOS\BOS_CLIcommands.o
 .text.prvRunTimeStatsCommand
                0x0000000008007470       0x40 BOS\BOS_CLIcommands.o
 .text.pingCommand
                0x00000000080074b0       0x98 BOS\BOS_CLIcommands.o
 .text.bootloaderUpdateCommand
                0x0000000008007548      0x1fc BOS\BOS_CLIcommands.o
 .text.exploreCommand
                0x0000000008007744       0x16 BOS\BOS_CLIcommands.o
 .text.resetCommand
                0x000000000800775a       0x10 BOS\BOS_CLIcommands.o
 *fill*         0x000000000800776a        0x2 
 .text.nameCommand
                0x000000000800776c       0xe8 BOS\BOS_CLIcommands.o
 .text.groupCommand
                0x0000000008007854      0x2fc BOS\BOS_CLIcommands.o
 .text.statusCommand
                0x0000000008007b50       0x1c BOS\BOS_CLIcommands.o
 .text.infoCommand
                0x0000000008007b6c       0xfc BOS\BOS_CLIcommands.o
 .text.scastCommand
                0x0000000008007c68      0x2dc BOS\BOS_CLIcommands.o
 .text.addbuttonCommand
                0x0000000008007f44      0x150 BOS\BOS_CLIcommands.o
 .text.removebuttonCommand
                0x0000000008008094       0x94 BOS\BOS_CLIcommands.o
 .text.setCommand
                0x0000000008008128      0xbf8 BOS\BOS_CLIcommands.o
 .text.getCommand
                0x0000000008008d20      0x3b4 BOS\BOS_CLIcommands.o
 .text.defaultCommand
                0x00000000080090d4       0xf8 BOS\BOS_CLIcommands.o
 .text.timeCommand
                0x00000000080091cc       0xd8 BOS\BOS_CLIcommands.o
 .text.dateCommand
                0x00000000080092a4       0x34 BOS\BOS_CLIcommands.o
 .text.setBaudrateCommand
                0x00000000080092d8       0xc0 BOS\BOS_CLIcommands.o
 .text.uuidCommand
                0x0000000008009398       0x70 BOS\BOS_CLIcommands.o
 .text.idcodeCommand
                0x0000000008009408       0xe0 BOS\BOS_CLIcommands.o
 .text.flashsizeCommand
                0x00000000080094e8       0x34 BOS\BOS_CLIcommands.o
 .text.snipCommand
                0x000000000800951c      0x3ac BOS\BOS_CLIcommands.o
 .text.actSnipCommand
                0x00000000080098c8       0xb8 BOS\BOS_CLIcommands.o
 .text.pauseSnipCommand
                0x0000000008009980       0xb8 BOS\BOS_CLIcommands.o
 .text.delSnipCommand
                0x0000000008009a38      0x1d4 BOS\BOS_CLIcommands.o
 .text.bridgeCommand
                0x0000000008009c0c      0x11c BOS\BOS_CLIcommands.o
 .text.unbridgeCommand
                0x0000000008009d28      0x11c BOS\BOS_CLIcommands.o
 .text.testportCommand
                0x0000000008009e44      0x2e8 BOS\BOS_CLIcommands.o
 .text.ADCReadCommand
                0x000000000800a12c      0x134 BOS\BOS_CLIcommands.o
 .text.ReadTempCommand
                0x000000000800a260       0x54 BOS\BOS_CLIcommands.o
 .text.ReadVrefCommand
                0x000000000800a2b4       0x54 BOS\BOS_CLIcommands.o
 .text.GetReadPrecentageCommand
                0x000000000800a308       0x98 BOS\BOS_CLIcommands.o
 .text.StartDMAstream
                0x000000000800a3a0       0xb0 BOS\BOS_dma.o
                0x000000000800a3a0                StartDMAstream
 .text.ResetUartORE
                0x000000000800a450       0x48 BOS\BOS_dma.o
                0x000000000800a450                ResetUartORE
 .text.MX_FREERTOS_Init
                0x000000000800a498      0x214 BOS\BOS_freertos.o
                0x000000000800a498                MX_FREERTOS_Init
 .text.StartDefaultTask
                0x000000000800a6ac       0xc8 BOS\BOS_freertos.o
                0x000000000800a6ac                StartDefaultTask
 .text.ExecuteMonitor
                0x000000000800a774      0x4c8 BOS\BOS_freertos.o
                0x000000000800a774                ExecuteMonitor
 .text.vMainConfigureTimerForRunTimeStats
                0x000000000800ac3c       0x2c BOS\BOS_freertos.o
                0x000000000800ac3c                vMainConfigureTimerForRunTimeStats
 .text.ulMainGetRunTimeCounterValue
                0x000000000800ac68       0x90 BOS\BOS_freertos.o
                0x000000000800ac68                ulMainGetRunTimeCounterValue
 .text.SetupDMAStreams
                0x000000000800acf8      0x27c BOS\BOS_messaging.o
                0x000000000800acf8                SetupDMAStreams
 .text.StreamTimerCallback
                0x000000000800af74       0x34 BOS\BOS_messaging.o
                0x000000000800af74                StreamTimerCallback
 .text.ForwardReceivedMessage
                0x000000000800afa8       0x80 BOS\BOS_messaging.o
                0x000000000800afa8                ForwardReceivedMessage
 .text.BroadcastReceivedMessage
                0x000000000800b028       0x70 BOS\BOS_messaging.o
                0x000000000800b028                BroadcastReceivedMessage
 .text.NotifyMessagingTask
                0x000000000800b098       0x90 BOS\BOS_messaging.o
                0x000000000800b098                NotifyMessagingTask
 .text.BroadcastMessage
                0x000000000800b128       0x94 BOS\BOS_messaging.o
                0x000000000800b128                BroadcastMessage
 .text.SendMessageToModule
                0x000000000800b1bc       0xa4 BOS\BOS_messaging.o
                0x000000000800b1bc                SendMessageToModule
 .text.SendMessageFromPort
                0x000000000800b260      0x6b4 BOS\BOS_messaging.o
                0x000000000800b260                SendMessageFromPort
 .text.StartScastDMAStream
                0x000000000800b914      0x30c BOS\BOS_messaging.o
                0x000000000800b914                StartScastDMAStream
 .text.__NVIC_SystemReset
                0x000000000800bc20       0x24 BOS\BOS_msgparser.o
 .text.BackEndTask
                0x000000000800bc44      0x850 BOS\BOS_msgparser.o
                0x000000000800bc44                BackEndTask
 .text.PxMessagingTask
                0x000000000800c494     0x4614 BOS\BOS_msgparser.o
                0x000000000800c494                PxMessagingTask
 .text.User_MessagingParser
                0x0000000008010aa8       0x3a BOS\BOS_msgparser.o
                0x0000000008010aa8                User_MessagingParser
 *fill*         0x0000000008010ae2        0x2 
 .text.enc28j60_read_op
                0x0000000008010ae4       0x90 Ethernet_Library\enc28j60.o
                0x0000000008010ae4                enc28j60_read_op
 .text.enc28j60_write_op
                0x0000000008010b74       0x78 Ethernet_Library\enc28j60.o
                0x0000000008010b74                enc28j60_write_op
 .text.enc28j60_set_bank
                0x0000000008010bec       0x64 Ethernet_Library\enc28j60.o
                0x0000000008010bec                enc28j60_set_bank
 .text.enc28j60_rcr
                0x0000000008010c50       0x2c Ethernet_Library\enc28j60.o
                0x0000000008010c50                enc28j60_rcr
 .text.enc28j60_wcr
                0x0000000008010c7c       0x34 Ethernet_Library\enc28j60.o
                0x0000000008010c7c                enc28j60_wcr
 .text.enc28j60_wcr16
                0x0000000008010cb0       0x50 Ethernet_Library\enc28j60.o
                0x0000000008010cb0                enc28j60_wcr16
 .text.enc28j60_bfc
                0x0000000008010d00       0x34 Ethernet_Library\enc28j60.o
                0x0000000008010d00                enc28j60_bfc
 .text.enc28j60_bfs
                0x0000000008010d34       0x34 Ethernet_Library\enc28j60.o
                0x0000000008010d34                enc28j60_bfs
 .text.enc28j60_read_buffer
                0x0000000008010d68       0x6c Ethernet_Library\enc28j60.o
                0x0000000008010d68                enc28j60_read_buffer
 .text.enc28j60_write_buffer
                0x0000000008010dd4       0x6c Ethernet_Library\enc28j60.o
                0x0000000008010dd4                enc28j60_write_buffer
 .text.enc28j60_write_phy
                0x0000000008010e40       0x46 Ethernet_Library\enc28j60.o
                0x0000000008010e40                enc28j60_write_phy
 *fill*         0x0000000008010e86        0x2 
 .text.enc28j60_init
                0x0000000008010e88      0x10c Ethernet_Library\enc28j60.o
                0x0000000008010e88                enc28j60_init
 .text.enc28j60_send_packet
                0x0000000008010f94       0x9c Ethernet_Library\enc28j60.o
                0x0000000008010f94                enc28j60_send_packet
 .text.enc28j60_recv_packet
                0x0000000008011030       0xc0 Ethernet_Library\enc28j60.o
                0x0000000008011030                enc28j60_recv_packet
 .text.ether_send_udp
                0x00000000080110f0       0x78 Ethernet_Library\lan.o
                0x00000000080110f0                ether_send_udp
 .text.udp_send
                0x0000000008011168      0x1c8 Ethernet_Library\lan.o
                0x0000000008011168                udp_send
 .text.udp_reply
                0x0000000008011330      0x17a Ethernet_Library\lan.o
                0x0000000008011330                udp_reply
 *fill*         0x00000000080114aa        0x2 
 .text.udp_filter
                0x00000000080114ac       0x78 Ethernet_Library\lan.o
                0x00000000080114ac                udp_filter
 .text.udp_filter_answer
                0x0000000008011524       0x38 Ethernet_Library\lan.o
                0x0000000008011524                udp_filter_answer
 .text.icmp_filter
                0x000000000801155c       0x7e Ethernet_Library\lan.o
                0x000000000801155c                icmp_filter
 .text.ip_cksum
                0x00000000080115da       0x84 Ethernet_Library\lan.o
                0x00000000080115da                ip_cksum
 *fill*         0x000000000801165e        0x2 
 .text.ip_send  0x0000000008011660      0x1d0 Ethernet_Library\lan.o
                0x0000000008011660                ip_send
 .text.ip_reply
                0x0000000008011830      0x1ac Ethernet_Library\lan.o
                0x0000000008011830                ip_reply
 .text.ip_filter
                0x00000000080119dc       0xd4 Ethernet_Library\lan.o
                0x00000000080119dc                ip_filter
 .text.arp_search_cache
                0x0000000008011ab0       0x6c Ethernet_Library\lan.o
                0x0000000008011ab0                arp_search_cache
 .text.arp_resolve
                0x0000000008011b1c      0x18c Ethernet_Library\lan.o
                0x0000000008011b1c                arp_resolve
 .text.arp_filter
                0x0000000008011ca8      0x25c Ethernet_Library\lan.o
                0x0000000008011ca8                arp_filter
 .text.eth_send
                0x0000000008011f04       0x40 Ethernet_Library\lan.o
                0x0000000008011f04                eth_send
 .text.eth_reply
                0x0000000008011f44       0x4c Ethernet_Library\lan.o
                0x0000000008011f44                eth_reply
 .text.lan_init
                0x0000000008011f90       0x18 Ethernet_Library\lan.o
                0x0000000008011f90                lan_init
 .text.lan_poll
                0x0000000008011fa8       0xdc Ethernet_Library\lan.o
                0x0000000008011fa8                lan_poll
 .text.SystemClock_Config
                0x0000000008012084       0xfc H1DR5\H1DR5.o
                0x0000000008012084                SystemClock_Config
 .text.SaveToRO
                0x0000000008012180      0x414 H1DR5\H1DR5.o
                0x0000000008012180                SaveToRO
 .text.ClearROtopology
                0x0000000008012594       0x38 H1DR5\H1DR5.o
                0x0000000008012594                ClearROtopology
 .text.remoteBootloaderUpdate
                0x00000000080125cc      0x178 H1DR5\H1DR5.o
                0x00000000080125cc                remoteBootloaderUpdate
 .text.SetupPortForRemoteBootloaderUpdate
                0x0000000008012744       0x52 H1DR5\H1DR5.o
                0x0000000008012744                SetupPortForRemoteBootloaderUpdate
 *fill*         0x0000000008012796        0x2 
 .text.Module_Peripheral_Init
                0x0000000008012798      0x160 H1DR5\H1DR5.o
                0x0000000008012798                Module_Peripheral_Init
 .text.Module_MessagingTask
                0x00000000080128f8      0x27c H1DR5\H1DR5.o
                0x00000000080128f8                Module_MessagingTask
 .text.RegisterModuleCLICommands
                0x0000000008012b74       0x3c H1DR5\H1DR5.o
                0x0000000008012b74                RegisterModuleCLICommands
 .text.GetPort  0x0000000008012bb0       0x80 H1DR5\H1DR5.o
                0x0000000008012bb0                GetPort
 .text.ProcessEthernetDataTask
                0x0000000008012c30       0x88 H1DR5\H1DR5.o
                0x0000000008012c30                ProcessEthernetDataTask
 .text.EthernetSendData
                0x0000000008012cb8       0x58 H1DR5\H1DR5.o
                0x0000000008012cb8                EthernetSendData
 .text.Set_IP_Address
                0x0000000008012d10       0x88 H1DR5\H1DR5.o
                0x0000000008012d10                Set_IP_Address
 .text.Set_SubnetMask
                0x0000000008012d98       0x88 H1DR5\H1DR5.o
                0x0000000008012d98                Set_SubnetMask
 .text.Set_DefaultGateway
                0x0000000008012e20       0x88 H1DR5\H1DR5.o
                0x0000000008012e20                Set_DefaultGateway
 .text.CLI_Ethernet_Send_DataCommand
                0x0000000008012ea8       0x8c H1DR5\H1DR5.o
                0x0000000008012ea8                CLI_Ethernet_Send_DataCommand
 .text.CLI_Set_IP_AddressCommand
                0x0000000008012f34      0x1dc H1DR5\H1DR5.o
                0x0000000008012f34                CLI_Set_IP_AddressCommand
 .text.CLI_Set_SubnetMaskCommand
                0x0000000008013110      0x1dc H1DR5\H1DR5.o
                0x0000000008013110                CLI_Set_SubnetMaskCommand
 .text.CLI_Set_DefaultGatewayCommand
                0x00000000080132ec      0x1dc H1DR5\H1DR5.o
                0x00000000080132ec                CLI_Set_DefaultGatewayCommand
 .text.DMA_Init
                0x00000000080134c8       0x44 H1DR5\H1DR5_dma.o
                0x00000000080134c8                DMA_Init
 .text.DMA_MSG_RX_CH_Init
                0x000000000801350c       0x4c H1DR5\H1DR5_dma.o
                0x000000000801350c                DMA_MSG_RX_CH_Init
 .text.DMA_STREAM_CH_Init
                0x0000000008013558       0x4c H1DR5\H1DR5_dma.o
                0x0000000008013558                DMA_STREAM_CH_Init
 .text.SetupMessagingRxDMAs
                0x00000000080135a4       0x9c H1DR5\H1DR5_dma.o
                0x00000000080135a4                SetupMessagingRxDMAs
 .text.DMA_MSG_RX_Setup
                0x0000000008013640       0x38 H1DR5\H1DR5_dma.o
                0x0000000008013640                DMA_MSG_RX_Setup
 .text.DMA_MSG_TX_UnSetup
                0x0000000008013678       0x28 H1DR5\H1DR5_dma.o
                0x0000000008013678                DMA_MSG_TX_UnSetup
 .text.DMA_STREAM_Setup
                0x00000000080136a0       0x5c H1DR5\H1DR5_dma.o
                0x00000000080136a0                DMA_STREAM_Setup
 .text.StopStreamDMA
                0x00000000080136fc       0x60 H1DR5\H1DR5_dma.o
                0x00000000080136fc                StopStreamDMA
 .text.StopMsgDMA
                0x000000000801375c       0x3c H1DR5\H1DR5_dma.o
                0x000000000801375c                StopMsgDMA
 .text.SwitchMsgDMAToStream
                0x0000000008013798       0x50 H1DR5\H1DR5_dma.o
                0x0000000008013798                SwitchMsgDMAToStream
 .text.SwitchStreamDMAToMsg
                0x00000000080137e8       0xc4 H1DR5\H1DR5_dma.o
                0x00000000080137e8                SwitchStreamDMAToMsg
 .text.SetupDMAInterrupts
                0x00000000080138ac      0x118 H1DR5\H1DR5_dma.o
                0x00000000080138ac                SetupDMAInterrupts
 .text.UnSetupDMAInterrupts
                0x00000000080139c4       0xe4 H1DR5\H1DR5_dma.o
                0x00000000080139c4                UnSetupDMAInterrupts
 .text.RemapAndLinkDMAtoUARTRx
                0x0000000008013aa8       0x12 H1DR5\H1DR5_dma.o
                0x0000000008013aa8                RemapAndLinkDMAtoUARTRx
 *fill*         0x0000000008013aba        0x2 
 .text.CRC_Init
                0x0000000008013abc       0x44 H1DR5\H1DR5_dma.o
                0x0000000008013abc                CRC_Init
 .text.HAL_CRC_MspInit
                0x0000000008013b00       0x30 H1DR5\H1DR5_dma.o
                0x0000000008013b00                HAL_CRC_MspInit
 .text.CalculateCRC8
                0x0000000008013b30      0x154 H1DR5\H1DR5_dma.o
                0x0000000008013b30                CalculateCRC8
 .text.EE_Init  0x0000000008013c84      0x684 H1DR5\H1DR5_eeprom.o
                0x0000000008013c84                EE_Init
 .text.EE_ReadVariable
                0x0000000008014308       0xc0 H1DR5\H1DR5_eeprom.o
                0x0000000008014308                EE_ReadVariable
 .text.EE_WriteVariable
                0x00000000080143c8       0x64 H1DR5\H1DR5_eeprom.o
                0x00000000080143c8                EE_WriteVariable
 .text.EE_Format
                0x000000000801442c      0x14c H1DR5\H1DR5_eeprom.o
                0x000000000801442c                EE_Format
 .text.EE_FindValidPage
                0x0000000008014578       0x90 H1DR5\H1DR5_eeprom.o
 .text.EE_VerifyPageFullWriteVariable
                0x0000000008014608      0x160 H1DR5\H1DR5_eeprom.o
 .text.EE_PageTransfer
                0x0000000008014768      0x228 H1DR5\H1DR5_eeprom.o
 .text.EraseSector
                0x0000000008014990       0x60 H1DR5\H1DR5_eeprom.o
                0x0000000008014990                EraseSector
 .text.GPIO_Init
                0x00000000080149f0       0x90 H1DR5\H1DR5_gpio.o
                0x00000000080149f0                GPIO_Init
 .text.Ethernet_GPIO_Init
                0x0000000008014a80       0xd4 H1DR5\H1DR5_gpio.o
                0x0000000008014a80                Ethernet_GPIO_Init
 .text.IND_LED_Init
                0x0000000008014b54       0x38 H1DR5\H1DR5_gpio.o
                0x0000000008014b54                IND_LED_Init
 .text.IsFactoryReset
                0x0000000008014b8c      0x15c H1DR5\H1DR5_gpio.o
                0x0000000008014b8c                IsFactoryReset
 .text.GetPortGPIOs
                0x0000000008014ce8      0x124 H1DR5\H1DR5_gpio.o
                0x0000000008014ce8                GetPortGPIOs
 .text.buttonPressedCallback
                0x0000000008014e0c       0x14 H1DR5\H1DR5_inputs.o
                0x0000000008014e0c                buttonPressedCallback
 .text.CheckAttachedButtons
                0x0000000008014e20      0x7ac H1DR5\H1DR5_inputs.o
                0x0000000008014e20                CheckAttachedButtons
 .text.CheckForTimedButtonPress
                0x00000000080155cc       0xfc H1DR5\H1DR5_inputs.o
                0x00000000080155cc                CheckForTimedButtonPress
 .text.CheckForTimedButtonRelease
                0x00000000080156c8       0xfc H1DR5\H1DR5_inputs.o
                0x00000000080156c8                CheckForTimedButtonRelease
 .text.AddPortButton
                0x00000000080157c4      0x268 H1DR5\H1DR5_inputs.o
                0x00000000080157c4                AddPortButton
 .text.RemovePortButton
                0x0000000008015a2c      0x200 H1DR5\H1DR5_inputs.o
                0x0000000008015a2c                RemovePortButton
 .text.SetButtonEvents
                0x0000000008015c2c      0x77c H1DR5\H1DR5_inputs.o
                0x0000000008015c2c                SetButtonEvents
 .text.MX_ADC_Init
                0x00000000080163a8       0x88 H1DR5\H1DR5_inputs.o
                0x00000000080163a8                MX_ADC_Init
 .text.HAL_ADC_MspInit
                0x0000000008016430       0x84 H1DR5\H1DR5_inputs.o
                0x0000000008016430                HAL_ADC_MspInit
 .text.ADCSelectChannel
                0x00000000080164b4       0xa0 H1DR5\H1DR5_inputs.o
                0x00000000080164b4                ADCSelectChannel
 .text.ReadADCChannel
                0x0000000008016554      0x10c H1DR5\H1DR5_inputs.o
                0x0000000008016554                ReadADCChannel
 .text.ReadTempAndVref
                0x0000000008016660      0x1f0 H1DR5\H1DR5_inputs.o
                0x0000000008016660                ReadTempAndVref
 .text.GetReadPrecentage
                0x0000000008016850      0x220 H1DR5\H1DR5_inputs.o
                0x0000000008016850                GetReadPrecentage
 .text.Get_channel
                0x0000000008016a70       0x8c H1DR5\H1DR5_inputs.o
                0x0000000008016a70                Get_channel
 .text.Error_Handler
                0x0000000008016afc       0x10 H1DR5\H1DR5_inputs.o
                0x0000000008016afc                Error_Handler
 .text.Get_Rank
                0x0000000008016b0c       0x84 H1DR5\H1DR5_inputs.o
                0x0000000008016b0c                Get_Rank
 .text.buttonReleasedCallback
                0x0000000008016b90       0x14 H1DR5\H1DR5_inputs.o
                0x0000000008016b90                buttonReleasedCallback
 .text.buttonClickedCallback
                0x0000000008016ba4       0x14 H1DR5\H1DR5_inputs.o
                0x0000000008016ba4                buttonClickedCallback
 .text.buttonDblClickedCallback
                0x0000000008016bb8       0x14 H1DR5\H1DR5_inputs.o
                0x0000000008016bb8                buttonDblClickedCallback
 .text.buttonPressedForXCallback
                0x0000000008016bcc       0x1a H1DR5\H1DR5_inputs.o
                0x0000000008016bcc                buttonPressedForXCallback
 .text.buttonReleasedForYCallback
                0x0000000008016be6       0x1a H1DR5\H1DR5_inputs.o
                0x0000000008016be6                buttonReleasedForYCallback
 .text.__NVIC_SystemReset
                0x0000000008016c00       0x24 H1DR5\H1DR5_it.o
 .text.SysTick_Handler
                0x0000000008016c24       0x12 H1DR5\H1DR5_it.o
                0x0000000008016c24                SysTick_Handler
 *fill*         0x0000000008016c36        0x2 
 .text.HardFault_Handler
                0x0000000008016c38       0x40 H1DR5\H1DR5_it.o
                0x0000000008016c38                HardFault_Handler
 .text.USART1_IRQHandler
                0x0000000008016c78       0x24 H1DR5\H1DR5_it.o
                0x0000000008016c78                USART1_IRQHandler
 .text.USART2_LPUART2_IRQHandler
                0x0000000008016c9c       0x30 H1DR5\H1DR5_it.o
                0x0000000008016c9c                USART2_LPUART2_IRQHandler
 .text.USART3_4_5_6_LPUART1_IRQHandler
                0x0000000008016ccc       0x54 H1DR5\H1DR5_it.o
                0x0000000008016ccc                USART3_4_5_6_LPUART1_IRQHandler
 .text.HAL_UART_TxCpltCallback
                0x0000000008016d20       0x48 H1DR5\H1DR5_it.o
                0x0000000008016d20                HAL_UART_TxCpltCallback
 .text.HAL_UART_ErrorCallback
                0x0000000008016d68       0x78 H1DR5\H1DR5_it.o
                0x0000000008016d68                HAL_UART_ErrorCallback
 .text.HAL_UART_RxCpltCallback
                0x0000000008016de0       0x10 H1DR5\H1DR5_it.o
                0x0000000008016de0                HAL_UART_RxCpltCallback
 .text.vApplicationStackOverflowHook
                0x0000000008016df0       0x44 H1DR5\H1DR5_it.o
                0x0000000008016df0                vApplicationStackOverflowHook
 .text.vApplicationMallocFailedHook
                0x0000000008016e34       0x40 H1DR5\H1DR5_it.o
                0x0000000008016e34                vApplicationMallocFailedHook
 .text.RTC_Init
                0x0000000008016e74       0xc4 H1DR5\H1DR5_rtc.o
                0x0000000008016e74                RTC_Init
 .text.RTC_CalendarConfig
                0x0000000008016f38      0x18c H1DR5\H1DR5_rtc.o
                0x0000000008016f38                RTC_CalendarConfig
 .text.BOS_CalendarConfig
                0x00000000080170c4      0x128 H1DR5\H1DR5_rtc.o
                0x00000000080170c4                BOS_CalendarConfig
 .text.GetTimeDate
                0x00000000080171ec       0x90 H1DR5\H1DR5_rtc.o
                0x00000000080171ec                GetTimeDate
 .text.MX_SPI1_Init
                0x000000000801727c       0x74 H1DR5\H1DR5_spi.o
                0x000000000801727c                MX_SPI1_Init
 .text.HAL_SPI_MspInit
                0x00000000080172f0       0x94 H1DR5\H1DR5_spi.o
                0x00000000080172f0                HAL_SPI_MspInit
 .text.TIM_USEC_Init
                0x0000000008017384       0x74 H1DR5\H1DR5_timers.o
                0x0000000008017384                TIM_USEC_Init
 .text.TIM_MSEC_Init
                0x00000000080173f8       0x78 H1DR5\H1DR5_timers.o
                0x00000000080173f8                TIM_MSEC_Init
 .text.StartMicroDelay
                0x0000000008017470       0x48 H1DR5\H1DR5_timers.o
                0x0000000008017470                StartMicroDelay
 .text.StartMilliDelay
                0x00000000080174b8       0x48 H1DR5\H1DR5_timers.o
                0x00000000080174b8                StartMilliDelay
 .text.MX_USART2_UART_Init
                0x0000000008017500       0x7c H1DR5\H1DR5_uart.o
                0x0000000008017500                MX_USART2_UART_Init
 .text.MX_USART3_UART_Init
                0x000000000801757c       0x7c H1DR5\H1DR5_uart.o
                0x000000000801757c                MX_USART3_UART_Init
 .text.MX_USART4_UART_Init
                0x00000000080175f8       0x60 H1DR5\H1DR5_uart.o
                0x00000000080175f8                MX_USART4_UART_Init
 .text.MX_USART5_UART_Init
                0x0000000008017658       0x60 H1DR5\H1DR5_uart.o
                0x0000000008017658                MX_USART5_UART_Init
 .text.MX_USART6_UART_Init
                0x00000000080176b8       0x60 H1DR5\H1DR5_uart.o
                0x00000000080176b8                MX_USART6_UART_Init
 .text.HAL_UART_MspInit
                0x0000000008017718      0x4ac H1DR5\H1DR5_uart.o
                0x0000000008017718                HAL_UART_MspInit
 .text.writePxMutex
                0x0000000008017bc4       0xac H1DR5\H1DR5_uart.o
                0x0000000008017bc4                writePxMutex
 .text.writePxITMutex
                0x0000000008017c70       0x78 H1DR5\H1DR5_uart.o
                0x0000000008017c70                writePxITMutex
 .text.UpdateBaudrate
                0x0000000008017ce8       0x3e H1DR5\H1DR5_uart.o
                0x0000000008017ce8                UpdateBaudrate
 *fill*         0x0000000008017d26        0x2 
 .text.GetUart  0x0000000008017d28       0x54 H1DR5\H1DR5_uart.o
                0x0000000008017d28                GetUart
 .text.SwapUartPins
                0x0000000008017d7c       0xd0 H1DR5\H1DR5_uart.o
                0x0000000008017d7c                SwapUartPins
 .text.ReadPortsDir
                0x0000000008017e4c       0xa8 H1DR5\H1DR5_uart.o
                0x0000000008017e4c                ReadPortsDir
 .text.ReadPortsDirMSG
                0x0000000008017ef4       0x80 H1DR5\H1DR5_uart.o
                0x0000000008017ef4                ReadPortsDirMSG
 .text.UpdateMyPortsDir
                0x0000000008017f74       0x84 H1DR5\H1DR5_uart.o
                0x0000000008017f74                UpdateMyPortsDir
 .text.Reset_Handler
                0x0000000008017ff8       0x90 H1DR5\startup_stm32g0b1ceuxn.o
                0x0000000008017ff8                Reset_Handler
 .text.Default_Handler
                0x0000000008018088        0x2 H1DR5\startup_stm32g0b1ceuxn.o
                0x0000000008018088                I2C2_3_IRQHandler
                0x0000000008018088                TIM1_CC_IRQHandler
                0x0000000008018088                ADC1_COMP_IRQHandler
                0x0000000008018088                NMI_Handler
                0x0000000008018088                I2C1_IRQHandler
                0x0000000008018088                TIM7_LPTIM2_IRQHandler
                0x0000000008018088                TIM17_FDCAN_IT1_IRQHandler
                0x0000000008018088                DMA1_Ch4_7_DMA2_Ch1_5_DMAMUX1_OVR_IRQHandler
                0x0000000008018088                RCC_CRS_IRQHandler
                0x0000000008018088                RTC_TAMP_IRQHandler
                0x0000000008018088                SPI1_IRQHandler
                0x0000000008018088                USB_UCPD1_2_IRQHandler
                0x0000000008018088                EXTI2_3_IRQHandler
                0x0000000008018088                PVD_VDDIO2_IRQHandler
                0x0000000008018088                EXTI4_15_IRQHandler
                0x0000000008018088                DMA1_Channel1_IRQHandler
                0x0000000008018088                Default_Handler
                0x0000000008018088                CEC_IRQHandler
                0x0000000008018088                TIM14_IRQHandler
                0x0000000008018088                TIM15_IRQHandler
                0x0000000008018088                TIM3_TIM4_IRQHandler
                0x0000000008018088                EXTI0_1_IRQHandler
                0x0000000008018088                SPI2_3_IRQHandler
                0x0000000008018088                TIM6_DAC_LPTIM1_IRQHandler
                0x0000000008018088                WWDG_IRQHandler
                0x0000000008018088                TIM2_IRQHandler
                0x0000000008018088                DMA1_Channel2_3_IRQHandler
                0x0000000008018088                FLASH_IRQHandler
                0x0000000008018088                TIM16_FDCAN_IT0_IRQHandler
                0x0000000008018088                TIM1_BRK_UP_TRG_COM_IRQHandler
 .text.SystemInit
                0x000000000801808a        0xa Thirdparty\CMSIS\STM32G0xx\Device\ST\STM32G0xx\Source\Templates\system_stm32g0xx.o
                0x000000000801808a                SystemInit
 .text.inHandlerMode
                0x0000000008018094       0x1c Thirdparty\Middleware\STM32G0xx\FreeRTOS\Source\CMSIS_RTOS\cmsis_os.o
 .text.osKernelStart
                0x00000000080180b0       0x10 Thirdparty\Middleware\STM32G0xx\FreeRTOS\Source\CMSIS_RTOS\cmsis_os.o
                0x00000000080180b0                osKernelStart
 .text.osDelay  0x00000000080180c0       0x28 Thirdparty\Middleware\STM32G0xx\FreeRTOS\Source\CMSIS_RTOS\cmsis_os.o
                0x00000000080180c0                osDelay
 .text.osSemaphoreCreate
                0x00000000080180e8       0x4a Thirdparty\Middleware\STM32G0xx\FreeRTOS\Source\CMSIS_RTOS\cmsis_os.o
                0x00000000080180e8                osSemaphoreCreate
 *fill*         0x0000000008018132        0x2 
 .text.osSemaphoreWait
                0x0000000008018134       0x94 Thirdparty\Middleware\STM32G0xx\FreeRTOS\Source\CMSIS_RTOS\cmsis_os.o
                0x0000000008018134                osSemaphoreWait
 .text.osSemaphoreRelease
                0x00000000080181c8       0x64 Thirdparty\Middleware\STM32G0xx\FreeRTOS\Source\CMSIS_RTOS\cmsis_os.o
                0x00000000080181c8                osSemaphoreRelease
 .text.osSystickHandler
                0x000000000801822c       0x18 Thirdparty\Middleware\STM32G0xx\FreeRTOS\Source\CMSIS_RTOS\cmsis_os.o
                0x000000000801822c                osSystickHandler
 .text.FreeRTOS_CLIRegisterCommand
                0x0000000008018244       0x50 Thirdparty\Middleware\STM32G0xx\FreeRTOS\Source\FreeRTOS_CLI.o
                0x0000000008018244                FreeRTOS_CLIRegisterCommand
 .text.FreeRTOS_CLIProcessCommand
                0x0000000008018294      0x11c Thirdparty\Middleware\STM32G0xx\FreeRTOS\Source\FreeRTOS_CLI.o
                0x0000000008018294                FreeRTOS_CLIProcessCommand
 .text.FreeRTOS_CLIGetOutputBuffer
                0x00000000080183b0       0x10 Thirdparty\Middleware\STM32G0xx\FreeRTOS\Source\FreeRTOS_CLI.o
                0x00000000080183b0                FreeRTOS_CLIGetOutputBuffer
 .text.FreeRTOS_CLIGetParameter
                0x00000000080183c0       0xbc Thirdparty\Middleware\STM32G0xx\FreeRTOS\Source\FreeRTOS_CLI.o
                0x00000000080183c0                FreeRTOS_CLIGetParameter
 .text.prvHelpCommand
                0x000000000801847c      0x154 Thirdparty\Middleware\STM32G0xx\FreeRTOS\Source\FreeRTOS_CLI.o
 .text.prvGetNumberOfParameters
                0x00000000080185d0       0x7a Thirdparty\Middleware\STM32G0xx\FreeRTOS\Source\FreeRTOS_CLI.o
 .text.vListInitialise
                0x000000000801864a       0x3c Thirdparty\Middleware\STM32G0xx\FreeRTOS\Source\list.o
                0x000000000801864a                vListInitialise
 .text.vListInitialiseItem
                0x0000000008018686       0x16 Thirdparty\Middleware\STM32G0xx\FreeRTOS\Source\list.o
                0x0000000008018686                vListInitialiseItem
 .text.vListInsertEnd
                0x000000000801869c       0x44 Thirdparty\Middleware\STM32G0xx\FreeRTOS\Source\list.o
                0x000000000801869c                vListInsertEnd
 .text.vListInsert
                0x00000000080186e0       0x6c Thirdparty\Middleware\STM32G0xx\FreeRTOS\Source\list.o
                0x00000000080186e0                vListInsert
 .text.uxListRemove
                0x000000000801874c       0x50 Thirdparty\Middleware\STM32G0xx\FreeRTOS\Source\list.o
                0x000000000801874c                uxListRemove
 .text.pxPortInitialiseStack
                0x000000000801879c       0x54 Thirdparty\Middleware\STM32G0xx\FreeRTOS\Source\portable\GCC\ARM_CM0\port.o
                0x000000000801879c                pxPortInitialiseStack
 .text.prvTaskExitError
                0x00000000080187f0       0x1e Thirdparty\Middleware\STM32G0xx\FreeRTOS\Source\portable\GCC\ARM_CM0\port.o
 .text.SVC_Handler
                0x000000000801880e        0xa Thirdparty\Middleware\STM32G0xx\FreeRTOS\Source\portable\GCC\ARM_CM0\port.o
                0x000000000801880e                SVC_Handler
 *fill*         0x0000000008018818        0x8 
 .text.vPortStartFirstTask
                0x0000000008018820       0x38 Thirdparty\Middleware\STM32G0xx\FreeRTOS\Source\portable\GCC\ARM_CM0\port.o
 .text.xPortStartScheduler
                0x0000000008018858       0x48 Thirdparty\Middleware\STM32G0xx\FreeRTOS\Source\portable\GCC\ARM_CM0\port.o
                0x0000000008018858                xPortStartScheduler
 .text.vPortYield
                0x00000000080188a0       0x20 Thirdparty\Middleware\STM32G0xx\FreeRTOS\Source\portable\GCC\ARM_CM0\port.o
                0x00000000080188a0                vPortYield
 .text.vPortEnterCritical
                0x00000000080188c0       0x24 Thirdparty\Middleware\STM32G0xx\FreeRTOS\Source\portable\GCC\ARM_CM0\port.o
                0x00000000080188c0                vPortEnterCritical
 .text.vPortExitCritical
                0x00000000080188e4       0x24 Thirdparty\Middleware\STM32G0xx\FreeRTOS\Source\portable\GCC\ARM_CM0\port.o
                0x00000000080188e4                vPortExitCritical
 .text.ulSetInterruptMaskFromISR
                0x0000000008018908        0xc Thirdparty\Middleware\STM32G0xx\FreeRTOS\Source\portable\GCC\ARM_CM0\port.o
                0x0000000008018908                ulSetInterruptMaskFromISR
 .text.vClearInterruptMaskFromISR
                0x0000000008018914        0x8 Thirdparty\Middleware\STM32G0xx\FreeRTOS\Source\portable\GCC\ARM_CM0\port.o
                0x0000000008018914                vClearInterruptMaskFromISR
 *fill*         0x000000000801891c        0x4 
 .text.PendSV_Handler
                0x0000000008018920       0x48 Thirdparty\Middleware\STM32G0xx\FreeRTOS\Source\portable\GCC\ARM_CM0\port.o
                0x0000000008018920                PendSV_Handler
 .text.xPortSysTickHandler
                0x0000000008018968       0x34 Thirdparty\Middleware\STM32G0xx\FreeRTOS\Source\portable\GCC\ARM_CM0\port.o
                0x0000000008018968                xPortSysTickHandler
 .text.vPortSetupTimerInterrupt
                0x000000000801899c       0x44 Thirdparty\Middleware\STM32G0xx\FreeRTOS\Source\portable\GCC\ARM_CM0\port.o
                0x000000000801899c                vPortSetupTimerInterrupt
 .text.pvPortMalloc
                0x00000000080189e0      0x140 Thirdparty\Middleware\STM32G0xx\FreeRTOS\Source\portable\MemMang\heap_4.o
                0x00000000080189e0                pvPortMalloc
 .text.vPortFree
                0x0000000008018b20       0x80 Thirdparty\Middleware\STM32G0xx\FreeRTOS\Source\portable\MemMang\heap_4.o
                0x0000000008018b20                vPortFree
 .text.prvHeapInit
                0x0000000008018ba0       0xc0 Thirdparty\Middleware\STM32G0xx\FreeRTOS\Source\portable\MemMang\heap_4.o
 .text.prvInsertBlockIntoFreeList
                0x0000000008018c60       0xb0 Thirdparty\Middleware\STM32G0xx\FreeRTOS\Source\portable\MemMang\heap_4.o
 .text.xQueueGenericReset
                0x0000000008018d10       0x9e Thirdparty\Middleware\STM32G0xx\FreeRTOS\Source\queue.o
                0x0000000008018d10                xQueueGenericReset
 .text.xQueueGenericCreate
                0x0000000008018dae       0x52 Thirdparty\Middleware\STM32G0xx\FreeRTOS\Source\queue.o
                0x0000000008018dae                xQueueGenericCreate
 .text.prvInitialiseNewQueue
                0x0000000008018e00       0x4e Thirdparty\Middleware\STM32G0xx\FreeRTOS\Source\queue.o
 .text.xQueueCreateCountingSemaphore
                0x0000000008018e4e       0x30 Thirdparty\Middleware\STM32G0xx\FreeRTOS\Source\queue.o
                0x0000000008018e4e                xQueueCreateCountingSemaphore
 .text.xQueueGenericSend
                0x0000000008018e7e      0x12a Thirdparty\Middleware\STM32G0xx\FreeRTOS\Source\queue.o
                0x0000000008018e7e                xQueueGenericSend
 .text.xQueueGenericSendFromISR
                0x0000000008018fa8       0xa6 Thirdparty\Middleware\STM32G0xx\FreeRTOS\Source\queue.o
                0x0000000008018fa8                xQueueGenericSendFromISR
 .text.xQueueGiveFromISR
                0x000000000801904e       0x96 Thirdparty\Middleware\STM32G0xx\FreeRTOS\Source\queue.o
                0x000000000801904e                xQueueGiveFromISR
 .text.xQueueReceive
                0x00000000080190e4      0x128 Thirdparty\Middleware\STM32G0xx\FreeRTOS\Source\queue.o
                0x00000000080190e4                xQueueReceive
 .text.xQueueSemaphoreTake
                0x000000000801920c      0x178 Thirdparty\Middleware\STM32G0xx\FreeRTOS\Source\queue.o
                0x000000000801920c                xQueueSemaphoreTake
 .text.xQueueReceiveFromISR
                0x0000000008019384       0xa0 Thirdparty\Middleware\STM32G0xx\FreeRTOS\Source\queue.o
                0x0000000008019384                xQueueReceiveFromISR
 .text.prvGetDisinheritPriorityAfterTimeout
                0x0000000008019424       0x2c Thirdparty\Middleware\STM32G0xx\FreeRTOS\Source\queue.o
 .text.prvCopyDataToQueue
                0x0000000008019450       0xd6 Thirdparty\Middleware\STM32G0xx\FreeRTOS\Source\queue.o
 .text.prvCopyDataFromQueue
                0x0000000008019526       0x4c Thirdparty\Middleware\STM32G0xx\FreeRTOS\Source\queue.o
 .text.prvUnlockQueue
                0x0000000008019572       0xbc Thirdparty\Middleware\STM32G0xx\FreeRTOS\Source\queue.o
 .text.prvIsQueueEmpty
                0x000000000801962e       0x2c Thirdparty\Middleware\STM32G0xx\FreeRTOS\Source\queue.o
 .text.prvIsQueueFull
                0x000000000801965a       0x30 Thirdparty\Middleware\STM32G0xx\FreeRTOS\Source\queue.o
 *fill*         0x000000000801968a        0x2 
 .text.vQueueAddToRegistry
                0x000000000801968c       0x50 Thirdparty\Middleware\STM32G0xx\FreeRTOS\Source\queue.o
                0x000000000801968c                vQueueAddToRegistry
 .text.vQueueWaitForMessageRestricted
                0x00000000080196dc       0x66 Thirdparty\Middleware\STM32G0xx\FreeRTOS\Source\queue.o
                0x00000000080196dc                vQueueWaitForMessageRestricted
 .text.xTaskCreate
                0x0000000008019742       0x90 Thirdparty\Middleware\STM32G0xx\FreeRTOS\Source\tasks.o
                0x0000000008019742                xTaskCreate
 *fill*         0x00000000080197d2        0x2 
 .text.prvInitialiseNewTask
                0x00000000080197d4      0x10c Thirdparty\Middleware\STM32G0xx\FreeRTOS\Source\tasks.o
 .text.prvAddNewTaskToReadyList
                0x00000000080198e0       0xd0 Thirdparty\Middleware\STM32G0xx\FreeRTOS\Source\tasks.o
 .text.vTaskDelay
                0x00000000080199b0       0x3a Thirdparty\Middleware\STM32G0xx\FreeRTOS\Source\tasks.o
                0x00000000080199b0                vTaskDelay
 *fill*         0x00000000080199ea        0x2 
 .text.eTaskGetState
                0x00000000080199ec       0xd0 Thirdparty\Middleware\STM32G0xx\FreeRTOS\Source\tasks.o
                0x00000000080199ec                eTaskGetState
 .text.uxTaskPriorityGet
                0x0000000008019abc       0x34 Thirdparty\Middleware\STM32G0xx\FreeRTOS\Source\tasks.o
                0x0000000008019abc                uxTaskPriorityGet
 .text.vTaskPrioritySet
                0x0000000008019af0      0x110 Thirdparty\Middleware\STM32G0xx\FreeRTOS\Source\tasks.o
                0x0000000008019af0                vTaskPrioritySet
 .text.vTaskStartScheduler
                0x0000000008019c00       0x74 Thirdparty\Middleware\STM32G0xx\FreeRTOS\Source\tasks.o
                0x0000000008019c00                vTaskStartScheduler
 .text.vTaskSuspendAll
                0x0000000008019c74       0x18 Thirdparty\Middleware\STM32G0xx\FreeRTOS\Source\tasks.o
                0x0000000008019c74                vTaskSuspendAll
 .text.xTaskResumeAll
                0x0000000008019c8c      0x10c Thirdparty\Middleware\STM32G0xx\FreeRTOS\Source\tasks.o
                0x0000000008019c8c                xTaskResumeAll
 .text.xTaskGetTickCount
                0x0000000008019d98       0x1c Thirdparty\Middleware\STM32G0xx\FreeRTOS\Source\tasks.o
                0x0000000008019d98                xTaskGetTickCount
 .text.xTaskGetTickCountFromISR
                0x0000000008019db4       0x20 Thirdparty\Middleware\STM32G0xx\FreeRTOS\Source\tasks.o
                0x0000000008019db4                xTaskGetTickCountFromISR
 .text.uxTaskGetSystemState
                0x0000000008019dd4      0x120 Thirdparty\Middleware\STM32G0xx\FreeRTOS\Source\tasks.o
                0x0000000008019dd4                uxTaskGetSystemState
 .text.xTaskIncrementTick
                0x0000000008019ef4      0x150 Thirdparty\Middleware\STM32G0xx\FreeRTOS\Source\tasks.o
                0x0000000008019ef4                xTaskIncrementTick
 .text.vTaskSwitchContext
                0x000000000801a044      0x124 Thirdparty\Middleware\STM32G0xx\FreeRTOS\Source\tasks.o
                0x000000000801a044                vTaskSwitchContext
 .text.vTaskPlaceOnEventList
                0x000000000801a168       0x34 Thirdparty\Middleware\STM32G0xx\FreeRTOS\Source\tasks.o
                0x000000000801a168                vTaskPlaceOnEventList
 .text.vTaskPlaceOnEventListRestricted
                0x000000000801a19c       0x44 Thirdparty\Middleware\STM32G0xx\FreeRTOS\Source\tasks.o
                0x000000000801a19c                vTaskPlaceOnEventListRestricted
 .text.xTaskRemoveFromEventList
                0x000000000801a1e0       0xb0 Thirdparty\Middleware\STM32G0xx\FreeRTOS\Source\tasks.o
                0x000000000801a1e0                xTaskRemoveFromEventList
 .text.vTaskInternalSetTimeOutState
                0x000000000801a290       0x28 Thirdparty\Middleware\STM32G0xx\FreeRTOS\Source\tasks.o
                0x000000000801a290                vTaskInternalSetTimeOutState
 .text.xTaskCheckForTimeOut
                0x000000000801a2b8       0x8c Thirdparty\Middleware\STM32G0xx\FreeRTOS\Source\tasks.o
                0x000000000801a2b8                xTaskCheckForTimeOut
 .text.vTaskMissedYield
                0x000000000801a344       0x14 Thirdparty\Middleware\STM32G0xx\FreeRTOS\Source\tasks.o
                0x000000000801a344                vTaskMissedYield
 .text.prvIdleTask
                0x000000000801a358       0x20 Thirdparty\Middleware\STM32G0xx\FreeRTOS\Source\tasks.o
 .text.prvInitialiseTaskLists
                0x000000000801a378       0x88 Thirdparty\Middleware\STM32G0xx\FreeRTOS\Source\tasks.o
 .text.prvCheckTasksWaitingTermination
                0x000000000801a400       0x5c Thirdparty\Middleware\STM32G0xx\FreeRTOS\Source\tasks.o
 .text.vTaskGetInfo
                0x000000000801a45c       0xd8 Thirdparty\Middleware\STM32G0xx\FreeRTOS\Source\tasks.o
                0x000000000801a45c                vTaskGetInfo
 .text.prvListTasksWithinSingleList
                0x000000000801a534       0xa6 Thirdparty\Middleware\STM32G0xx\FreeRTOS\Source\tasks.o
 .text.prvTaskCheckFreeStackSpace
                0x000000000801a5da       0x34 Thirdparty\Middleware\STM32G0xx\FreeRTOS\Source\tasks.o
 .text.prvDeleteTCB
                0x000000000801a60e       0x22 Thirdparty\Middleware\STM32G0xx\FreeRTOS\Source\tasks.o
 .text.prvResetNextTaskUnblockTime
                0x000000000801a630       0x3c Thirdparty\Middleware\STM32G0xx\FreeRTOS\Source\tasks.o
 .text.xTaskGetSchedulerState
                0x000000000801a66c       0x38 Thirdparty\Middleware\STM32G0xx\FreeRTOS\Source\tasks.o
                0x000000000801a66c                xTaskGetSchedulerState
 .text.xTaskPriorityInherit
                0x000000000801a6a4       0xd0 Thirdparty\Middleware\STM32G0xx\FreeRTOS\Source\tasks.o
                0x000000000801a6a4                xTaskPriorityInherit
 .text.xTaskPriorityDisinherit
                0x000000000801a774       0x98 Thirdparty\Middleware\STM32G0xx\FreeRTOS\Source\tasks.o
                0x000000000801a774                xTaskPriorityDisinherit
 .text.vTaskPriorityDisinheritAfterTimeout
                0x000000000801a80c       0xc0 Thirdparty\Middleware\STM32G0xx\FreeRTOS\Source\tasks.o
                0x000000000801a80c                vTaskPriorityDisinheritAfterTimeout
 .text.prvWriteNameToBuffer
                0x000000000801a8cc       0x52 Thirdparty\Middleware\STM32G0xx\FreeRTOS\Source\tasks.o
 *fill*         0x000000000801a91e        0x2 
 .text.vTaskList
                0x000000000801a920      0x14c Thirdparty\Middleware\STM32G0xx\FreeRTOS\Source\tasks.o
                0x000000000801a920                vTaskList
 .text.vTaskGetRunTimeStats
                0x000000000801aa6c      0x118 Thirdparty\Middleware\STM32G0xx\FreeRTOS\Source\tasks.o
                0x000000000801aa6c                vTaskGetRunTimeStats
 .text.pvTaskIncrementMutexHeldCount
                0x000000000801ab84       0x24 Thirdparty\Middleware\STM32G0xx\FreeRTOS\Source\tasks.o
                0x000000000801ab84                pvTaskIncrementMutexHeldCount
 .text.ulTaskNotifyTake
                0x000000000801aba8       0x84 Thirdparty\Middleware\STM32G0xx\FreeRTOS\Source\tasks.o
                0x000000000801aba8                ulTaskNotifyTake
 .text.xTaskGenericNotify
                0x000000000801ac2c      0x104 Thirdparty\Middleware\STM32G0xx\FreeRTOS\Source\tasks.o
                0x000000000801ac2c                xTaskGenericNotify
 .text.xTaskGenericNotifyFromISR
                0x000000000801ad30      0x140 Thirdparty\Middleware\STM32G0xx\FreeRTOS\Source\tasks.o
                0x000000000801ad30                xTaskGenericNotifyFromISR
 .text.prvAddCurrentTaskToDelayedList
                0x000000000801ae70       0xa8 Thirdparty\Middleware\STM32G0xx\FreeRTOS\Source\tasks.o
 .text.xTimerCreateTimerTask
                0x000000000801af18       0x4c Thirdparty\Middleware\STM32G0xx\FreeRTOS\Source\timers.o
                0x000000000801af18                xTimerCreateTimerTask
 .text.xTimerCreate
                0x000000000801af64       0x46 Thirdparty\Middleware\STM32G0xx\FreeRTOS\Source\timers.o
                0x000000000801af64                xTimerCreate
 .text.prvInitialiseNewTimer
                0x000000000801afaa       0x5a Thirdparty\Middleware\STM32G0xx\FreeRTOS\Source\timers.o
 .text.xTimerGenericCommand
                0x000000000801b004       0x8c Thirdparty\Middleware\STM32G0xx\FreeRTOS\Source\timers.o
                0x000000000801b004                xTimerGenericCommand
 .text.prvProcessExpiredTimer
                0x000000000801b090       0x80 Thirdparty\Middleware\STM32G0xx\FreeRTOS\Source\timers.o
 .text.prvTimerTask
                0x000000000801b110       0x28 Thirdparty\Middleware\STM32G0xx\FreeRTOS\Source\timers.o
 .text.prvProcessTimerOrBlockTask
                0x000000000801b138       0x90 Thirdparty\Middleware\STM32G0xx\FreeRTOS\Source\timers.o
 .text.prvGetNextExpireTime
                0x000000000801b1c8       0x44 Thirdparty\Middleware\STM32G0xx\FreeRTOS\Source\timers.o
 .text.prvSampleTimeNow
                0x000000000801b20c       0x40 Thirdparty\Middleware\STM32G0xx\FreeRTOS\Source\timers.o
 .text.prvInsertTimerInActiveList
                0x000000000801b24c       0x84 Thirdparty\Middleware\STM32G0xx\FreeRTOS\Source\timers.o
 .text.prvProcessReceivedCommands
                0x000000000801b2d0      0x16c Thirdparty\Middleware\STM32G0xx\FreeRTOS\Source\timers.o
 .text.prvSwitchTimerLists
                0x000000000801b43c       0xb0 Thirdparty\Middleware\STM32G0xx\FreeRTOS\Source\timers.o
 .text.prvCheckForValidListAndQueue
                0x000000000801b4ec       0x74 Thirdparty\Middleware\STM32G0xx\FreeRTOS\Source\timers.o
 .text.pvTimerGetTimerID
                0x000000000801b560       0x24 Thirdparty\Middleware\STM32G0xx\FreeRTOS\Source\timers.o
                0x000000000801b560                pvTimerGetTimerID
 .text.HAL_Init
                0x000000000801b584       0x40 Thirdparty\STM32G0xx_HAL_Driver\Src\stm32g0xx_hal.o
                0x000000000801b584                HAL_Init
 .text.HAL_InitTick
                0x000000000801b5c4       0x94 Thirdparty\STM32G0xx_HAL_Driver\Src\stm32g0xx_hal.o
                0x000000000801b5c4                HAL_InitTick
 .text.HAL_IncTick
                0x000000000801b658       0x24 Thirdparty\STM32G0xx_HAL_Driver\Src\stm32g0xx_hal.o
                0x000000000801b658                HAL_IncTick
 .text.HAL_GetTick
                0x000000000801b67c       0x14 Thirdparty\STM32G0xx_HAL_Driver\Src\stm32g0xx_hal.o
                0x000000000801b67c                HAL_GetTick
 .text.HAL_Delay
                0x000000000801b690       0x48 Thirdparty\STM32G0xx_HAL_Driver\Src\stm32g0xx_hal.o
                0x000000000801b690                HAL_Delay
 .text.HAL_GetREVID
                0x000000000801b6d8       0x18 Thirdparty\STM32G0xx_HAL_Driver\Src\stm32g0xx_hal.o
                0x000000000801b6d8                HAL_GetREVID
 .text.HAL_GetDEVID
                0x000000000801b6f0       0x18 Thirdparty\STM32G0xx_HAL_Driver\Src\stm32g0xx_hal.o
                0x000000000801b6f0                HAL_GetDEVID
 .text.LL_ADC_SetCommonPathInternalCh
                0x000000000801b708       0x28 Thirdparty\STM32G0xx_HAL_Driver\Src\stm32g0xx_hal_adc.o
 .text.LL_ADC_GetCommonPathInternalCh
                0x000000000801b730       0x1a Thirdparty\STM32G0xx_HAL_Driver\Src\stm32g0xx_hal_adc.o
 .text.LL_ADC_SetSamplingTimeCommonChannels
                0x000000000801b74a       0x3a Thirdparty\STM32G0xx_HAL_Driver\Src\stm32g0xx_hal_adc.o
 .text.LL_ADC_GetSamplingTimeCommonChannels
                0x000000000801b784       0x2e Thirdparty\STM32G0xx_HAL_Driver\Src\stm32g0xx_hal_adc.o
 .text.LL_ADC_REG_IsTriggerSourceSWStart
                0x000000000801b7b2       0x22 Thirdparty\STM32G0xx_HAL_Driver\Src\stm32g0xx_hal_adc.o
 .text.LL_ADC_REG_SetSequencerRanks
                0x000000000801b7d4       0x40 Thirdparty\STM32G0xx_HAL_Driver\Src\stm32g0xx_hal_adc.o
 .text.LL_ADC_REG_SetSequencerChAdd
                0x000000000801b814       0x22 Thirdparty\STM32G0xx_HAL_Driver\Src\stm32g0xx_hal_adc.o
 .text.LL_ADC_REG_SetSequencerChRem
                0x000000000801b836       0x24 Thirdparty\STM32G0xx_HAL_Driver\Src\stm32g0xx_hal_adc.o
 *fill*         0x000000000801b85a        0x2 
 .text.LL_ADC_SetChannelSamplingTime
                0x000000000801b85c       0x38 Thirdparty\STM32G0xx_HAL_Driver\Src\stm32g0xx_hal_adc.o
 .text.LL_ADC_EnableInternalRegulator
                0x000000000801b894       0x28 Thirdparty\STM32G0xx_HAL_Driver\Src\stm32g0xx_hal_adc.o
 .text.LL_ADC_IsInternalRegulatorEnabled
                0x000000000801b8bc       0x28 Thirdparty\STM32G0xx_HAL_Driver\Src\stm32g0xx_hal_adc.o
 .text.LL_ADC_Enable
                0x000000000801b8e4       0x24 Thirdparty\STM32G0xx_HAL_Driver\Src\stm32g0xx_hal_adc.o
 .text.LL_ADC_Disable
                0x000000000801b908       0x24 Thirdparty\STM32G0xx_HAL_Driver\Src\stm32g0xx_hal_adc.o
 .text.LL_ADC_IsEnabled
                0x000000000801b92c       0x22 Thirdparty\STM32G0xx_HAL_Driver\Src\stm32g0xx_hal_adc.o
 .text.LL_ADC_IsDisableOngoing
                0x000000000801b94e       0x22 Thirdparty\STM32G0xx_HAL_Driver\Src\stm32g0xx_hal_adc.o
 .text.LL_ADC_REG_StartConversion
                0x000000000801b970       0x24 Thirdparty\STM32G0xx_HAL_Driver\Src\stm32g0xx_hal_adc.o
 .text.LL_ADC_REG_StopConversion
                0x000000000801b994       0x24 Thirdparty\STM32G0xx_HAL_Driver\Src\stm32g0xx_hal_adc.o
 .text.LL_ADC_REG_IsConversionOngoing
                0x000000000801b9b8       0x22 Thirdparty\STM32G0xx_HAL_Driver\Src\stm32g0xx_hal_adc.o
 *fill*         0x000000000801b9da        0x2 
 .text.HAL_ADC_Init
                0x000000000801b9dc      0x350 Thirdparty\STM32G0xx_HAL_Driver\Src\stm32g0xx_hal_adc.o
                0x000000000801b9dc                HAL_ADC_Init
 .text.HAL_ADC_Start
                0x000000000801bd2c       0x9c Thirdparty\STM32G0xx_HAL_Driver\Src\stm32g0xx_hal_adc.o
                0x000000000801bd2c                HAL_ADC_Start
 .text.HAL_ADC_Stop
                0x000000000801bdc8       0x78 Thirdparty\STM32G0xx_HAL_Driver\Src\stm32g0xx_hal_adc.o
                0x000000000801bdc8                HAL_ADC_Stop
 .text.HAL_ADC_PollForConversion
                0x000000000801be40      0x128 Thirdparty\STM32G0xx_HAL_Driver\Src\stm32g0xx_hal_adc.o
                0x000000000801be40                HAL_ADC_PollForConversion
 .text.HAL_ADC_GetValue
                0x000000000801bf68       0x16 Thirdparty\STM32G0xx_HAL_Driver\Src\stm32g0xx_hal_adc.o
                0x000000000801bf68                HAL_ADC_GetValue
 *fill*         0x000000000801bf7e        0x2 
 .text.HAL_ADC_ConfigChannel
                0x000000000801bf80      0x3b0 Thirdparty\STM32G0xx_HAL_Driver\Src\stm32g0xx_hal_adc.o
                0x000000000801bf80                HAL_ADC_ConfigChannel
 .text.ADC_ConversionStop
                0x000000000801c330       0x84 Thirdparty\STM32G0xx_HAL_Driver\Src\stm32g0xx_hal_adc.o
                0x000000000801c330                ADC_ConversionStop
 .text.ADC_Enable
                0x000000000801c3b4      0x10c Thirdparty\STM32G0xx_HAL_Driver\Src\stm32g0xx_hal_adc.o
                0x000000000801c3b4                ADC_Enable
 .text.ADC_Disable
                0x000000000801c4c0       0xbc Thirdparty\STM32G0xx_HAL_Driver\Src\stm32g0xx_hal_adc.o
                0x000000000801c4c0                ADC_Disable
 .text.__NVIC_EnableIRQ
                0x000000000801c57c       0x34 Thirdparty\STM32G0xx_HAL_Driver\Src\stm32g0xx_hal_cortex.o
 .text.__NVIC_DisableIRQ
                0x000000000801c5b0       0x44 Thirdparty\STM32G0xx_HAL_Driver\Src\stm32g0xx_hal_cortex.o
 .text.__NVIC_SetPriority
                0x000000000801c5f4       0xdc Thirdparty\STM32G0xx_HAL_Driver\Src\stm32g0xx_hal_cortex.o
 .text.SysTick_Config
                0x000000000801c6d0       0x48 Thirdparty\STM32G0xx_HAL_Driver\Src\stm32g0xx_hal_cortex.o
 .text.HAL_NVIC_SetPriority
                0x000000000801c718       0x2a Thirdparty\STM32G0xx_HAL_Driver\Src\stm32g0xx_hal_cortex.o
                0x000000000801c718                HAL_NVIC_SetPriority
 .text.HAL_NVIC_EnableIRQ
                0x000000000801c742       0x20 Thirdparty\STM32G0xx_HAL_Driver\Src\stm32g0xx_hal_cortex.o
                0x000000000801c742                HAL_NVIC_EnableIRQ
 .text.HAL_NVIC_DisableIRQ
                0x000000000801c762       0x20 Thirdparty\STM32G0xx_HAL_Driver\Src\stm32g0xx_hal_cortex.o
                0x000000000801c762                HAL_NVIC_DisableIRQ
 .text.HAL_SYSTICK_Config
                0x000000000801c782       0x1a Thirdparty\STM32G0xx_HAL_Driver\Src\stm32g0xx_hal_cortex.o
                0x000000000801c782                HAL_SYSTICK_Config
 .text.HAL_CRC_Init
                0x000000000801c79c       0xcc Thirdparty\STM32G0xx_HAL_Driver\Src\stm32g0xx_hal_crc.o
                0x000000000801c79c                HAL_CRC_Init
 .text.HAL_CRC_Accumulate
                0x000000000801c868       0x8e Thirdparty\STM32G0xx_HAL_Driver\Src\stm32g0xx_hal_crc.o
                0x000000000801c868                HAL_CRC_Accumulate
 .text.HAL_CRC_Calculate
                0x000000000801c8f6       0x9e Thirdparty\STM32G0xx_HAL_Driver\Src\stm32g0xx_hal_crc.o
                0x000000000801c8f6                HAL_CRC_Calculate
 .text.CRC_Handle_8
                0x000000000801c994      0x122 Thirdparty\STM32G0xx_HAL_Driver\Src\stm32g0xx_hal_crc.o
 .text.CRC_Handle_16
                0x000000000801cab6       0x6e Thirdparty\STM32G0xx_HAL_Driver\Src\stm32g0xx_hal_crc.o
 .text.HAL_CRCEx_Polynomial_Set
                0x000000000801cb24       0xda Thirdparty\STM32G0xx_HAL_Driver\Src\stm32g0xx_hal_crc_ex.o
                0x000000000801cb24                HAL_CRCEx_Polynomial_Set
 *fill*         0x000000000801cbfe        0x2 
 .text.HAL_DMA_Init
                0x000000000801cc00      0x158 Thirdparty\STM32G0xx_HAL_Driver\Src\stm32g0xx_hal_dma.o
                0x000000000801cc00                HAL_DMA_Init
 .text.HAL_DMA_Start_IT
                0x000000000801cd58      0x10c Thirdparty\STM32G0xx_HAL_Driver\Src\stm32g0xx_hal_dma.o
                0x000000000801cd58                HAL_DMA_Start_IT
 .text.HAL_DMA_Abort
                0x000000000801ce64       0xc0 Thirdparty\STM32G0xx_HAL_Driver\Src\stm32g0xx_hal_dma.o
                0x000000000801ce64                HAL_DMA_Abort
 .text.HAL_DMA_Abort_IT
                0x000000000801cf24       0xd0 Thirdparty\STM32G0xx_HAL_Driver\Src\stm32g0xx_hal_dma.o
                0x000000000801cf24                HAL_DMA_Abort_IT
 .text.DMA_SetConfig
                0x000000000801cff4       0x78 Thirdparty\STM32G0xx_HAL_Driver\Src\stm32g0xx_hal_dma.o
 .text.DMA_CalcDMAMUXChannelBaseAndMask
                0x000000000801d06c       0x94 Thirdparty\STM32G0xx_HAL_Driver\Src\stm32g0xx_hal_dma.o
 .text.DMA_CalcDMAMUXRequestGenBaseAndMask
                0x000000000801d100       0x48 Thirdparty\STM32G0xx_HAL_Driver\Src\stm32g0xx_hal_dma.o
 .text.HAL_FLASH_Program
                0x000000000801d148       0x9c Thirdparty\STM32G0xx_HAL_Driver\Src\stm32g0xx_hal_flash.o
                0x000000000801d148                HAL_FLASH_Program
 .text.HAL_FLASH_Unlock
                0x000000000801d1e4       0x48 Thirdparty\STM32G0xx_HAL_Driver\Src\stm32g0xx_hal_flash.o
                0x000000000801d1e4                HAL_FLASH_Unlock
 .text.HAL_FLASH_Lock
                0x000000000801d22c       0x38 Thirdparty\STM32G0xx_HAL_Driver\Src\stm32g0xx_hal_flash.o
                0x000000000801d22c                HAL_FLASH_Lock
 .text.FLASH_WaitForLastOperation
                0x000000000801d264       0x9c Thirdparty\STM32G0xx_HAL_Driver\Src\stm32g0xx_hal_flash.o
                0x000000000801d264                FLASH_WaitForLastOperation
 .text.FLASH_Program_DoubleWord
                0x000000000801d300       0x40 Thirdparty\STM32G0xx_HAL_Driver\Src\stm32g0xx_hal_flash.o
 .text.HAL_FLASHEx_Erase
                0x000000000801d340       0xe0 Thirdparty\STM32G0xx_HAL_Driver\Src\stm32g0xx_hal_flash_ex.o
                0x000000000801d340                HAL_FLASHEx_Erase
 .text.FLASH_MassErase
                0x000000000801d420       0x28 Thirdparty\STM32G0xx_HAL_Driver\Src\stm32g0xx_hal_flash_ex.o
 .text.FLASH_PageErase
                0x000000000801d448      0x198 Thirdparty\STM32G0xx_HAL_Driver\Src\stm32g0xx_hal_flash_ex.o
                0x000000000801d448                FLASH_PageErase
 .text.HAL_GPIO_Init
                0x000000000801d5e0      0x2d8 Thirdparty\STM32G0xx_HAL_Driver\Src\stm32g0xx_hal_gpio.o
                0x000000000801d5e0                HAL_GPIO_Init
 .text.HAL_GPIO_DeInit
                0x000000000801d8b8      0x1b0 Thirdparty\STM32G0xx_HAL_Driver\Src\stm32g0xx_hal_gpio.o
                0x000000000801d8b8                HAL_GPIO_DeInit
 .text.HAL_GPIO_ReadPin
                0x000000000801da68       0x3a Thirdparty\STM32G0xx_HAL_Driver\Src\stm32g0xx_hal_gpio.o
                0x000000000801da68                HAL_GPIO_ReadPin
 .text.HAL_GPIO_WritePin
                0x000000000801daa2       0x3a Thirdparty\STM32G0xx_HAL_Driver\Src\stm32g0xx_hal_gpio.o
                0x000000000801daa2                HAL_GPIO_WritePin
 .text.HAL_GPIO_TogglePin
                0x000000000801dadc       0x36 Thirdparty\STM32G0xx_HAL_Driver\Src\stm32g0xx_hal_gpio.o
                0x000000000801dadc                HAL_GPIO_TogglePin
 .text.HAL_MspInit
                0x000000000801db12        0xa Thirdparty\STM32G0xx_HAL_Driver\Src\stm32g0xx_hal_msp_template.o
                0x000000000801db12                HAL_MspInit
 .text.HAL_PWREx_ControlVoltageScaling
                0x000000000801db1c       0x80 Thirdparty\STM32G0xx_HAL_Driver\Src\stm32g0xx_hal_pwr_ex.o
                0x000000000801db1c                HAL_PWREx_ControlVoltageScaling
 .text.LL_RCC_GetAPB1Prescaler
                0x000000000801db9c       0x18 Thirdparty\STM32G0xx_HAL_Driver\Src\stm32g0xx_hal_rcc.o
 .text.HAL_RCC_OscConfig
                0x000000000801dbb4      0x6c0 Thirdparty\STM32G0xx_HAL_Driver\Src\stm32g0xx_hal_rcc.o
                0x000000000801dbb4                HAL_RCC_OscConfig
 .text.HAL_RCC_ClockConfig
                0x000000000801e274      0x210 Thirdparty\STM32G0xx_HAL_Driver\Src\stm32g0xx_hal_rcc.o
                0x000000000801e274                HAL_RCC_ClockConfig
 .text.HAL_RCC_GetSysClockFreq