Archive member included to satisfy reference by file (symbol)

C:/ST/STM32CubeIDE_1.17.0/STM32CubeIDE/plugins/com.st.stm32cube.ide.mcu.externaltools.gnu-tools-for-stm32.12.3.rel1.win32_1.1.0.202410251130/tools/bin/../lib/gcc/arm-none-eabi/12.3.1/../../../../arm-none-eabi/lib/thumb/v6-m/nofp\libc.a(libc_a-atof.o)
                              BOS\BOS_CLI.o (atof)
C:/ST/STM32CubeIDE_1.17.0/STM32CubeIDE/plugins/com.st.stm32cube.ide.mcu.externaltools.gnu-tools-for-stm32.12.3.rel1.win32_1.1.0.202410251130/tools/bin/../lib/gcc/arm-none-eabi/12.3.1/../../../../arm-none-eabi/lib/thumb/v6-m/nofp\libc.a(libc_a-atoi.o)
                              BOS\BOS_CLIcommands.o (atoi)
C:/ST/STM32CubeIDE_1.17.0/STM32CubeIDE/plugins/com.st.stm32cube.ide.mcu.externaltools.gnu-tools-for-stm32.12.3.rel1.win32_1.1.0.202410251130/tools/bin/../lib/gcc/arm-none-eabi/12.3.1/../../../../arm-none-eabi/lib/thumb/v6-m/nofp\libc.a(libc_a-atol.o)
                              BOS\BOS.o (atol)
C:/ST/STM32CubeIDE_1.17.0/STM32CubeIDE/plugins/com.st.stm32cube.ide.mcu.externaltools.gnu-tools-for-stm32.12.3.rel1.win32_1.1.0.202410251130/tools/bin/../lib/gcc/arm-none-eabi/12.3.1/../../../../arm-none-eabi/lib/thumb/v6-m/nofp\libc.a(libc_a-exit.o)
                              C:/ST/STM32CubeIDE_1.17.0/STM32CubeIDE/plugins/com.st.stm32cube.ide.mcu.externaltools.gnu-tools-for-stm32.12.3.rel1.win32_1.1.0.202410251130/tools/bin/../lib/gcc/arm-none-eabi/12.3.1/../../../../arm-none-eabi/lib/thumb/v6-m/nofp/crt0.o (exit)
C:/ST/STM32CubeIDE_1.17.0/STM32CubeIDE/plugins/com.st.stm32cube.ide.mcu.externaltools.gnu-tools-for-stm32.12.3.rel1.win32_1.1.0.202410251130/tools/bin/../lib/gcc/arm-none-eabi/12.3.1/../../../../arm-none-eabi/lib/thumb/v6-m/nofp\libc.a(libc_a-malloc.o)
                              BOS\BOS.o (malloc)
C:/ST/STM32CubeIDE_1.17.0/STM32CubeIDE/plugins/com.st.stm32cube.ide.mcu.externaltools.gnu-tools-for-stm32.12.3.rel1.win32_1.1.0.202410251130/tools/bin/../lib/gcc/arm-none-eabi/12.3.1/../../../../arm-none-eabi/lib/thumb/v6-m/nofp\libc.a(libc_a-mallocr.o)
                              C:/ST/STM32CubeIDE_1.17.0/STM32CubeIDE/plugins/com.st.stm32cube.ide.mcu.externaltools.gnu-tools-for-stm32.12.3.rel1.win32_1.1.0.202410251130/tools/bin/../lib/gcc/arm-none-eabi/12.3.1/../../../../arm-none-eabi/lib/thumb/v6-m/nofp\libc.a(libc_a-malloc.o) (_malloc_r)
C:/ST/STM32CubeIDE_1.17.0/STM32CubeIDE/plugins/com.st.stm32cube.ide.mcu.externaltools.gnu-tools-for-stm32.12.3.rel1.win32_1.1.0.202410251130/tools/bin/../lib/gcc/arm-none-eabi/12.3.1/../../../../arm-none-eabi/lib/thumb/v6-m/nofp\libc.a(libc_a-mlock.o)
                              C:/ST/STM32CubeIDE_1.17.0/STM32CubeIDE/plugins/com.st.stm32cube.ide.mcu.externaltools.gnu-tools-for-stm32.12.3.rel1.win32_1.1.0.202410251130/tools/bin/../lib/gcc/arm-none-eabi/12.3.1/../../../../arm-none-eabi/lib/thumb/v6-m/nofp\libc.a(libc_a-mallocr.o) (__malloc_lock)
C:/ST/STM32CubeIDE_1.17.0/STM32CubeIDE/plugins/com.st.stm32cube.ide.mcu.externaltools.gnu-tools-for-stm32.12.3.rel1.win32_1.1.0.202410251130/tools/bin/../lib/gcc/arm-none-eabi/12.3.1/../../../../arm-none-eabi/lib/thumb/v6-m/nofp\libc.a(libc_a-rand.o)
                              BOS\BOS_CLIcommands.o (rand)
C:/ST/STM32CubeIDE_1.17.0/STM32CubeIDE/plugins/com.st.stm32cube.ide.mcu.externaltools.gnu-tools-for-stm32.12.3.rel1.win32_1.1.0.202410251130/tools/bin/../lib/gcc/arm-none-eabi/12.3.1/../../../../arm-none-eabi/lib/thumb/v6-m/nofp\libc.a(libc_a-realloc.o)
                              BOS\BOS_CLI.o (realloc)
C:/ST/STM32CubeIDE_1.17.0/STM32CubeIDE/plugins/com.st.stm32cube.ide.mcu.externaltools.gnu-tools-for-stm32.12.3.rel1.win32_1.1.0.202410251130/tools/bin/../lib/gcc/arm-none-eabi/12.3.1/../../../../arm-none-eabi/lib/thumb/v6-m/nofp\libc.a(libc_a-reallocr.o)
                              C:/ST/STM32CubeIDE_1.17.0/STM32CubeIDE/plugins/com.st.stm32cube.ide.mcu.externaltools.gnu-tools-for-stm32.12.3.rel1.win32_1.1.0.202410251130/tools/bin/../lib/gcc/arm-none-eabi/12.3.1/../../../../arm-none-eabi/lib/thumb/v6-m/nofp\libc.a(libc_a-realloc.o) (_realloc_r)
C:/ST/STM32CubeIDE_1.17.0/STM32CubeIDE/plugins/com.st.stm32cube.ide.mcu.externaltools.gnu-tools-for-stm32.12.3.rel1.win32_1.1.0.202410251130/tools/bin/../lib/gcc/arm-none-eabi/12.3.1/../../../../arm-none-eabi/lib/thumb/v6-m/nofp\libc.a(libc_a-strtod.o)
                              C:/ST/STM32CubeIDE_1.17.0/STM32CubeIDE/plugins/com.st.stm32cube.ide.mcu.externaltools.gnu-tools-for-stm32.12.3.rel1.win32_1.1.0.202410251130/tools/bin/../lib/gcc/arm-none-eabi/12.3.1/../../../../arm-none-eabi/lib/thumb/v6-m/nofp\libc.a(libc_a-atof.o) (strtod)
C:/ST/STM32CubeIDE_1.17.0/STM32CubeIDE/plugins/com.st.stm32cube.ide.mcu.externaltools.gnu-tools-for-stm32.12.3.rel1.win32_1.1.0.202410251130/tools/bin/../lib/gcc/arm-none-eabi/12.3.1/../../../../arm-none-eabi/lib/thumb/v6-m/nofp\libc.a(libc_a-strtol.o)
[...]
Memory Configuration

Name             Origin             Length             Attributes
RAM              0x20000000         0x00024000         xrw
FLASH            0x08000000         0x00080000         xr
*default*        0x00000000         0xffffffff

Linker script and memory map

LOAD C:/ST/STM32CubeIDE_1.17.0/STM32CubeIDE/plugins/com.st.stm32cube.ide.mcu.externaltools.gnu-tools-for-stm32.12.3.rel1.win32_1.1.0.202410251130/tools/bin/../lib/gcc/arm-none-eabi/12.3.1/thumb/v6-m/nofp/crti.o
LOAD C:/ST/STM32CubeIDE_1.17.0/STM32CubeIDE/plugins/com.st.stm32cube.ide.mcu.externaltools.gnu-tools-for-stm32.12.3.rel1.win32_1.1.0.202410251130/tools/bin/../lib/gcc/arm-none-eabi/12.3.1/thumb/v6-m/nofp/crtbegin.o
LOAD C:/ST/STM32CubeIDE_1.17.0/STM32CubeIDE/plugins/com.st.stm32cube.ide.mcu.externaltools.gnu-tools-for-stm32.12.3.rel1.win32_1.1.0.202410251130/tools/bin/../lib/gcc/arm-none-eabi/12.3.1/../../../../arm-none-eabi/lib/thumb/v6-m/nofp/crt0.o
LOAD BOS\BOS.o
LOAD BOS\BOS_CLI.o
LOAD BOS\BOS_CLIcommands.o
LOAD BOS\BOS_dma.o
LOAD BOS\BOS_freertos.o
LOAD BOS\BOS_messaging.o
LOAD BOS\BOS_msgparser.o
LOAD H1DR5\H1DR5.o
LOAD H1DR5\H1DR5_dma.o
LOAD H1DR5\H1DR5_eeprom.o
LOAD H1DR5\H1DR5_gpio.o
LOAD H1DR5\H1DR5_inputs.o
LOAD H1DR5\H1DR5_it.o
LOAD H1DR5\H1DR5_rtc.o
LOAD H1DR5\H1DR5_spi.o
LOAD H1DR5\H1DR5_timers.o
LOAD H1DR5\H1DR5_uart.o
LOAD H1DR5\startup_stm32g0b1ceuxn.o
LOAD Thirdparty\CMSIS\STM32G0xx\Device\ST\STM32G0xx\Source\Templates\system_stm32g0xx.o
LOAD Thirdparty\EEPROM_Emul\Core\eeprom_emul.o
LOAD Thirdparty\EEPROM_Emul\Porting\STM32G0\flash_interface.o
LOAD Thirdparty\Ethernet_Library\enc28j60.o
LOAD Thirdparty\Ethernet_Library\lan.o
LOAD Thirdparty\LSM303AGR\src\LSM303AGR_ACC.o
LOAD Thirdparty\LSM303AGR\src\LSM303AGR_MAG.o
LOAD Thirdparty\LSM6DS3\src\LSM6DS3.o
LOAD Thirdparty\Middleware\STM32G0xx\FreeRTOS\Source\CMSIS_RTOS\cmsis_os.o
LOAD Thirdparty\Middleware\STM32G0xx\FreeRTOS\Source\FreeRTOS_CLI.o
LOAD Thirdparty\Middleware\STM32G0xx\FreeRTOS\Source\croutine.o
LOAD Thirdparty\Middleware\STM32G0xx\FreeRTOS\Source\event_groups.o
LOAD Thirdparty\Middleware\STM32G0xx\FreeRTOS\Source\list.o
LOAD Thirdparty\Middleware\STM32G0xx\FreeRTOS\Source\portable\GCC\ARM_CM0\port.o
LOAD Thirdparty\Middleware\STM32G0xx\FreeRTOS\Source\portable\MemMang\heap_4.o
LOAD Thirdparty\Middleware\STM32G0xx\FreeRTOS\Source\queue.o
LOAD Thirdparty\Middleware\STM32G0xx\FreeRTOS\Source\stream_buffer.o
LOAD Thirdparty\Middleware\STM32G0xx\FreeRTOS\Source\tasks.o
LOAD Thirdparty\Middleware\STM32G0xx\FreeRTOS\Source\timers.o
LOAD Thirdparty\STM32G0xx_HAL_Driver\Src\stm32g0xx_hal.o
LOAD Thirdparty\STM32G0xx_HAL_Driver\Src\stm32g0xx_hal_adc.o
LOAD Thirdparty\STM32G0xx_HAL_Driver\Src\stm32g0xx_hal_adc_ex.o
LOAD Thirdparty\STM32G0xx_HAL_Driver\Src\stm32g0xx_hal_cec.o
LOAD Thirdparty\STM32G0xx_HAL_Driver\Src\stm32g0xx_hal_comp.o
LOAD Thirdparty\STM32G0xx_HAL_Driver\Src\stm32g0xx_hal_cortex.o
LOAD Thirdparty\STM32G0xx_HAL_Driver\Src\stm32g0xx_hal_crc.o
LOAD Thirdparty\STM32G0xx_HAL_Driver\Src\stm32g0xx_hal_crc_ex.o
LOAD Thirdparty\STM32G0xx_HAL_Driver\Src\stm32g0xx_hal_cryp.o
LOAD Thirdparty\STM32G0xx_HAL_Driver\Src\stm32g0xx_hal_cryp_ex.o
LOAD Thirdparty\STM32G0xx_HAL_Driver\Src\stm32g0xx_hal_dac.o
LOAD Thirdparty\STM32G0xx_HAL_Driver\Src\stm32g0xx_hal_dac_ex.o
LOAD Thirdparty\STM32G0xx_HAL_Driver\Src\stm32g0xx_hal_dma.o
LOAD Thirdparty\STM32G0xx_HAL_Driver\Src\stm32g0xx_hal_dma_ex.o
LOAD Thirdparty\STM32G0xx_HAL_Driver\Src\stm32g0xx_hal_exti.o
LOAD Thirdparty\STM32G0xx_HAL_Driver\Src\stm32g0xx_hal_fdcan.o
LOAD Thirdparty\STM32G0xx_HAL_Driver\Src\stm32g0xx_hal_flash.o
LOAD Thirdparty\STM32G0xx_HAL_Driver\Src\stm32g0xx_hal_flash_ex.o
LOAD Thirdparty\STM32G0xx_HAL_Driver\Src\stm32g0xx_hal_gpio.o
LOAD Thirdparty\STM32G0xx_HAL_Driver\Src\stm32g0xx_hal_hcd.o
LOAD Thirdparty\STM32G0xx_HAL_Driver\Src\stm32g0xx_hal_i2c.o
LOAD Thirdparty\STM32G0xx_HAL_Driver\Src\stm32g0xx_hal_i2c_ex.o
LOAD Thirdparty\STM32G0xx_HAL_Driver\Src\stm32g0xx_hal_i2s.o
LOAD Thirdparty\STM32G0xx_HAL_Driver\Src\stm32g0xx_hal_irda.o
LOAD Thirdparty\STM32G0xx_HAL_Driver\Src\stm32g0xx_hal_iwdg.o
LOAD Thirdparty\STM32G0xx_HAL_Driver\Src\stm32g0xx_hal_lptim.o
LOAD Thirdparty\STM32G0xx_HAL_Driver\Src\stm32g0xx_hal_msp_template.o
LOAD Thirdparty\STM32G0xx_HAL_Driver\Src\stm32g0xx_hal_pcd.o
LOAD Thirdparty\STM32G0xx_HAL_Driver\Src\stm32g0xx_hal_pcd_ex.o
LOAD Thirdparty\STM32G0xx_HAL_Driver\Src\stm32g0xx_hal_pwr.o
LOAD Thirdparty\STM32G0xx_HAL_Driver\Src\stm32g0xx_hal_pwr_ex.o
LOAD Thirdparty\STM32G0xx_HAL_Driver\Src\stm32g0xx_hal_rcc.o
LOAD Thirdparty\STM32G0xx_HAL_Driver\Src\stm32g0xx_hal_rcc_ex.o
LOAD Thirdparty\STM32G0xx_HAL_Driver\Src\stm32g0xx_hal_rng.o
LOAD Thirdparty\STM32G0xx_HAL_Driver\Src\stm32g0xx_hal_rtc.o
LOAD Thirdparty\STM32G0xx_HAL_Driver\Src\stm32g0xx_hal_rtc_ex.o
LOAD Thirdparty\STM32G0xx_HAL_Driver\Src\stm32g0xx_hal_smartcard.o
LOAD Thirdparty\STM32G0xx_HAL_Driver\Src\stm32g0xx_hal_smartcard_ex.o
LOAD Thirdparty\STM32G0xx_HAL_Driver\Src\stm32g0xx_hal_smbus.o
LOAD Thirdparty\STM32G0xx_HAL_Driver\Src\stm32g0xx_hal_smbus_ex.o
LOAD Thirdparty\STM32G0xx_HAL_Driver\Src\stm32g0xx_hal_spi.o
LOAD Thirdparty\STM32G0xx_HAL_Driver\Src\stm32g0xx_hal_spi_ex.o
LOAD Thirdparty\STM32G0xx_HAL_Driver\Src\stm32g0xx_hal_tim.o
LOAD Thirdparty\STM32G0xx_HAL_Driver\Src\stm32g0xx_hal_tim_ex.o
LOAD Thirdparty\STM32G0xx_HAL_Driver\Src\stm32g0xx_hal_uart.o
LOAD Thirdparty\STM32G0xx_HAL_Driver\Src\stm32g0xx_hal_uart_ex.o
LOAD Thirdparty\STM32G0xx_HAL_Driver\Src\stm32g0xx_hal_usart.o
LOAD Thirdparty\STM32G0xx_HAL_Driver\Src\stm32g0xx_hal_usart_ex.o
LOAD Thirdparty\STM32G0xx_HAL_Driver\Src\stm32g0xx_hal_wwdg.o
LOAD Thirdparty\STM32G0xx_HAL_Driver\Src\stm32g0xx_ll_adc.o
LOAD Thirdparty\STM32G0xx_HAL_Driver\Src\stm32g0xx_ll_comp.o
LOAD Thirdparty\STM32G0xx_HAL_Driver\Src\stm32g0xx_ll_crc.o
LOAD Thirdparty\STM32G0xx_HAL_Driver\Src\stm32g0xx_ll_crs.o
LOAD Thirdparty\STM32G0xx_HAL_Driver\Src\stm32g0xx_ll_dac.o
LOAD Thirdparty\STM32G0xx_HAL_Driver\Src\stm32g0xx_ll_dma.o
LOAD Thirdparty\STM32G0xx_HAL_Driver\Src\stm32g0xx_ll_exti.o
LOAD Thirdparty\STM32G0xx_HAL_Driver\Src\stm32g0xx_ll_gpio.o
LOAD Thirdparty\STM32G0xx_HAL_Driver\Src\stm32g0xx_ll_i2c.o
LOAD Thirdparty\STM32G0xx_HAL_Driver\Src\stm32g0xx_ll_lptim.o
LOAD Thirdparty\STM32G0xx_HAL_Driver\Src\stm32g0xx_ll_lpuart.o
LOAD Thirdparty\STM32G0xx_HAL_Driver\Src\stm32g0xx_ll_pwr.o
LOAD Thirdparty\STM32G0xx_HAL_Driver\Src\stm32g0xx_ll_rcc.o
LOAD Thirdparty\STM32G0xx_HAL_Driver\Src\stm32g0xx_ll_rng.o
LOAD Thirdparty\STM32G0xx_HAL_Driver\Src\stm32g0xx_ll_rtc.o
LOAD Thirdparty\STM32G0xx_HAL_Driver\Src\stm32g0xx_ll_spi.o
LOAD Thirdparty\STM32G0xx_HAL_Driver\Src\stm32g0xx_ll_tim.o
LOAD Thirdparty\STM32G0xx_HAL_Driver\Src\stm32g0xx_ll_ucpd.o
LOAD Thirdparty\STM32G0xx_HAL_Driver\Src\stm32g0xx_ll_usart.o
LOAD Thirdparty\STM32G0xx_HAL_Driver\Src\stm32g0xx_ll_usb.o
LOAD Thirdparty\STM32G0xx_HAL_Driver\Src\stm32g0xx_ll_utils.o
LOAD User\main.o
LOAD syscalls.o
START GROUP
LOAD C:/ST/STM32CubeIDE_1.17.0/STM32CubeIDE/plugins/com.st.stm32cube.ide.mcu.externaltools.gnu-tools-for-stm32.12.3.rel1.win32_1.1.0.202410251130/tools/bin/../lib/gcc/arm-none-eabi/12.3.1/../../../../arm-none-eabi/lib/thumb/v6-m/nofp\libc.a
LOAD C:/ST/STM32CubeIDE_1.17.0/STM32CubeIDE/plugins/com.st.stm32cube.ide.mcu.externaltools.gnu-tools-for-stm32.12.3.rel1.win32_1.1.0.202410251130/tools/bin/../lib/gcc/arm-none-eabi/12.3.1/../../../../arm-none-eabi/lib/thumb/v6-m/nofp\libm.a
END GROUP
START GROUP
LOAD C:/ST/STM32CubeIDE_1.17.0/STM32CubeIDE/plugins/com.st.stm32cube.ide.mcu.externaltools.gnu-tools-for-stm32.12.3.rel1.win32_1.1.0.202410251130/tools/bin/../lib/gcc/arm-none-eabi/12.3.1/thumb/v6-m/nofp\libgcc.a
LOAD C:/ST/STM32CubeIDE_1.17.0/STM32CubeIDE/plugins/com.st.stm32cube.ide.mcu.externaltools.gnu-tools-for-stm32.12.3.rel1.win32_1.1.0.202410251130/tools/bin/../lib/gcc/arm-none-eabi/12.3.1/../../../../arm-none-eabi/lib/thumb/v6-m/nofp\libc.a
END GROUP
START GROUP
LOAD C:/ST/STM32CubeIDE_1.17.0/STM32CubeIDE/plugins/com.st.stm32cube.ide.mcu.externaltools.gnu-tools-for-stm32.12.3.rel1.win32_1.1.0.202410251130/tools/bin/../lib/gcc/arm-none-eabi/12.3.1/thumb/v6-m/nofp\libgcc.a
LOAD C:/ST/STM32CubeIDE_1.17.0/STM32CubeIDE/plugins/com.st.stm32cube.ide.mcu.externaltools.gnu-tools-for-stm32.12.3.rel1.win32_1.1.0.202410251130/tools/bin/../lib/gcc/arm-none-eabi/12.3.1/../../../../arm-none-eabi/lib/thumb/v6-m/nofp\libc.a
LOAD C:/ST/STM32CubeIDE_1.17.0/STM32CubeIDE/plugins/com.st.stm32cube.ide.mcu.externaltools.gnu-tools-for-stm32.12.3.rel1.win32_1.1.0.202410251130/tools/bin/../lib/gcc/arm-none-eabi/12.3.1/../../../../arm-none-eabi/lib/thumb/v6-m/nofp\libnosys.a
END GROUP
LOAD C:/ST/STM32CubeIDE_1.17.0/STM32CubeIDE/plugins/com.st.stm32cube.ide.mcu.externaltools.gnu-tools-for-stm32.12.3.rel1.win32_1.1.0.202410251130/tools/bin/../lib/gcc/arm-none-eabi/12.3.1/thumb/v6-m/nofp/crtend.o
LOAD C:/ST/STM32CubeIDE_1.17.0/STM32CubeIDE/plugins/com.st.stm32cube.ide.mcu.externaltools.gnu-tools-for-stm32.12.3.rel1.win32_1.1.0.202410251130/tools/bin/../lib/gcc/arm-none-eabi/12.3.1/thumb/v6-m/nofp/crtn.o
                0x20024000                        _estack = (ORIGIN (RAM) + LENGTH (RAM))
                0x00000200                        _Min_Heap_Size = 0x200
                0x00000400                        _Min_Stack_Size = 0x400

.isr_vector     0x08000000       0xbc
                0x08000000                        . = ALIGN (0x4)
 *(.isr_vector)
 .isr_vector    0x08000000       0xbc H1DR5\startup_stm32g0b1ceuxn.o
                0x08000000                g_pfnVectors
                0x080000bc                        . = ALIGN (0x4)

.text           0x080000c0    0x2ca50
                0x080000c0                        . = ALIGN (0x4)
 *(.text)
 .text          0x080000c0       0x48 C:/ST/STM32CubeIDE_1.17.0/STM32CubeIDE/plugins/com.st.stm32cube.ide.mcu.externaltools.gnu-tools-for-stm32.12.3.rel1.win32_1.1.0.202410251130/tools/bin/../lib/gcc/arm-none-eabi/12.3.1/thumb/v6-m/nofp/crtbegin.o
 .text          0x08000108       0x14 C:/ST/STM32CubeIDE_1.17.0/STM32CubeIDE/plugins/com.st.stm32cube.ide.mcu.externaltools.gnu-tools-for-stm32.12.3.rel1.win32_1.1.0.202410251130/tools/bin/../lib/gcc/arm-none-eabi/12.3.1/../../../../arm-none-eabi/lib/thumb/v6-m/nofp\libc.a(libc_a-strcmp.o)
                0x08000108                strcmp
 .text          0x0800011c        0xe C:/ST/STM32CubeIDE_1.17.0/STM32CubeIDE/plugins/com.st.stm32cube.ide.mcu.externaltools.gnu-tools-for-stm32.12.3.rel1.win32_1.1.0.202410251130/tools/bin/../lib/gcc/arm-none-eabi/12.3.1/../../../../arm-none-eabi/lib/thumb/v6-m/nofp\libc.a(libc_a-strlen.o)
                0x0800011c                strlen
 *fill*         0x0800012a        0x2 
 .text          0x0800012c       0x14 C:/ST/STM32CubeIDE_1.17.0/STM32CubeIDE/plugins/com.st.stm32cube.ide.mcu.externaltools.gnu-tools-for-stm32.12.3.rel1.win32_1.1.0.202410251130/tools/bin/../lib/gcc/arm-none-eabi/12.3.1/thumb/v6-m/nofp\libgcc.a(_thumb1_case_uqi.o)
                0x0800012c                __gnu_thumb1_case_uqi
 .text          0x08000140       0x14 C:/ST/STM32CubeIDE_1.17.0/STM32CubeIDE/plugins/com.st.stm32cube.ide.mcu.externaltools.gnu-tools-for-stm32.12.3.rel1.win32_1.1.0.202410251130/tools/bin/../lib/gcc/arm-none-eabi/12.3.1/thumb/v6-m/nofp\libgcc.a(_thumb1_case_uhi.o)
                0x08000140                __gnu_thumb1_case_uhi
 .text          0x08000154      0x114 C:/ST/STM32CubeIDE_1.17.0/STM32CubeIDE/plugins/com.st.stm32cube.ide.mcu.externaltools.gnu-tools-for-stm32.12.3.rel1.win32_1.1.0.202410251130/tools/bin/../lib/gcc/arm-none-eabi/12.3.1/thumb/v6-m/nofp\libgcc.a(_udivsi3.o)
                0x08000154                __aeabi_uidiv
                0x08000154                __udivsi3
                0x08000260                __aeabi_uidivmod
 .text          0x08000268      0x1d4 C:/ST/STM32CubeIDE_1.17.0/STM32CubeIDE/plugins/com.st.stm32cube.ide.mcu.externaltools.gnu-tools-for-stm32.12.3.rel1.win32_1.1.0.202410251130/tools/bin/../lib/gcc/arm-none-eabi/12.3.1/thumb/v6-m/nofp\libgcc.a(_divsi3.o)
                0x08000268                __divsi3
                0x08000268                __aeabi_idiv
                0x08000434                __aeabi_idivmod
 .text          0x0800043c        0x4 C:/ST/STM32CubeIDE_1.17.0/STM32CubeIDE/plugins/com.st.stm32cube.ide.mcu.externaltools.gnu-tools-for-stm32.12.3.rel1.win32_1.1.0.202410251130/tools/bin/../lib/gcc/arm-none-eabi/12.3.1/thumb/v6-m/nofp\libgcc.a(_dvmd_tls.o)
                0x0800043c                __aeabi_idiv0
                0x0800043c                __aeabi_ldiv0
 .text          0x08000440       0x7c C:/ST/STM32CubeIDE_1.17.0/STM32CubeIDE/plugins/com.st.stm32cube.ide.mcu.externaltools.gnu-tools-for-stm32.12.3.rel1.win32_1.1.0.202410251130/tools/bin/../lib/gcc/arm-none-eabi/12.3.1/thumb/v6-m/nofp\libgcc.a(_arm_cmpdf2.o)
                0x08000440                __aeabi_cdrcmple
                0x08000450                __aeabi_cdcmple
                0x08000450                __aeabi_cdcmpeq
                0x08000460                __aeabi_dcmpeq
                0x0800046c                __aeabi_dcmplt
                0x08000480                __aeabi_dcmple
                0x08000494                __aeabi_dcmpgt
                0x080004a8                __aeabi_dcmpge
 .text          0x080004bc       0x74 C:/ST/STM32CubeIDE_1.17.0/STM32CubeIDE/plugins/com.st.stm32cube.ide.mcu.externaltools.gnu-tools-for-stm32.12.3.rel1.win32_1.1.0.202410251130/tools/bin/../lib/gcc/arm-none-eabi/12.3.1/thumb/v6-m/nofp\libgcc.a(_arm_cmpsf2.o)
                0x080004bc                __aeabi_cfrcmple
                0x080004c4                __aeabi_cfcmpeq
                0x080004c4                __aeabi_cfcmple
                0x080004d4                __aeabi_fcmpeq
                0x080004e0                __aeabi_fcmplt
                0x080004f4                __aeabi_fcmple
                0x08000508                __aeabi_fcmpgt
                0x0800051c                __aeabi_fcmpge
 .text          0x08000530       0x40 C:/ST/STM32CubeIDE_1.17.0/STM32CubeIDE/plugins/com.st.stm32cube.ide.mcu.externaltools.gnu-tools-for-stm32.12.3.rel1.win32_1.1.0.202410251130/tools/bin/../lib/gcc/arm-none-eabi/12.3.1/thumb/v6-m/nofp\libgcc.a(_aeabi_uldivmod.o)
                0x08000530                __aeabi_uldivmod
 .text          0x08000570       0x5c C:/ST/STM32CubeIDE_1.17.0/STM32CubeIDE/plugins/com.st.stm32cube.ide.mcu.externaltools.gnu-tools-for-stm32.12.3.rel1.win32_1.1.0.202410251130/tools/bin/../lib/gcc/arm-none-eabi/12.3.1/thumb/v6-m/nofp\libgcc.a(_muldi3.o)
                0x08000570                __muldi3
                0x08000570                __aeabi_lmul
 .text          0x080005cc       0x3c C:/ST/STM32CubeIDE_1.17.0/STM32CubeIDE/plugins/com.st.stm32cube.ide.mcu.externaltools.gnu-tools-for-stm32.12.3.rel1.win32_1.1.0.202410251130/tools/bin/../lib/gcc/arm-none-eabi/12.3.1/thumb/v6-m/nofp\libgcc.a(_fixunsdfsi.o)
                0x080005cc                __aeabi_d2uiz
                0x080005cc                __fixunsdfsi
 .text          0x08000608       0x38 C:/ST/STM32CubeIDE_1.17.0/STM32CubeIDE/plugins/com.st.stm32cube.ide.mcu.externaltools.gnu-tools-for-stm32.12.3.rel1.win32_1.1.0.202410251130/tools/bin/../lib/gcc/arm-none-eabi/12.3.1/thumb/v6-m/nofp\libgcc.a(_fixdfdi.o)
                0x08000608                __fixdfdi
                0x08000608                __aeabi_d2lz
 .text          0x08000640       0x3c C:/ST/STM32CubeIDE_1.17.0/STM32CubeIDE/plugins/com.st.stm32cube.ide.mcu.externaltools.gnu-tools-for-stm32.12.3.rel1.win32_1.1.0.202410251130/tools/bin/../lib/gcc/arm-none-eabi/12.3.1/thumb/v6-m/nofp\libgcc.a(_fixunsdfdi.o)
                0x08000640                __fixunsdfdi
                0x08000640                __aeabi_d2ulz
 .text          0x0800067c       0x2c C:/ST/STM32CubeIDE_1.17.0/STM32CubeIDE/plugins/com.st.stm32cube.ide.mcu.externaltools.gnu-tools-for-stm32.12.3.rel1.win32_1.1.0.202410251130/tools/bin/../lib/gcc/arm-none-eabi/12.3.1/thumb/v6-m/nofp\libgcc.a(_floatdidf.o)
                0x0800067c                __aeabi_l2d
                0x0800067c                __floatdidf
 .text          0x080006a8      0x198 C:/ST/STM32CubeIDE_1.17.0/STM32CubeIDE/plugins/com.st.stm32cube.ide.mcu.externaltools.gnu-tools-for-stm32.12.3.rel1.win32_1.1.0.202410251130/tools/bin/../lib/gcc/arm-none-eabi/12.3.1/thumb/v6-m/nofp\libgcc.a(_udivmoddi4.o)
                0x080006a8                __udivmoddi4
 .text          0x08000840       0x50 C:/ST/STM32CubeIDE_1.17.0/STM32CubeIDE/plugins/com.st.stm32cube.ide.mcu.externaltools.gnu-tools-for-stm32.12.3.rel1.win32_1.1.0.202410251130/tools/bin/../lib/gcc/arm-none-eabi/12.3.1/thumb/v6-m/nofp\libgcc.a(eqsf2.o)
                0x08000840                __eqsf2
                0x08000840                __nesf2
 .text          0x08000890       0xa0 C:/ST/STM32CubeIDE_1.17.0/STM32CubeIDE/plugins/com.st.stm32cube.ide.mcu.externaltools.gnu-tools-for-stm32.12.3.rel1.win32_1.1.0.202410251130/tools/bin/../lib/gcc/arm-none-eabi/12.3.1/thumb/v6-m/nofp\libgcc.a(gesf2.o)
                0x08000890                __gesf2
                0x08000890                __gtsf2
 .text          0x08000930       0x9c C:/ST/STM32CubeIDE_1.17.0/STM32CubeIDE/plugins/com.st.stm32cube.ide.mcu.externaltools.gnu-tools-for-stm32.12.3.rel1.win32_1.1.0.202410251130/tools/bin/../lib/gcc/arm-none-eabi/12.3.1/thumb/v6-m/nofp\libgcc.a(lesf2.o)
                0x08000930                __ltsf2
                0x08000930                __lesf2
 .text          0x080009cc      0x27c C:/ST/STM32CubeIDE_1.17.0/STM32CubeIDE/plugins/com.st.stm32cube.ide.mcu.externaltools.gnu-tools-for-stm32.12.3.rel1.win32_1.1.0.202410251130/tools/bin/../lib/gcc/arm-none-eabi/12.3.1/thumb/v6-m/nofp\libgcc.a(mulsf3.o)
                0x080009cc                __aeabi_fmul
 .text          0x08000c48      0x6c8 C:/ST/STM32CubeIDE_1.17.0/STM32CubeIDE/plugins/com.st.stm32cube.ide.mcu.externaltools.gnu-tools-for-stm32.12.3.rel1.win32_1.1.0.202410251130/tools/bin/../lib/gcc/arm-none-eabi/12.3.1/thumb/v6-m/nofp\libgcc.a(adddf3.o)
                0x08000c48                __aeabi_dadd
 .text          0x08001310      0x634 C:/ST/STM32CubeIDE_1.17.0/STM32CubeIDE/plugins/com.st.stm32cube.ide.mcu.externaltools.gnu-tools-for-stm32.12.3.rel1.win32_1.1.0.202410251130/tools/bin/../lib/gcc/arm-none-eabi/12.3.1/thumb/v6-m/nofp\libgcc.a(divdf3.o)
                0x08001310                __aeabi_ddiv
 .text          0x08001944       0x88 C:/ST/STM32CubeIDE_1.17.0/STM32CubeIDE/plugins/com.st.stm32cube.ide.mcu.externaltools.gnu-tools-for-stm32.12.3.rel1.win32_1.1.0.202410251130/tools/bin/../lib/gcc/arm-none-eabi/12.3.1/thumb/v6-m/nofp\libgcc.a(eqdf2.o)
                0x08001944                __nedf2
                0x08001944                __eqdf2
 .text          0x080019cc       0xe8 C:/ST/STM32CubeIDE_1.17.0/STM32CubeIDE/plugins/com.st.stm32cube.ide.mcu.externaltools.gnu-tools-for-stm32.12.3.rel1.win32_1.1.0.202410251130/tools/bin/../lib/gcc/arm-none-eabi/12.3.1/thumb/v6-m/nofp\libgcc.a(gedf2.o)
                0x080019cc                __gedf2
                0x080019cc                __gtdf2
 .text          0x08001ab4       0xe4 C:/ST/STM32CubeIDE_1.17.0/STM32CubeIDE/plugins/com.st.stm32cube.ide.mcu.externaltools.gnu-tools-for-stm32.12.3.rel1.win32_1.1.0.202410251130/tools/bin/../lib/gcc/arm-none-eabi/12.3.1/thumb/v6-m/nofp\libgcc.a(ledf2.o)
                0x08001ab4                __ledf2
                0x08001ab4                __ltdf2
 .text          0x08001b98      0x590 C:/ST/STM32CubeIDE_1.17.0/STM32CubeIDE/plugins/com.st.stm32cube.ide.mcu.externaltools.gnu-tools-for-stm32.12.3.rel1.win32_1.1.0.202410251130/tools/bin/../lib/gcc/arm-none-eabi/12.3.1/thumb/v6-m/nofp\libgcc.a(muldf3.o)
                0x08001b98                __aeabi_dmul
 .text          0x08002128      0x738 C:/ST/STM32CubeIDE_1.17.0/STM32CubeIDE/plugins/com.st.stm32cube.ide.mcu.externaltools.gnu-tools-for-stm32.12.3.rel1.win32_1.1.0.202410251130/tools/bin/../lib/gcc/arm-none-eabi/12.3.1/thumb/v6-m/nofp\libgcc.a(subdf3.o)
                0x08002128                __aeabi_dsub
 .text          0x08002860       0x44 C:/ST/STM32CubeIDE_1.17.0/STM32CubeIDE/plugins/com.st.stm32cube.ide.mcu.externaltools.gnu-tools-for-stm32.12.3.rel1.win32_1.1.0.202410251130/tools/bin/../lib/gcc/arm-none-eabi/12.3.1/thumb/v6-m/nofp\libgcc.a(unorddf2.o)
                0x08002860                __aeabi_dcmpun
 .text          0x080028a4       0x78 C:/ST/STM32CubeIDE_1.17.0/STM32CubeIDE/plugins/com.st.stm32cube.ide.mcu.externaltools.gnu-tools-for-stm32.12.3.rel1.win32_1.1.0.202410251130/tools/bin/../lib/gcc/arm-none-eabi/12.3.1/thumb/v6-m/nofp\libgcc.a(fixdfsi.o)
                0x080028a4                __aeabi_d2iz
 .text          0x0800291c       0x5c C:/ST/STM32CubeIDE_1.17.0/STM32CubeIDE/plugins/com.st.stm32cube.ide.mcu.externaltools.gnu-tools-for-stm32.12.3.rel1.win32_1.1.0.202410251130/tools/bin/../lib/gcc/arm-none-eabi/12.3.1/thumb/v6-m/nofp\libgcc.a(floatsidf.o)
                0x0800291c                __aeabi_i2d
 .text          0x08002978       0x48 C:/ST/STM32CubeIDE_1.17.0/STM32CubeIDE/plugins/com.st.stm32cube.ide.mcu.externaltools.gnu-tools-for-stm32.12.3.rel1.win32_1.1.0.202410251130/tools/bin/../lib/gcc/arm-none-eabi/12.3.1/thumb/v6-m/nofp\libgcc.a(floatunsidf.o)
                0x08002978                __aeabi_ui2d
 .text          0x080029c0       0x90 C:/ST/STM32CubeIDE_1.17.0/STM32CubeIDE/plugins/com.st.stm32cube.ide.mcu.externaltools.gnu-tools-for-stm32.12.3.rel1.win32_1.1.0.202410251130/tools/bin/../lib/gcc/arm-none-eabi/12.3.1/thumb/v6-m/nofp\libgcc.a(extendsfdf2.o)
                0x080029c0                __aeabi_f2d
 .text          0x08002a50      0x108 C:/ST/STM32CubeIDE_1.17.0/STM32CubeIDE/plugins/com.st.stm32cube.ide.mcu.externaltools.gnu-tools-for-stm32.12.3.rel1.win32_1.1.0.202410251130/tools/bin/../lib/gcc/arm-none-eabi/12.3.1/thumb/v6-m/nofp\libgcc.a(truncdfsf2.o)
                0x08002a50                __aeabi_d2f
 .text          0x08002b58       0x3c C:/ST/STM32CubeIDE_1.17.0/STM32CubeIDE/plugins/com.st.stm32cube.ide.mcu.externaltools.gnu-tools-for-stm32.12.3.rel1.win32_1.1.0.202410251130/tools/bin/../lib/gcc/arm-none-eabi/12.3.1/thumb/v6-m/nofp\libgcc.a(_clzsi2.o)
                0x08002b58                __clzsi2
 .text          0x08002b94       0x18 C:/ST/STM32CubeIDE_1.17.0/STM32CubeIDE/plugins/com.st.stm32cube.ide.mcu.externaltools.gnu-tools-for-stm32.12.3.rel1.win32_1.1.0.202410251130/tools/bin/../lib/gcc/arm-none-eabi/12.3.1/thumb/v6-m/nofp\libgcc.a(_clzdi2.o)
                0x08002b94                __clzdi2
 *(.text*)
 .text.__NVIC_SystemReset
                0x08002bac       0x24 BOS\BOS.o
 .text.LoadEEvars
                0x08002bd0       0x2a BOS\BOS.o
                0x08002bd0                LoadEEvars
 *fill*         0x08002bfa        0x2 
 .text.LoadROtopology
                0x08002bfc       0xfc BOS\BOS.o
                0x08002bfc                LoadROtopology
 .text.LoadEEportsDir
                0x08002cf8       0x68 BOS\BOS.o
                0x08002cf8                LoadEEportsDir
 .text.LoadEEalias
                0x08002d60       0xd8 BOS\BOS.o
                0x08002d60                LoadEEalias
 .text.LoadEEgroup
                0x08002e38      0x120 BOS\BOS.o
                0x08002e38                LoadEEgroup
 .text.LoadEEstreams
                0x08002f58      0x228 BOS\BOS.o
                0x08002f58                LoadEEstreams
 .text.LoadEEparams
                0x08003180      0x2e4 BOS\BOS.o
                0x08003180                LoadEEparams
 .text.LoadEEbuttons
                0x08003464      0x124 BOS\BOS.o
                0x08003464                LoadEEbuttons
 .text.LoadROsnippets
                0x08003588      0x1d8 BOS\BOS.o
                0x08003588                LoadROsnippets
 .text.SaveEEportsDir
                0x08003760       0x78 BOS\BOS.o
                0x08003760                SaveEEportsDir
 .text.SaveEEalias
                0x080037d8       0xd0 BOS\BOS.o
                0x080037d8                SaveEEalias
 .text.SaveEEstreams
                0x080038a8       0xdc BOS\BOS.o
                0x080038a8                SaveEEstreams
 .text.SaveEEparams
                0x08003984       0xb4 BOS\BOS.o
                0x08003984                SaveEEparams
 .text.ClearEEportsDir
                0x08003a38       0x84 BOS\BOS.o
                0x08003a38                ClearEEportsDir
 .text.IsLowerCLIbaud
                0x08003abc       0xe8 BOS\BOS.o
                0x08003abc                IsLowerCLIbaud
 .text.IsModuleParameter
                0x08003ba4       0x64 BOS\BOS.o
                0x08003ba4                IsModuleParameter
 .text.IsMathOperator
                0x08003c08       0xc4 BOS\BOS.o
                0x08003c08                IsMathOperator
 .text.BOS_Init
                0x08003ccc      0x130 BOS\BOS.o
                0x08003ccc                BOS_Init
 .text.Module_Init
                0x08003dfc       0x1e BOS\BOS.o
                0x08003dfc                Module_Init
 *fill*         0x08003e1a        0x2 
 .text.Explore  0x08003e1c      0x9b0 BOS\BOS.o
                0x08003e1c                Explore
 .text.ExploreNeighbors
                0x080047cc       0x90 BOS\BOS.o
                0x080047cc                ExploreNeighbors
 .text.FindBroadcastRoutes
                0x0800485c      0x3b0 BOS\BOS.o
                0x0800485c                FindBroadcastRoutes
 .text.FindRoute
                0x08004c0c      0x2d8 BOS\BOS.o
                0x08004c0c                FindRoute
 .text.minArr   0x08004ee4       0x88 BOS\BOS.o
                0x08004ee4                minArr
 .text.QnotEmpty
                0x08004f6c       0x50 BOS\BOS.o
                0x08004f6c                QnotEmpty
 .text.DisplayTopology
                0x08004fbc      0x258 BOS\BOS.o
                0x08004fbc                DisplayTopology
 .text.DisplayPortsDir
                0x08005214      0x118 BOS\BOS.o
                0x08005214                DisplayPortsDir
 .text.DisplayModuleStatus
                0x0800532c      0x3b4 BOS\BOS.o
                0x0800532c                DisplayModuleStatus
 .text.GetID    0x080056e0      0x15c BOS\BOS.o
                0x080056e0                GetID
 .text.NameModule
                0x0800583c      0x140 BOS\BOS.o
                0x0800583c                NameModule
 .text.AddModuleToGroup
                0x0800597c      0x1b8 BOS\BOS.o
                0x0800597c                AddModuleToGroup
 .text.WriteToRemote
                0x08005b34      0x418 BOS\BOS.o
                0x08005b34                WriteToRemote
 .text.GetDateString
                0x08005f4c       0x5c BOS\BOS.o
                0x08005f4c                GetDateString
 .text.Bridge   0x08005fa8       0x4c BOS\BOS.o
                0x08005fa8                Bridge
 .text.Unbridge
                0x08005ff4       0xbc BOS\BOS.o
                0x08005ff4                Unbridge
 .text.prvCLITask
                0x080060b0      0x254 BOS\BOS_CLI.o
                0x080060b0                prvCLITask
 .text.CLI_CommandParser
                0x08006304      0x57c BOS\BOS_CLI.o
                0x08006304                CLI_CommandParser
 .text.StringToLowerCase
                0x08006880       0x6c BOS\BOS_CLI.o
                0x08006880                StringToLowerCase
 .text.AddSnippet
                0x080068ec      0x118 BOS\BOS_CLI.o
                0x080068ec                AddSnippet
 .text.ParseSnippetCondition
                0x08006a04      0x298 BOS\BOS_CLI.o
                0x08006a04                ParseSnippetCondition
 .text.CheckSnippetCondition
                0x08006c9c      0x1cc BOS\BOS_CLI.o
                0x08006c9c                CheckSnippetCondition
 .text.ExecuteSnippet
                0x08006e68       0xdc BOS\BOS_CLI.o
                0x08006e68                ExecuteSnippet
 .text.ParseSnippetCommand
                0x08006f44       0xe0 BOS\BOS_CLI.o
                0x08006f44                ParseSnippetCommand
 .text.__NVIC_SystemReset
                0x08007024       0x24 BOS\BOS_CLIcommands.o
 .text.RegisterUserCLICommands
                0x08007048        0xa BOS\BOS_CLIcommands.o
                0x08007048                RegisterUserCLICommands
 *fill*         0x08007052        0x2 
 .text.vRegisterCLICommands
                0x08007054      0x1a4 BOS\BOS_CLIcommands.o
                0x08007054                vRegisterCLICommands
 .text.prvTaskStatsCommand
                0x080071f8       0x40 BOS\BOS_CLIcommands.o
 .text.prvRunTimeStatsCommand
                0x08007238       0x40 BOS\BOS_CLIcommands.o
 .text.pingCommand
                0x08007278       0x98 BOS\BOS_CLIcommands.o
 .text.bootloaderUpdateCommand
                0x08007310      0x200 BOS\BOS_CLIcommands.o
 .text.exploreCommand
                0x08007510       0xf8 BOS\BOS_CLIcommands.o
 .text.resetCommand
                0x08007608       0x10 BOS\BOS_CLIcommands.o
 .text.nameCommand
                0x08007618       0xe8 BOS\BOS_CLIcommands.o
 .text.groupCommand
                0x08007700      0x2fc BOS\BOS_CLIcommands.o
 .text.statusCommand
                0x080079fc       0x1c BOS\BOS_CLIcommands.o
 .text.infoCommand
                0x08007a18       0xfc BOS\BOS_CLIcommands.o
 .text.addbuttonCommand
                0x08007b14      0x150 BOS\BOS_CLIcommands.o
 .text.removebuttonCommand
                0x08007c64       0x94 BOS\BOS_CLIcommands.o
 .text.setCommand
                0x08007cf8      0xba8 BOS\BOS_CLIcommands.o
 .text.getCommand
                0x080088a0      0x39c BOS\BOS_CLIcommands.o
 .text.defaultCommand
                0x08008c3c       0xf8 BOS\BOS_CLIcommands.o
 .text.timeCommand
                0x08008d34       0xd8 BOS\BOS_CLIcommands.o
 .text.dateCommand
                0x08008e0c       0x34 BOS\BOS_CLIcommands.o
 .text.setBaudrateCommand
                0x08008e40       0xc0 BOS\BOS_CLIcommands.o
 .text.uuidCommand
                0x08008f00       0x90 BOS\BOS_CLIcommands.o
 .text.idcodeCommand
                0x08008f90       0x7c BOS\BOS_CLIcommands.o
 .text.flashsizeCommand
                0x0800900c       0x34 BOS\BOS_CLIcommands.o
 .text.snipCommand
                0x08009040      0x2dc BOS\BOS_CLIcommands.o
 .text.actSnipCommand
                0x0800931c       0xb8 BOS\BOS_CLIcommands.o
 .text.pauseSnipCommand
                0x080093d4       0xb8 BOS\BOS_CLIcommands.o
 .text.delSnipCommand
                0x0800948c      0x1d4 BOS\BOS_CLIcommands.o
 .text.bridgeCommand
                0x08009660      0x11c BOS\BOS_CLIcommands.o
 .text.unbridgeCommand
                0x0800977c      0x11c BOS\BOS_CLIcommands.o
 .text.testportCommand
                0x08009898      0x2d8 BOS\BOS_CLIcommands.o
 .text.ADCReadCommand
                0x08009b70      0x12c BOS\BOS_CLIcommands.o
 .text.ReadTempCommand
                0x08009c9c       0x54 BOS\BOS_CLIcommands.o
 .text.ReadVrefCommand
                0x08009cf0       0x54 BOS\BOS_CLIcommands.o
 .text.GetReadPercentageCommand
                0x08009d44      0x104 BOS\BOS_CLIcommands.o
 .text.StartDMAstream
                0x08009e48       0xb0 BOS\BOS_dma.o
                0x08009e48                StartDMAstream
 .text.DMA_IRQHandler
                0x08009ef8      0x118 BOS\BOS_dma.o
                0x08009ef8                DMA_IRQHandler
 .text.ResetUartORE
                0x0800a010       0x48 BOS\BOS_dma.o
                0x0800a010                ResetUartORE
 .text.MX_FREERTOS_Init
                0x0800a058      0x214 BOS\BOS_freertos.o
                0x0800a058                MX_FREERTOS_Init
 .text.StartDefaultTask
                0x0800a26c       0xf8 BOS\BOS_freertos.o
                0x0800a26c                StartDefaultTask
 .text.vMainConfigureTimerForRunTimeStats
                0x0800a364       0x2c BOS\BOS_freertos.o
                0x0800a364                vMainConfigureTimerForRunTimeStats
 .text.ulMainGetRunTimeCounterValue
                0x0800a390       0x9c BOS\BOS_freertos.o
                0x0800a390                ulMainGetRunTimeCounterValue
 .text.SetupDMAStreams
                0x0800a42c      0x3c8 BOS\BOS_messaging.o
                0x0800a42c                SetupDMAStreams
 .text.StreamTimerCallback
                0x0800a7f4       0xa4 BOS\BOS_messaging.o
                0x0800a7f4                StreamTimerCallback
 .text.ForwardReceivedMessage
                0x0800a898       0x8c BOS\BOS_messaging.o
                0x0800a898                ForwardReceivedMessage
 .text.BroadcastReceivedMessage
                0x0800a924       0x70 BOS\BOS_messaging.o
                0x0800a924                BroadcastReceivedMessage
 .text.NotifyMessagingTask
                0x0800a994       0x90 BOS\BOS_messaging.o
                0x0800a994                NotifyMessagingTask
 .text.BroadcastMessage
                0x0800aa24       0x94 BOS\BOS_messaging.o
                0x0800aa24                BroadcastMessage
 .text.SendMessageToModule
                0x0800aab8       0xa4 BOS\BOS_messaging.o
                0x0800aab8                SendMessageToModule
 .text.SendLargeMessageToModule
                0x0800ab5c      0x10c BOS\BOS_messaging.o
                0x0800ab5c                SendLargeMessageToModule
 .text.SendMessageFromPort
                0x0800ac68      0x4e0 BOS\BOS_messaging.o
                0x0800ac68                SendMessageFromPort
 .text.StartScastDMAStream
                0x0800b148      0x314 BOS\BOS_messaging.o
                0x0800b148                StartScastDMAStream
 .text.__NVIC_SystemReset
                0x0800b45c       0x24 BOS\BOS_msgparser.o
 .text.BackEndTask
                0x0800b480      0xbb8 BOS\BOS_msgparser.o
                0x0800b480                BackEndTask
 .text.PxMessagingTask
                0x0800c038     0x47f4 BOS\BOS_msgparser.o
                0x0800c038                PxMessagingTask
 .text.User_MessagingParser
                0x0801082c       0x3a BOS\BOS_msgparser.o
                0x0801082c                User_MessagingParser
 .text.SystemClock_Config
                0x08010866       0xb4 H1DR5\H1DR5.o
                0x08010866                SystemClock_Config
 *fill*         0x0801091a        0x2 
 .text.EnableStopModebyUARTx
                0x0801091c       0xb8 H1DR5\H1DR5.o
                0x0801091c                EnableStopModebyUARTx
 .text.EnableStandbyModebyWakeupPinx
                0x080109d4       0x64 H1DR5\H1DR5.o
                0x080109d4                EnableStandbyModebyWakeupPinx
 .text.DisableStandbyModeWakeupPinx
                0x08010a38       0x98 H1DR5\H1DR5.o
                0x08010a38                DisableStandbyModeWakeupPinx
 .text.SaveTopologyToRO
                0x08010ad0      0x1bc H1DR5\H1DR5.o
                0x08010ad0                SaveTopologyToRO
 .text.SaveSnippetsToRO
                0x08010c8c      0x1f8 H1DR5\H1DR5.o
                0x08010c8c                SaveSnippetsToRO
 .text.ClearROtopology
                0x08010e84       0x38 H1DR5\H1DR5.o
                0x08010e84                ClearROtopology
 .text.RemoteBootloaderUpdate
                0x08010ebc      0x178 H1DR5\H1DR5.o
                0x08010ebc                RemoteBootloaderUpdate
 .text.SetupPortForRemoteBootloaderUpdate
                0x08011034       0x52 H1DR5\H1DR5.o
                0x08011034                SetupPortForRemoteBootloaderUpdate
 *fill*         0x08011086        0x2 
 .text.Module_Peripheral_Init
                0x08011088      0x160 H1DR5\H1DR5.o
                0x08011088                Module_Peripheral_Init
 .text.Module_MessagingTask
                0x080111e8      0x2cc H1DR5\H1DR5.o
                0x080111e8                Module_MessagingTask
 .text.GetPort  0x080114b4       0x6c H1DR5\H1DR5.o
                0x080114b4                GetPort
 .text.RegisterModuleCLICommands
                0x08011520       0x6c H1DR5\H1DR5.o
                0x08011520                RegisterModuleCLICommands
 .text.GetModuleParameter
                0x0801158c       0x2a H1DR5\H1DR5.o
                0x0801158c                GetModuleParameter
 *fill*         0x080115b6        0x2 
 .text.ProcessEthernetDataTask
                0x080115b8       0xb0 H1DR5\H1DR5.o
                0x080115b8                ProcessEthernetDataTask
 .text.EthernetSendData
                0x08011668       0x58 H1DR5\H1DR5.o
                0x08011668                EthernetSendData
 .text.SetRemoteIPRemoteMAC
                0x080116c0       0x2c H1DR5\H1DR5.o
                0x080116c0                SetRemoteIPRemoteMAC
 .text.SetLocalPORT
                0x080116ec       0x3c H1DR5\H1DR5.o
                0x080116ec                SetLocalPORT
 .text.SetRemotePORT
                0x08011728       0x3c H1DR5\H1DR5.o
                0x08011728                SetRemotePORT
 .text.SetLocalIP
                0x08011764       0x88 H1DR5\H1DR5.o
                0x08011764                SetLocalIP
 .text.SetSubnetMask
                0x080117ec       0x88 H1DR5\H1DR5.o
                0x080117ec                SetSubnetMask
 .text.SetRemoteIP
                0x08011874       0x94 H1DR5\H1DR5.o
                0x08011874                SetRemoteIP
 .text.DefaultValues
                0x08011908      0x150 H1DR5\H1DR5.o
                0x08011908                DefaultValues
 .text.CLI_EthernetSendDataCommand
                0x08011a58       0x8c H1DR5\H1DR5.o
                0x08011a58                CLI_EthernetSendDataCommand
 .text.CLI_SetRemoteIPRemoteMACCommand
                0x08011ae4       0x3c H1DR5\H1DR5.o
                0x08011ae4                CLI_SetRemoteIPRemoteMACCommand
 .text.CLI_SetLocalIPCommand
                0x08011b20      0x1dc H1DR5\H1DR5.o
                0x08011b20                CLI_SetLocalIPCommand
 .text.CLI_SetSubnetMaskCommand
                0x08011cfc      0x1dc H1DR5\H1DR5.o
                0x08011cfc                CLI_SetSubnetMaskCommand
 .text.CLI_SetRemoteIPCommand
                0x08011ed8      0x1dc H1DR5\H1DR5.o
                0x08011ed8                CLI_SetRemoteIPCommand
 .text.CLI_DefaultValuesCommand
                0x080120b4      0x180 H1DR5\H1DR5.o
                0x080120b4                CLI_DefaultValuesCommand
 .text.CLI_SetLocalPORTCommand
                0x08012234       0xa0 H1DR5\H1DR5.o
                0x08012234                CLI_SetLocalPORTCommand
 .text.CLI_SetRemotePORTCommand
                0x080122d4       0xa0 H1DR5\H1DR5.o
                0x080122d4                CLI_SetRemotePORTCommand
 .text.DMA_Init
                0x08012374       0x74 H1DR5\H1DR5_dma.o
                0x08012374                DMA_Init
 .text.SetupMessagingRxDMAs
                0x080123e8       0xf4 H1DR5\H1DR5_dma.o
                0x080123e8                SetupMessagingRxDMAs
 .text.DMA_MSG_RX_Setup
                0x080124dc       0x68 H1DR5\H1DR5_dma.o
                0x080124dc                DMA_MSG_RX_Setup
 .text.DMA_STREAM_Setup
                0x08012544       0xf0 H1DR5\H1DR5_dma.o
                0x08012544                DMA_STREAM_Setup
 .text.StopDMA  0x08012634       0x98 H1DR5\H1DR5_dma.o
                0x08012634                StopDMA
 .text.SwitchMsgDMAToStream
                0x080126cc       0x52 H1DR5\H1DR5_dma.o
                0x080126cc                SwitchMsgDMAToStream
 *fill*         0x0801271e        0x2 
 .text.SwitchStreamDMAToMsg
                0x08012720       0xc8 H1DR5\H1DR5_dma.o
                0x08012720                SwitchStreamDMAToMsg
 .text.CRC_Init
                0x080127e8       0x44 H1DR5\H1DR5_dma.o
                0x080127e8                CRC_Init
 .text.HAL_CRC_MspInit
                0x0801282c       0x30 H1DR5\H1DR5_dma.o
                0x0801282c                HAL_CRC_MspInit
 .text.CalculateCRC8
                0x0801285c      0x154 H1DR5\H1DR5_dma.o
                0x0801285c                CalculateCRC8
 .text.__NVIC_SystemReset
                0x080129b0       0x24 H1DR5\H1DR5_eeprom.o
 .text.EE_Init  0x080129d4       0x56 H1DR5\H1DR5_eeprom.o
                0x080129d4                EE_Init
 .text.EE_ReadVariable
                0x08012a2a       0x42 H1DR5\H1DR5_eeprom.o
                0x08012a2a                EE_ReadVariable
 .text.EE_WriteVariable
                0x08012a6c       0x72 H1DR5\H1DR5_eeprom.o
                0x08012a6c                EE_WriteVariable
 .text.EE_Format
                0x08012ade       0x3a H1DR5\H1DR5_eeprom.o
                0x08012ade                EE_Format
 .text.EE_FormatForFactoryReset
                0x08012b18       0x2c H1DR5\H1DR5_eeprom.o
                0x08012b18                EE_FormatForFactoryReset
 .text.GPIO_Init
                0x08012b44       0x90 H1DR5\H1DR5_gpio.o
                0x08012b44                GPIO_Init
 .text.IND_LED_Init
                0x08012bd4       0x38 H1DR5\H1DR5_gpio.o
                0x08012bd4                IND_LED_Init
 .text.EthernetGPIOInit
                0x08012c0c       0xd4 H1DR5\H1DR5_gpio.o
                0x08012c0c                EthernetGPIOInit
 .text.IsFactoryReset
                0x08012ce0      0x15c H1DR5\H1DR5_gpio.o
                0x08012ce0                IsFactoryReset
 .text.GetPortGPIOs
                0x08012e3c      0x124 H1DR5\H1DR5_gpio.o
                0x08012e3c                GetPortGPIOs
 .text.MX_ADC_Init
                0x08012f60       0x88 H1DR5\H1DR5_inputs.o
                0x08012f60                MX_ADC_Init
 .text.HAL_ADC_MspInit
                0x08012fe8       0xa8 H1DR5\H1DR5_inputs.o
                0x08012fe8                HAL_ADC_MspInit
 .text.Error_Handler
                0x08013090       0x10 H1DR5\H1DR5_inputs.o
                0x08013090                Error_Handler
 .text.GetChannel
                0x080130a0       0xa8 H1DR5\H1DR5_inputs.o
                0x080130a0                GetChannel
 .text.GetRank  0x08013148       0xa4 H1DR5\H1DR5_inputs.o
                0x08013148                GetRank
 .text.CheckAttachedButtons
                0x080131ec      0x580 H1DR5\H1DR5_inputs.o
                0x080131ec                CheckAttachedButtons
 .text.AddPortButton
                0x0801376c      0x268 H1DR5\H1DR5_inputs.o
                0x0801376c                AddPortButton
 .text.RemovePortButton
                0x080139d4      0x194 H1DR5\H1DR5_inputs.o
                0x080139d4                RemovePortButton
 .text.SetButtonEvents
                0x08013b68      0x174 H1DR5\H1DR5_inputs.o
                0x08013b68                SetButtonEvents
 .text.ADCSelectPort
                0x08013cdc       0x98 H1DR5\H1DR5_inputs.o
                0x08013cdc                ADCSelectPort
 .text.ReadADCChannel
                0x08013d74      0x154 H1DR5\H1DR5_inputs.o
                0x08013d74                ReadADCChannel
 .text.ReadTempAndVref
                0x08013ec8      0x1dc H1DR5\H1DR5_inputs.o
                0x08013ec8                ReadTempAndVref
 .text.GetReadPercentage
                0x080140a4       0x7c H1DR5\H1DR5_inputs.o
                0x080140a4                GetReadPercentage
 .text.buttonReleasedCallback
                0x08014120       0x14 H1DR5\H1DR5_inputs.o
                0x08014120                buttonReleasedCallback
 .text.buttonClickedCallback
                0x08014134       0x14 H1DR5\H1DR5_inputs.o
                0x08014134                buttonClickedCallback
 .text.buttonDblClickedCallback
                0x08014148       0x14 H1DR5\H1DR5_inputs.o
                0x08014148                buttonDblClickedCallback
 .text.__NVIC_SystemReset
                0x0801415c       0x24 H1DR5\H1DR5_it.o
 .text.SysTick_Handler
                0x08014180       0x12 H1DR5\H1DR5_it.o
                0x08014180                SysTick_Handler
 *fill*         0x08014192        0x2 
 .text.HardFault_Handler
                0x08014194       0x40 H1DR5\H1DR5_it.o
                0x08014194                HardFault_Handler
 .text.HAL_UARTEx_RxEventCallback
                0x080141d4       0x74 H1DR5\H1DR5_it.o
                0x080141d4                HAL_UARTEx_RxEventCallback
 .text.USART1_IRQHandler
                0x08014248       0x24 H1DR5\H1DR5_it.o
                0x08014248                USART1_IRQHandler
 .text.USART2_LPUART2_IRQHandler
                0x0801426c       0xac H1DR5\H1DR5_it.o
                0x0801426c                USART2_LPUART2_IRQHandler
 .text.USART3_4_5_6_LPUART1_IRQHandler
                0x08014318      0x254 H1DR5\H1DR5_it.o
                0x08014318                USART3_4_5_6_LPUART1_IRQHandler
 .text.DMA1_Channel1_IRQHandler
                0x0801456c        0xa H1DR5\H1DR5_it.o
                0x0801456c                DMA1_Channel1_IRQHandler
 *fill*         0x08014576        0x2 
 .text.DMA1_Channel2_3_IRQHandler
                0x08014578       0x54 H1DR5\H1DR5_it.o
                0x08014578                DMA1_Channel2_3_IRQHandler
 .text.DMA1_Ch4_7_DMA2_Ch1_5_DMAMUX1_OVR_IRQHandler
                0x080145cc       0x80 H1DR5\H1DR5_it.o
                0x080145cc                DMA1_Ch4_7_DMA2_Ch1_5_DMAMUX1_OVR_IRQHandler
 .text.HAL_UART_TxCpltCallback
                0x0801464c       0x38 H1DR5\H1DR5_it.o
                0x0801464c                HAL_UART_TxCpltCallback
 .text.HAL_UART_ErrorCallback
                0x08014684       0xd4 H1DR5\H1DR5_it.o
                0x08014684                HAL_UART_ErrorCallback
 .text.HAL_UART_RxCpltCallback
                0x08014758       0x10 H1DR5\H1DR5_it.o
                0x08014758                HAL_UART_RxCpltCallback
 .text.HAL_UARTEx_WakeupCallback
                0x08014768       0x5c H1DR5\H1DR5_it.o
                0x08014768                HAL_UARTEx_WakeupCallback
 .text.vApplicationStackOverflowHook
                0x080147c4       0x44 H1DR5\H1DR5_it.o
                0x080147c4                vApplicationStackOverflowHook
 .text.vApplicationMallocFailedHook
                0x08014808       0x40 H1DR5\H1DR5_it.o
                0x08014808                vApplicationMallocFailedHook
 .text.RTC_Init
                0x08014848       0xd8 H1DR5\H1DR5_rtc.o
                0x08014848                RTC_Init
 .text.RTC_CalendarConfig
                0x08014920      0x18c H1DR5\H1DR5_rtc.o
                0x08014920                RTC_CalendarConfig
 .text.BOS_CalendarConfig
                0x08014aac      0x194 H1DR5\H1DR5_rtc.o
                0x08014aac                BOS_CalendarConfig
 .text.GetTimeDate
                0x08014c40       0x90 H1DR5\H1DR5_rtc.o
                0x08014c40                GetTimeDate
 .text.HAL_RTC_MspInit
                0x08014cd0       0x74 H1DR5\H1DR5_rtc.o
                0x08014cd0                HAL_RTC_MspInit
 .text.HAL_RTC_MspDeInit
                0x08014d44       0x44 H1DR5\H1DR5_rtc.o
                0x08014d44                HAL_RTC_MspDeInit
 .text.MX_SPI1_Init
                0x08014d88       0x74 H1DR5\H1DR5_spi.o
                0x08014d88                MX_SPI1_Init
 .text.HAL_SPI_MspInit
                0x08014dfc       0x94 H1DR5\H1DR5_spi.o
                0x08014dfc                HAL_SPI_MspInit
 .text.TIM_USEC_Init
                0x08014e90       0x74 H1DR5\H1DR5_timers.o
                0x08014e90                TIM_USEC_Init
 .text.TIM_MSEC_Init
                0x08014f04       0x78 H1DR5\H1DR5_timers.o
                0x08014f04                TIM_MSEC_Init
 .text.StartMicroDelay
                0x08014f7c       0x48 H1DR5\H1DR5_timers.o
                0x08014f7c                StartMicroDelay
 .text.StartMilliDelay
                0x08014fc4       0x48 H1DR5\H1DR5_timers.o
                0x08014fc4                StartMilliDelay
 .text.MX_USART2_UART_Init
                0x0801500c       0x7c H1DR5\H1DR5_uart.o
                0x0801500c                MX_USART2_UART_Init
 .text.MX_USART3_UART_Init
                0x08015088       0x7c H1DR5\H1DR5_uart.o
                0x08015088                MX_USART3_UART_Init
 .text.MX_USART4_UART_Init
                0x08015104       0x60 H1DR5\H1DR5_uart.o
                0x08015104                MX_USART4_UART_Init
 .text.MX_USART5_UART_Init
                0x08015164       0x60 H1DR5\H1DR5_uart.o
                0x08015164                MX_USART5_UART_Init
 .text.MX_USART6_UART_Init
                0x080151c4       0x60 H1DR5\H1DR5_uart.o
                0x080151c4                MX_USART6_UART_Init
 .text.HAL_UART_MspInit
                0x08015224      0x518 H1DR5\H1DR5_uart.o
                0x08015224                HAL_UART_MspInit
 .text.writePxMutex
                0x0801573c       0xac H1DR5\H1DR5_uart.o
                0x0801573c                writePxMutex
 .text.writePxITMutex
                0x080157e8       0x80 H1DR5\H1DR5_uart.o
                0x080157e8                writePxITMutex
 .text.UpdateBaudrate
                0x08015868       0x3e H1DR5\H1DR5_uart.o
                0x08015868                UpdateBaudrate
 *fill*         0x080158a6        0x2 
 .text.GetUart  0x080158a8       0x54 H1DR5\H1DR5_uart.o
                0x080158a8                GetUart
 .text.SwapUartPins
                0x080158fc      0x118 H1DR5\H1DR5_uart.o
                0x080158fc                SwapUartPins
 .text.ReadPortsDir
                0x08015a14       0xa8 H1DR5\H1DR5_uart.o
                0x08015a14                ReadPortsDir
 .text.ReadPortsDirMSG
                0x08015abc       0x80 H1DR5\H1DR5_uart.o
                0x08015abc                ReadPortsDirMSG
 .text.UpdateMyPortsDir
                0x08015b3c       0x84 H1DR5\H1DR5_uart.o
                0x08015b3c                UpdateMyPortsDir
 .text.Reset_Handler
                0x08015bc0       0x90 H1DR5\startup_stm32g0b1ceuxn.o
                0x08015bc0                Reset_Handler
 .text.Default_Handler
                0x08015c50        0x2 H1DR5\startup_stm32g0b1ceuxn.o
                0x08015c50                I2C2_3_IRQHandler
                0x08015c50                TIM1_CC_IRQHandler
                0x08015c50                ADC1_COMP_IRQHandler
                0x08015c50                NMI_Handler
                0x08015c50                I2C1_IRQHandler
                0x08015c50                TIM7_LPTIM2_IRQHandler
                0x08015c50                TIM17_FDCAN_IT1_IRQHandler
                0x08015c50                RCC_CRS_IRQHandler
                0x08015c50                RTC_TAMP_IRQHandler
                0x08015c50                SPI1_IRQHandler
                0x08015c50                USB_UCPD1_2_IRQHandler
                0x08015c50                EXTI2_3_IRQHandler
                0x08015c50                PVD_VDDIO2_IRQHandler
                0x08015c50                EXTI4_15_IRQHandler
                0x08015c50                Default_Handler
                0x08015c50                CEC_IRQHandler
                0x08015c50                TIM14_IRQHandler
                0x08015c50                TIM15_IRQHandler
                0x08015c50                TIM3_TIM4_IRQHandler
                0x08015c50                EXTI0_1_IRQHandler
                0x08015c50                SPI2_3_IRQHandler
                0x08015c50                TIM6_DAC_LPTIM1_IRQHandler
                0x08015c50                WWDG_IRQHandler
                0x08015c50                TIM2_IRQHandler
                0x08015c50                FLASH_IRQHandler
                0x08015c50                TIM16_FDCAN_IT0_IRQHandler
                0x08015c50                TIM1_BRK_UP_TRG_COM_IRQHandler
 .text.SystemInit
                0x08015c52        0xa Thirdparty\CMSIS\STM32G0xx\Device\ST\STM32G0xx\Source\Templates\system_stm32g0xx.o
                0x08015c52                SystemInit
 .text.LL_CRC_ResetCRCCalculationUnit
                0x08015c5c       0x1c Thirdparty\EEPROM_Emul\Core\eeprom_emul.o
 .text.LL_CRC_SetPolynomialSize
                0x08015c78       0x24 Thirdparty\EEPROM_Emul\Core\eeprom_emul.o
 .text.LL_CRC_SetPolynomialCoef
                0x08015c9c       0x18 Thirdparty\EEPROM_Emul\Core\eeprom_emul.o
 .text.LL_CRC_FeedData32
                0x08015cb4       0x18 Thirdparty\EEPROM_Emul\Core\eeprom_emul.o
 .text.LL_CRC_FeedData16
                0x08015ccc       0x22 Thirdparty\EEPROM_Emul\Core\eeprom_emul.o
 .text.LL_CRC_ReadData16
                0x08015cee       0x16 Thirdparty\EEPROM_Emul\Core\eeprom_emul.o
 .text.LL_AHB1_GRP1_EnableClock
                0x08015d04       0x2c Thirdparty\EEPROM_Emul\Core\eeprom_emul.o
 .text.EEPROM_Init
                0x08015d30     0x1874 Thirdparty\EEPROM_Emul\Core\eeprom_emul.o
                0x08015d30                EEPROM_Init
 .text.EEPROM_Format
                0x080175a4      0x2a8 Thirdparty\EEPROM_Emul\Core\eeprom_emul.o
                0x080175a4                EEPROM_Format
 .text.EE_ReadVariable16bits
                0x0801784c       0x60 Thirdparty\EEPROM_Emul\Core\eeprom_emul.o
                0x0801784c                EE_ReadVariable16bits
 .text.EE_WriteVariable16bits
                0x080178ac       0x48 Thirdparty\EEPROM_Emul\Core\eeprom_emul.o
                0x080178ac                EE_WriteVariable16bits
 .text.EE_CleanUp
                0x080178f4      0x2a4 Thirdparty\EEPROM_Emul\Core\eeprom_emul.o
                0x080178f4                EE_CleanUp
 .text.ReadVariable
                0x08017b98      0x340 Thirdparty\EEPROM_Emul\Core\eeprom_emul.o
 .text.WriteVariable
                0x08017ed8       0x52 Thirdparty\EEPROM_Emul\Core\eeprom_emul.o
 .text.VerifyPageFullyErased
                0x08017f2a       0x4e Thirdparty\EEPROM_Emul\Core\eeprom_emul.o
 .text.FindPage
                0x08017f78      0x444 Thirdparty\EEPROM_Emul\Core\eeprom_emul.o
 .text.PagesTransfer
                0x080183bc      0x8ec Thirdparty\EEPROM_Emul\Core\eeprom_emul.o
 .text.VerifyPagesFullWriteVariable
                0x08018ca8      0x1ac Thirdparty\EEPROM_Emul\Core\eeprom_emul.o
 .text.SetPageState
                0x08018e54      0x364 Thirdparty\EEPROM_Emul\Core\eeprom_emul.o
 .text.GetPageState
                0x080191b8       0xa0 Thirdparty\EEPROM_Emul\Core\eeprom_emul.o
 .text.ConfigureCrc
                0x08019258       0x34 Thirdparty\EEPROM_Emul\Core\eeprom_emul.o
                0x08019258                ConfigureCrc
 .text.CalculateCrc
                0x0801928c       0x48 Thirdparty\EEPROM_Emul\Core\eeprom_emul.o
                0x0801928c                CalculateCrc
 .text.FI_WriteDoubleWord
                0x080192d4       0x22 Thirdparty\EEPROM_Emul\Porting\STM32G0\flash_interface.o
                0x080192d4                FI_WriteDoubleWord
 *fill*         0x080192f6        0x2 
 .text.FI_PageErase
                0x080192f8      0x120 Thirdparty\EEPROM_Emul\Porting\STM32G0\flash_interface.o
                0x080192f8                FI_PageErase
 .text.FI_CacheFlush
                0x08019418        0xa Thirdparty\EEPROM_Emul\Porting\STM32G0\flash_interface.o
                0x08019418                FI_CacheFlush
 *fill*         0x08019422        0x2 
 .text.GetBankNumber
                0x08019424       0x90 Thirdparty\EEPROM_Emul\Porting\STM32G0\flash_interface.o
 .text.FI_CheckBankConfig
                0x080194b4       0x18 Thirdparty\EEPROM_Emul\Porting\STM32G0\flash_interface.o
                0x080194b4                FI_CheckBankConfig
 .text.enc28j60_read_op
                0x080194cc       0x90 Thirdparty\Ethernet_Library\enc28j60.o
                0x080194cc                enc28j60_read_op
 .text.enc28j60_write_op
                0x0801955c       0x78 Thirdparty\Ethernet_Library\enc28j60.o
                0x0801955c                enc28j60_write_op
 .text.enc28j60_set_bank
                0x080195d4       0x64 Thirdparty\Ethernet_Library\enc28j60.o
                0x080195d4                enc28j60_set_bank
 .text.enc28j60_rcr
                0x08019638       0x2c Thirdparty\Ethernet_Library\enc28j60.o
                0x08019638                enc28j60_rcr
 .text.enc28j60_wcr
                0x08019664       0x34 Thirdparty\Ethernet_Library\enc28j60.o
                0x08019664                enc28j60_wcr
 .text.enc28j60_wcr16
                0x08019698       0x50 Thirdparty\Ethernet_Library\enc28j60.o
                0x08019698                enc28j60_wcr16
 .text.enc28j60_bfc
                0x080196e8       0x34 Thirdparty\Ethernet_Library\enc28j60.o
                0x080196e8                enc28j60_bfc
 .text.enc28j60_bfs
                0x0801971c       0x34 Thirdparty\Ethernet_Library\enc28j60.o
                0x0801971c                enc28j60_bfs
 .text.enc28j60_read_buffer
                0x08019750       0x6c Thirdparty\Ethernet_Library\enc28j60.o
                0x08019750                enc28j60_read_buffer
 .text.enc28j60_write_buffer
                0x080197bc       0x6c Thirdparty\Ethernet_Library\enc28j60.o
                0x080197bc                enc28j60_write_buffer
 .text.enc28j60_write_phy
                0x08019828       0x46 Thirdparty\Ethernet_Library\enc28j60.o
                0x08019828                enc28j60_write_phy
 *fill*         0x0801986e        0x2 
 .text.enc28j60_init
                0x08019870      0x10c Thirdparty\Ethernet_Library\enc28j60.o
                0x08019870                enc28j60_init
 .text.enc28j60_send_packet
                0x0801997c       0x9c Thirdparty\Ethernet_Library\enc28j60.o
                0x0801997c                enc28j60_send_packet
 .text.enc28j60_recv_packet
                0x08019a18       0xc0 Thirdparty\Ethernet_Library\enc28j60.o
                0x08019a18                enc28j60_recv_packet
 .text.ether_send_udp
                0x08019ad8       0x78 Thirdparty\Ethernet_Library\lan.o
                0x08019ad8                ether_send_udp
 .text.udp_send
                0x08019b50      0x20c Thirdparty\Ethernet_Library\lan.o
                0x08019b50                udp_send
 .text.udp_reply
                0x08019d5c      0x1a4 Thirdparty\Ethernet_Library\lan.o
                0x08019d5c                udp_reply
 .text.udp_filter
                0x08019f00       0x78 Thirdparty\Ethernet_Library\lan.o
                0x08019f00                udp_filter
 .text.udp_filter_answer
                0x08019f78       0x38 Thirdparty\Ethernet_Library\lan.o
                0x08019f78                udp_filter_answer
 .text.icmp_filter
                0x08019fb0       0x7e Thirdparty\Ethernet_Library\lan.o
                0x08019fb0                icmp_filter
 .text.ip_cksum
                0x0801a02e       0x82 Thirdparty\Ethernet_Library\lan.o
                0x0801a02e                ip_cksum
 .text.ip_send  0x0801a0b0      0x1d0 Thirdparty\Ethernet_Library\lan.o
                0x0801a0b0                ip_send
 .text.ip_reply
                0x0801a280      0x1ac Thirdparty\Ethernet_Library\lan.o
                0x0801a280                ip_reply
 .text.ip_filter
                0x0801a42c       0xcc Thirdparty\Ethernet_Library\lan.o
                0x0801a42c                ip_filter
 .text.arp_search_cache
                0x0801a4f8       0x6c Thirdparty\Ethernet_Library\lan.o
                0x0801a4f8                arp_search_cache
 .text.arp_resolve
                0x0801a564      0x18c Thirdparty\Ethernet_Library\lan.o
                0x0801a564                arp_resolve
 .text.arp_filter
                0x0801a6f0      0x254 Thirdparty\Ethernet_Library\lan.o
                0x0801a6f0                arp_filter
 .text.eth_send
                0x0801a944       0x40 Thirdparty\Ethernet_Library\lan.o
                0x0801a944                eth_send
 .text.eth_reply
                0x0801a984       0x4c Thirdparty\Ethernet_Library\lan.o
                0x0801a984                eth_reply
 .text.lan_init
                0x0801a9d0       0x18 Thirdparty\Ethernet_Library\lan.o
                0x0801a9d0                lan_init
 .text.lan_poll
                0x0801a9e8      0x1c8 Thirdparty\Ethernet_Library\lan.o
                0x0801a9e8                lan_poll
 .text.inHandlerMode
                0x0801abb0       0x1c Thirdparty\Middleware\STM32G0xx\FreeRTOS\Source\CMSIS_RTOS\cmsis_os.o
 .text.osKernelStart
                0x0801abcc       0x10 Thirdparty\Middleware\STM32G0xx\FreeRTOS\Source\CMSIS_RTOS\cmsis_os.o
                0x0801abcc                osKernelStart
 .text.osDelay  0x0801abdc       0x28 Thirdparty\Middleware\STM32G0xx\FreeRTOS\Source\CMSIS_RTOS\cmsis_os.o
                0x0801abdc                osDelay
 .text.osSemaphoreCreate
                0x0801ac04       0x4a Thirdparty\Middleware\STM32G0xx\FreeRTOS\Source\CMSIS_RTOS\cmsis_os.o
                0x0801ac04                osSemaphoreCreate
 *fill*         0x0801ac4e        0x2 
 .text.osSemaphoreWait
                0x0801ac50       0x94 Thirdparty\Middleware\STM32G0xx\FreeRTOS\Source\CMSIS_RTOS\cmsis_os.o
                0x0801ac50                osSemaphoreWait
 .text.osSemaphoreRelease
                0x0801ace4       0x64 Thirdparty\Middleware\STM32G0xx\FreeRTOS\Source\CMSIS_RTOS\cmsis_os.o
                0x0801ace4                osSemaphoreRelease
 .text.osSystickHandler
                0x0801ad48       0x18 Thirdparty\Middleware\STM32G0xx\FreeRTOS\Source\CMSIS_RTOS\cmsis_os.o
                0x0801ad48                osSystickHandler
 .text.FreeRTOS_CLIRegisterCommand
                0x0801ad60       0x50 Thirdparty\Middleware\STM32G0xx\FreeRTOS\Source\FreeRTOS_CLI.o
                0x0801ad60                FreeRTOS_CLIRegisterCommand
 .text.FreeRTOS_CLIProcessCommand
                0x0801adb0      0x11c Thirdparty\Middleware\STM32G0xx\FreeRTOS\Source\FreeRTOS_CLI.o
                0x0801adb0                FreeRTOS_CLIProcessCommand
 .text.FreeRTOS_CLIGetOutputBuffer
                0x0801aecc       0x10 Thirdparty\Middleware\STM32G0xx\FreeRTOS\Source\FreeRTOS_CLI.o
                0x0801aecc                FreeRTOS_CLIGetOutputBuffer
 .text.FreeRTOS_CLIGetParameter
                0x0801aedc       0xbc Thirdparty\Middleware\STM32G0xx\FreeRTOS\Source\FreeRTOS_CLI.o
                0x0801aedc                FreeRTOS_CLIGetParameter
 .text.prvHelpCommand
                0x0801af98      0x154 Thirdparty\Middleware\STM32G0xx\FreeRTOS\Source\FreeRTOS_CLI.o
 .text.prvGetNumberOfParameters
                0x0801b0ec       0x7a Thirdparty\Middleware\STM32G0xx\FreeRTOS\Source\FreeRTOS_CLI.o
 .text.vListInitialise
                0x0801b166       0x3c Thirdparty\Middleware\STM32G0xx\FreeRTOS\Source\list.o
                0x0801b166                vListInitialise
 .text.vListInitialiseItem
                0x0801b1a2       0x16 Thirdparty\Middleware\STM32G0xx\FreeRTOS\Source\list.o
                0x0801b1a2                vListInitialiseItem
 .text.vListInsertEnd
                0x0801b1b8       0x44 Thirdparty\Middleware\STM32G0xx\FreeRTOS\Source\list.o
                0x0801b1b8                vListInsertEnd
 .text.vListInsert
                0x0801b1fc       0x6c Thirdparty\Middleware\STM32G0xx\FreeRTOS\Source\list.o
                0x0801b1fc                vListInsert
 .text.uxListRemove
                0x0801b268       0x50 Thirdparty\Middleware\STM32G0xx\FreeRTOS\Source\list.o
                0x0801b268                uxListRemove
 .text.pxPortInitialiseStack
                0x0801b2b8       0x54 Thirdparty\Middleware\STM32G0xx\FreeRTOS\Source\portable\GCC\ARM_CM0\port.o
                0x0801b2b8                pxPortInitialiseStack
 .text.prvTaskExitError
                0x0801b30c       0x1e Thirdparty\Middleware\STM32G0xx\FreeRTOS\Source\portable\GCC\ARM_CM0\port.o
 .text.SVC_Handler
                0x0801b32a        0xa Thirdparty\Middleware\STM32G0xx\FreeRTOS\Source\portable\GCC\ARM_CM0\port.o
                0x0801b32a                SVC_Handler
 *fill*         0x0801b334        0xc 
 .text.vPortStartFirstTask
                0x0801b340       0x38 Thirdparty\Middleware\STM32G0xx\FreeRTOS\Source\portable\GCC\ARM_CM0\port.o
 .text.xPortStartScheduler
                0x0801b378       0x48 Thirdparty\Middleware\STM32G0xx\FreeRTOS\Source\portable\GCC\ARM_CM0\port.o
                0x0801b378                xPortStartScheduler
 .text.vPortYield
                0x0801b3c0       0x20 Thirdparty\Middleware\STM32G0xx\FreeRTOS\Source\portable\GCC\ARM_CM0\port.o
                0x0801b3c0                vPortYield
 .text.vPortEnterCritical
                0x0801b3e0       0x24 Thirdparty\Middleware\STM32G0xx\FreeRTOS\Source\portable\GCC\ARM_CM0\port.o
                0x0801b3e0                vPortEnterCritical
 .text.vPortExitCritical
                0x0801b404       0x24 Thirdparty\Middleware\STM32G0xx\FreeRTOS\Source\portable\GCC\ARM_CM0\port.o
                0x0801b404                vPortExitCritical
 .text.ulSetInterruptMaskFromISR
                0x0801b428        0xc Thirdparty\Middleware\STM32G0xx\FreeRTOS\Source\portable\GCC\ARM_CM0\port.o
                0x0801b428                ulSetInterruptMaskFromISR
 .text.vClearInterruptMaskFromISR
                0x0801b434        0x8 Thirdparty\Middleware\STM32G0xx\FreeRTOS\Source\portable\GCC\ARM_CM0\port.o
                0x0801b434                vClearInterruptMaskFromISR
 *fill*         0x0801b43c        0x4 
 .text.PendSV_Handler
                0x0801b440       0x48 Thirdparty\Middleware\STM32G0xx\FreeRTOS\Source\portable\GCC\ARM_CM0\port.o
                0x0801b440                PendSV_Handler
 .text.xPortSysTickHandler
                0x0801b488       0x34 Thirdparty\Middleware\STM32G0xx\FreeRTOS\Source\portable\GCC\ARM_CM0\port.o
                0x0801b488                xPortSysTickHandler
 .text.vPortSetupTimerInterrupt
                0x0801b4bc       0x44 Thirdparty\Middleware\STM32G0xx\FreeRTOS\Source\portable\GCC\ARM_CM0\port.o
                0x0801b4bc                vPortSetupTimerInterrupt
 .text.pvPortMalloc
                0x0801b500      0x140 Thirdparty\Middleware\STM32G0xx\FreeRTOS\Source\portable\MemMang\heap_4.o
                0x0801b500                pvPortMalloc
 .text.vPortFree
                0x0801b640       0x80 Thirdparty\Middleware\STM32G0xx\FreeRTOS\Source\portable\MemMang\heap_4.o
                0x0801b640                vPortFree
 .text.prvHeapInit
                0x0801b6c0       0xc0 Thirdparty\Middleware\STM32G0xx\FreeRTOS\Source\portable\MemMang\heap_4.o
 .text.prvInsertBlockIntoFreeList
                0x0801b780       0xb0 Thirdparty\Middleware\STM32G0xx\FreeRTOS\Source\portable\MemMang\heap_4.o
 .text.xQueueGenericReset
                0x0801b830       0x9e Thirdparty\Middleware\STM32G0xx\FreeRTOS\Source\queue.o
                0x0801b830                xQueueGenericReset
 .text.xQueueGenericCreate
                0x0801b8ce       0x52 Thirdparty\Middleware\STM32G0xx\FreeRTOS\Source\queue.o
                0x0801b8ce                xQueueGenericCreate
 .text.prvInitialiseNewQueue
                0x0801b920       0x4e Thirdparty\Middleware\STM32G0xx\FreeRTOS\Source\queue.o
 .text.xQueueCreateCountingSemaphore
                0x0801b96e       0x30 Thirdparty\Middleware\STM32G0xx\FreeRTOS\Source\queue.o
                0x0801b96e                xQueueCreateCountingSemaphore
 .text.xQueueGenericSend
                0x0801b99e      0x12a Thirdparty\Middleware\STM32G0xx\FreeRTOS\Source\queue.o
                0x0801b99e                xQueueGenericSend
 .text.xQueueGenericSendFromISR
                0x0801bac8       0xa6 Thirdparty\Middleware\STM32G0xx\FreeRTOS\Source\queue.o
                0x0801bac8                xQueueGenericSendFromISR
 .text.xQueueGiveFromISR
                0x0801bb6e       0x96 Thirdparty\Middleware\STM32G0xx\FreeRTOS\Source\queue.o
                0x0801bb6e                xQueueGiveFromISR
 .text.xQueueReceive
                0x0801bc04      0x128 Thirdparty\Middleware\STM32G0xx\FreeRTOS\Source\queue.o
                0x0801bc04                xQueueReceive
 .text.xQueueSemaphoreTake
                0x0801bd2c      0x178 Thirdparty\Middleware\STM32G0xx\FreeRTOS\Source\queue.o
                0x0801bd2c                xQueueSemaphoreTake
 .text.xQueueReceiveFromISR
                0x0801bea4       0xa0 Thirdparty\Middleware\STM32G0xx\FreeRTOS\Source\queue.o
                0x0801bea4                xQueueReceiveFromISR
 .text.prvGetDisinheritPriorityAfterTimeout
                0x0801bf44       0x2c Thirdparty\Middleware\STM32G0xx\FreeRTOS\Source\queue.o
 .text.prvCopyDataToQueue
                0x0801bf70       0xd6 Thirdparty\Middleware\STM32G0xx\FreeRTOS\Source\queue.o
 .text.prvCopyDataFromQueue
                0x0801c046       0x4c Thirdparty\Middleware\STM32G0xx\FreeRTOS\Source\queue.o
 .text.prvUnlockQueue
                0x0801c092       0xbc Thirdparty\Middleware\STM32G0xx\FreeRTOS\Source\queue.o
 .text.prvIsQueueEmpty
                0x0801c14e       0x2c Thirdparty\Middleware\STM32G0xx\FreeRTOS\Source\queue.o
 .text.prvIsQueueFull
                0x0801c17a       0x30 Thirdparty\Middleware\STM32G0xx\FreeRTOS\Source\queue.o
 *fill*         0x0801c1aa        0x2 
 .text.vQueueAddToRegistry
                0x0801c1ac       0x50 Thirdparty\Middleware\STM32G0xx\FreeRTOS\Source\queue.o
                0x0801c1ac                vQueueAddToRegistry
 .text.vQueueWaitForMessageRestricted
                0x0801c1fc       0x66 Thirdparty\Middleware\STM32G0xx\FreeRTOS\Source\queue.o
                0x0801c1fc                vQueueWaitForMessageRestricted
 .text.xTaskCreate
                0x0801c262       0x90 Thirdparty\Middleware\STM32G0xx\FreeRTOS\Source\tasks.o
                0x0801c262                xTaskCreate
 *fill*         0x0801c2f2        0x2 
 .text.prvInitialiseNewTask
                0x0801c2f4      0x10c Thirdparty\Middleware\STM32G0xx\FreeRTOS\Source\tasks.o
 .text.prvAddNewTaskToReadyList
                0x0801c400       0xd0 Thirdparty\Middleware\STM32G0xx\FreeRTOS\Source\tasks.o
 .text.vTaskDelay
                0x0801c4d0       0x3a Thirdparty\Middleware\STM32G0xx\FreeRTOS\Source\tasks.o
                0x0801c4d0                vTaskDelay
 *fill*         0x0801c50a        0x2 
 .text.eTaskGetState
                0x0801c50c       0xd0 Thirdparty\Middleware\STM32G0xx\FreeRTOS\Source\tasks.o
                0x0801c50c                eTaskGetState
 .text.uxTaskPriorityGet
                0x0801c5dc       0x34 Thirdparty\Middleware\STM32G0xx\FreeRTOS\Source\tasks.o
                0x0801c5dc                uxTaskPriorityGet
 .text.vTaskPrioritySet
                0x0801c610      0x110 Thirdparty\Middleware\STM32G0xx\FreeRTOS\Source\tasks.o
                0x0801c610                vTaskPrioritySet
 .text.vTaskStartScheduler
                0x0801c720       0x74 Thirdparty\Middleware\STM32G0xx\FreeRTOS\Source\tasks.o
                0x0801c720                vTaskStartScheduler
 .text.vTaskSuspendAll
                0x0801c794       0x18 Thirdparty\Middleware\STM32G0xx\FreeRTOS\Source\tasks.o
                0x0801c794                vTaskSuspendAll
 .text.xTaskResumeAll
                0x0801c7ac      0x10c Thirdparty\Middleware\STM32G0xx\FreeRTOS\Source\tasks.o
                0x0801c7ac                xTaskResumeAll
 .text.xTaskGetTickCount
                0x0801c8b8       0x1c Thirdparty\Middleware\STM32G0xx\FreeRTOS\Source\tasks.o
                0x0801c8b8                xTaskGetTickCount
 .text.xTaskGetTickCountFromISR
                0x0801c8d4       0x20 Thirdparty\Middleware\STM32G0xx\FreeRTOS\Source\tasks.o
                0x0801c8d4                xTaskGetTickCountFromISR
 .text.uxTaskGetSystemState
                0x0801c8f4      0x120 Thirdparty\Middleware\STM32G0xx\FreeRTOS\Source\tasks.o
                0x0801c8f4                uxTaskGetSystemState
 .text.xTaskIncrementTick
                0x0801ca14      0x150 Thirdparty\Middleware\STM32G0xx\FreeRTOS\Source\tasks.o
                0x0801ca14                xTaskIncrementTick
 .text.vTaskSwitchContext
                0x0801cb64      0x124 Thirdparty\Middleware\STM32G0xx\FreeRTOS\Source\tasks.o
                0x0801cb64                vTaskSwitchContext
 .text.vTaskPlaceOnEventList
                0x0801cc88       0x34 Thirdparty\Middleware\STM32G0xx\FreeRTOS\Source\tasks.o
                0x0801cc88                vTaskPlaceOnEventList
 .text.vTaskPlaceOnEventListRestricted
                0x0801ccbc       0x44 Thirdparty\Middleware\STM32G0xx\FreeRTOS\Source\tasks.o
                0x0801ccbc                vTaskPlaceOnEventListRestricted
 .text.xTaskRemoveFromEventList
                0x0801cd00       0xb0 Thirdparty\Middleware\STM32G0xx\FreeRTOS\Source\tasks.o
                0x0801cd00                xTaskRemoveFromEventList
 .text.vTaskInternalSetTimeOutState
                0x0801cdb0       0x28 Thirdparty\Middleware\STM32G0xx\FreeRTOS\Source\tasks.o
                0x0801cdb0                vTaskInternalSetTimeOutState
 .text.xTaskCheckForTimeOut
                0x0801cdd8       0x8c Thirdparty\Middleware\STM32G0xx\FreeRTOS\Source\tasks.o
                0x0801cdd8                xTaskCheckForTimeOut
 .text.vTaskMissedYield
                0x0801ce64       0x14 Thirdparty\Middleware\STM32G0xx\FreeRTOS\Source\tasks.o
                0x0801ce64                vTaskMissedYield
 .text.prvIdleTask
                0x0801ce78       0x20 Thirdparty\Middleware\STM32G0xx\FreeRTOS\Source\tasks.o
 .text.prvInitialiseTaskLists
                0x0801ce98       0x88 Thirdparty\Middleware\STM32G0xx\FreeRTOS\Source\tasks.o
 .text.prvCheckTasksWaitingTermination
                0x0801cf20       0x5c Thirdparty\Middleware\STM32G0xx\FreeRTOS\Source\tasks.o
 .text.vTaskGetInfo
                0x0801cf7c       0xd8 Thirdparty\Middleware\STM32G0xx\FreeRTOS\Source\tasks.o
                0x0801cf7c                vTaskGetInfo
 .text.prvListTasksWithinSingleList
                0x0801d054       0xa6 Thirdparty\Middleware\STM32G0xx\FreeRTOS\Source\tasks.o
 .text.prvTaskCheckFreeStackSpace
                0x0801d0fa       0x34 Thirdparty\Middleware\STM32G0xx\FreeRTOS\Source\tasks.o
 .text.prvDeleteTCB
                0x0801d12e       0x22 Thirdparty\Middleware\STM32G0xx\FreeRTOS\Source\tasks.o
 .text.prvResetNextTaskUnblockTime
                0x0801d150       0x3c Thirdparty\Middleware\STM32G0xx\FreeRTOS\Source\tasks.o
 .text.xTaskGetSchedulerState
                0x0801d18c       0x38 Thirdparty\Middleware\STM32G0xx\FreeRTOS\Source\tasks.o
                0x0801d18c                xTaskGetSchedulerState
 .text.xTaskPriorityInherit
                0x0801d1c4       0xd0 Thirdparty\Middleware\STM32G0xx\FreeRTOS\Source\tasks.o
                0x0801d1c4                xTaskPriorityInherit
 .text.xTaskPriorityDisinherit
                0x0801d294       0x98 Thirdparty\Middleware\STM32G0xx\FreeRTOS\Source\tasks.o
                0x0801d294                xTaskPriorityDisinherit
 .text.vTaskPriorityDisinheritAfterTimeout
                0x0801d32c       0xc0 Thirdparty\Middleware\STM32G0xx\FreeRTOS\Source\tasks.o
                0x0801d32c                vTaskPriorityDisinheritAfterTimeout
 .text.prvWriteNameToBuffer
                0x0801d3ec       0x52 Thirdparty\Middleware\STM32G0xx\FreeRTOS\Source\tasks.o
 *fill*         0x0801d43e        0x2 
 .text.vTaskList
                0x0801d440      0x14c Thirdparty\Middleware\STM32G0xx\FreeRTOS\Source\tasks.o
                0x0801d440                vTaskList
 .text.vTaskGetRunTimeStats
                0x0801d58c      0x118 Thirdparty\Middleware\STM32G0xx\FreeRTOS\Source\tasks.o
                0x0801d58c                vTaskGetRunTimeStats
 .text.pvTaskIncrementMutexHeldCount
                0x0801d6a4       0x24 Thirdparty\Middleware\STM32G0xx\FreeRTOS\Source\tasks.o
                0x0801d6a4                pvTaskIncrementMutexHeldCount
 .text.ulTaskNotifyTake
                0x0801d6c8       0x84 Thirdparty\Middleware\STM32G0xx\FreeRTOS\Source\tasks.o
                0x0801d6c8                ulTaskNotifyTake
 .text.xTaskGenericNotify
                0x0801d74c      0x104 Thirdparty\Middleware\STM32G0xx\FreeRTOS\Source\tasks.o
                0x0801d74c                xTaskGenericNotify
 .text.xTaskGenericNotifyFromISR
                0x0801d850      0x140 Thirdparty\Middleware\STM32G0xx\FreeRTOS\Source\tasks.o
                0x0801d850                xTaskGenericNotifyFromISR
 .text.vTaskNotifyGiveFromISR
                0x0801d990       0xd8 Thirdparty\Middleware\STM32G0xx\FreeRTOS\Source\tasks.o
                0x0801d990                vTaskNotifyGiveFromISR
 .text.prvAddCurrentTaskToDelayedList
                0x0801da68       0xa8 Thirdparty\Middleware\STM32G0xx\FreeRTOS\Source\tasks.o
 .text.xTimerCreateTimerTask
                0x0801db10       0x4c Thirdparty\Middleware\STM32G0xx\FreeRTOS\Source\timers.o
                0x0801db10                xTimerCreateTimerTask
 .text.xTimerCreate
                0x0801db5c       0x46 Thirdparty\Middleware\STM32G0xx\FreeRTOS\Source\timers.o
                0x0801db5c                xTimerCreate
 .text.prvInitialiseNewTimer
                0x0801dba2       0x5a Thirdparty\Middleware\STM32G0xx\FreeRTOS\Source\timers.o
 .text.xTimerGenericCommand
                0x0801dbfc       0x8c Thirdparty\Middleware\STM32G0xx\FreeRTOS\Source\timers.o
                0x0801dbfc                xTimerGenericCommand
 .text.prvProcessExpiredTimer
                0x0801dc88       0x80 Thirdparty\Middleware\STM32G0xx\FreeRTOS\Source\timers.o
 .text.prvTimerTask
                0x0801dd08       0x28 Thirdparty\Middleware\STM32G0xx\FreeRTOS\Source\timers.o
 .text.prvProcessTimerOrBlockTask
                0x0801dd30       0x90 Thirdparty\Middleware\STM32G0xx\FreeRTOS\Source\timers.o
 .text.prvGetNextExpireTime
                0x0801ddc0       0x44 Thirdparty\Middleware\STM32G0xx\FreeRTOS\Source\timers.o
 .text.prvSampleTimeNow
                0x0801de04       0x40 Thirdparty\Middleware\STM32G0xx\FreeRTOS\Source\timers.o
 .text.prvInsertTimerInActiveList
                0x0801de44       0x84 Thirdparty\Middleware\STM32G0xx\FreeRTOS\Source\timers.o
 .text.prvProcessReceivedCommands
                0x0801dec8      0x16c Thirdparty\Middleware\STM32G0xx\FreeRTOS\Source\timers.o
 .text.prvSwitchTimerLists
                0x0801e034       0xb0 Thirdparty\Middleware\STM32G0xx\FreeRTOS\Source\timers.o
 .text.prvCheckForValidListAndQueue
                0x0801e0e4       0x74 Thirdparty\Middleware\STM32G0xx\FreeRTOS\Source\timers.o
 .text.HAL_Init
                0x0801e158       0x40 Thirdparty\STM32G0xx_HAL_Driver\Src\stm32g0xx_hal.o
                0x0801e158                HAL_Init
 .text.HAL_InitTick
                0x0801e198       0x94 Thirdparty\STM32G0xx_HAL_Driver\Src\stm32g0xx_hal.o
                0x0801e198                HAL_InitTick
 .text.HAL_IncTick
                0x0801e22c       0x24 Thirdparty\STM32G0xx_HAL_Driver\Src\stm32g0xx_hal.o
                0x0801e22c                HAL_IncTick
 .text.HAL_GetTick
                0x0801e250       0x14 Thirdparty\STM32G0xx_HAL_Driver\Src\stm32g0xx_hal.o
                0x0801e250                HAL_GetTick
 .text.HAL_Delay
                0x0801e264       0x48 Thirdparty\STM32G0xx_HAL_Driver\Src\stm32g0xx_hal.o
                0x0801e264                HAL_Delay
 .text.HAL_GetREVID
                0x0801e2ac       0x18 Thirdparty\STM32G0xx_HAL_Driver\Src\stm32g0xx_hal.o
                0x0801e2ac                HAL_GetREVID
 .text.HAL_GetDEVID
                0x0801e2c4       0x18 Thirdparty\STM32G0xx_HAL_Driver\Src\stm32g0xx_hal.o
                0x0801e2c4                HAL_GetDEVID
 .text.LL_ADC_SetCommonPathInternalCh
                0x0801e2dc       0x28 Thirdparty\STM32G0xx_HAL_Driver\Src\stm32g0xx_hal_adc.o
 .text.LL_ADC_GetCommonPathInternalCh
                0x0801e304       0x1a Thirdparty\STM32G0xx_HAL_Driver\Src\stm32g0xx_hal_adc.o
 .text.LL_ADC_SetSamplingTimeCommonChannels
                0x0801e31e       0x3a Thirdparty\STM32G0xx_HAL_Driver\Src\stm32g0xx_hal_adc.o
 .text.LL_ADC_GetSamplingTimeCommonChannels
                0x0801e358       0x2e Thirdparty\STM32G0xx_HAL_Driver\Src\stm32g0xx_hal_adc.o
 .text.LL_ADC_REG_IsTriggerSourceSWStart
                0x0801e386       0x22 Thirdparty\STM32G0xx_HAL_Driver\Src\stm32g0xx_hal_adc.o
 .text.LL_ADC_REG_SetSequencerRanks
                0x0801e3a8       0x40 Thirdparty\STM32G0xx_HAL_Driver\Src\stm32g0xx_hal_adc.o
 .text.LL_ADC_REG_SetSequencerChAdd
                0x0801e3e8       0x22 Thirdparty\STM32G0xx_HAL_Driver\Src\stm32g0xx_hal_adc.o
 .text.LL_ADC_REG_SetSequencerChRem
                0x0801e40a       0x24 Thirdparty\STM32G0xx_HAL_Driver\Src\stm32g0xx_hal_adc.o
 *fill*         0x0801e42e        0x2 
 .text.LL_ADC_SetChannelSamplingTime
                0x0801e430       0x38 Thirdparty\STM32G0xx_HAL_Driver\Src\stm32g0xx_hal_adc.o
 .text.LL_ADC_EnableInternalRegulator
                0x0801e468       0x28 Thirdparty\STM32G0xx_HAL_Driver\Src\stm32g0xx_hal_adc.o
 .text.LL_ADC_IsInternalRegulatorEnabled
                0x0801e490       0x28 Thirdparty\STM32G0xx_HAL_Driver\Src\stm32g0xx_hal_adc.o
 .text.LL_ADC_Enable
                0x0801e4b8       0x24 Thirdparty\STM32G0xx_HAL_Driver\Src\stm32g0xx_hal_adc.o
 .text.LL_ADC_Disable
                0x0801e4dc       0x24 Thirdparty\STM32G0xx_HAL_Driver\Src\stm32g0xx_hal_adc.o
 .text.LL_ADC_IsEnabled
                0x0801e500       0x22 Thirdparty\STM32G0xx_HAL_Driver\Src\stm32g0xx_hal_adc.o
 .text.LL_ADC_IsDisableOngoing
                0x0801e522       0x22 Thirdparty\STM32G0xx_HAL_Driver\Src\stm32g0xx_hal_adc.o
 .text.LL_ADC_REG_StartConversion
                0x0801e544       0x24 Thirdparty\STM32G0xx_HAL_Driver\Src\stm32g0xx_hal_adc.o
 .text.LL_ADC_REG_StopConversion
                0x0801e568       0x24 Thirdparty\STM32G0xx_HAL_Driver\Src\stm32g0xx_hal_adc.o
 .text.LL_ADC_REG_IsConversionOngoing
                0x0801e58c       0x22 Thirdparty\STM32G0xx_HAL_Driver\Src\stm32g0xx_hal_adc.o
 *fill*         0x0801e5ae        0x2 
 .text.HAL_ADC_Init
                0x0801e5b0      0x350 Thirdparty\STM32G0xx_HAL_Driver\Src\stm32g0xx_hal_adc.o
                0x0801e5b0                HAL_ADC_Init
 .text.HAL_ADC_Start
                0x0801e900       0x9c Thirdparty\STM32G0xx_HAL_Driver\Src\stm32g0xx_hal_adc.o
                0x0801e900                HAL_ADC_Start
 .text.HAL_ADC_Stop
                0x0801e99c       0x78 Thirdparty\STM32G0xx_HAL_Driver\Src\stm32g0xx_hal_adc.o
                0x0801e99c                HAL_ADC_Stop
 .text.HAL_ADC_PollForConversion
                0x0801ea14      0x128 Thirdparty\STM32G0xx_HAL_Driver\Src\stm32g0xx_hal_adc.o
                0x0801ea14                HAL_ADC_PollForConversion
 .text.HAL_ADC_GetValue
                0x0801eb3c       0x16 Thirdparty\STM32G0xx_HAL_Driver\Src\stm32g0xx_hal_adc.o
                0x0801eb3c                HAL_ADC_GetValue
 *fill*         0x0801eb52        0x2 
 .text.HAL_ADC_ConfigChannel
                0x0801eb54      0x3b0 Thirdparty\STM32G0xx_HAL_Driver\Src\stm32g0xx_hal_adc.o
                0x0801eb54                HAL_ADC_ConfigChannel
 .text.ADC_ConversionStop
                0x0801ef04       0x84 Thirdparty\STM32G0xx_HAL_Driver\Src\stm32g0xx_hal_adc.o
                0x0801ef04                ADC_ConversionStop
 .text.ADC_Enable
                0x0801ef88      0x10c Thirdparty\STM32G0xx_HAL_Driver\Src\stm32g0xx_hal_adc.o
                0x0801ef88                ADC_Enable
 .text.ADC_Disable
                0x0801f094       0xbc Thirdparty\STM32G0xx_HAL_Driver\Src\stm32g0xx_hal_adc.o
                0x0801f094                ADC_Disable
 .text.__NVIC_EnableIRQ
                0x0801f150       0x34 Thirdparty\STM32G0xx_HAL_Driver\Src\stm32g0xx_hal_cortex.o
 .text.__NVIC_SetPriority
                0x0801f184       0xdc Thirdparty\STM32G0xx_HAL_Driver\Src\stm32g0xx_hal_cortex.o
 .text.SysTick_Config
                0x0801f260       0x48 Thirdparty\STM32G0xx_HAL_Driver\Src\stm32g0xx_hal_cortex.o
 .text.HAL_NVIC_SetPriority
                0x0801f2a8       0x2a Thirdparty\STM32G0xx_HAL_Driver\Src\stm32g0xx_hal_cortex.o
                0x0801f2a8                HAL_NVIC_SetPriority
 .text.HAL_NVIC_EnableIRQ
                0x0801f2d2       0x20 Thirdparty\STM32G0xx_HAL_Driver\Src\stm32g0xx_hal_cortex.o
                0x0801f2d2                HAL_NVIC_EnableIRQ
 .text.HAL_SYSTICK_Config
                0x0801f2f2       0x1a Thirdparty\STM32G0xx_HAL_Driver\Src\stm32g0xx_hal_cortex.o
                0x0801f2f2                HAL_SYSTICK_Config
 .text.HAL_CRC_Init
                0x0801f30c       0xcc Thirdparty\STM32G0xx_HAL_Driver\Src\stm32g0xx_hal_crc.o
                0x0801f30c                HAL_CRC_Init
 .text.HAL_CRC_Accumulate
                0x0801f3d8       0x8e Thirdparty\STM32G0xx_HAL_Driver\Src\stm32g0xx_hal_crc.o
                0x0801f3d8                HAL_CRC_Accumulate
 .text.HAL_CRC_Calculate
                0x0801f466       0x9e Thirdparty\STM32G0xx_HAL_Driver\Src\stm32g0xx_hal_crc.o
                0x0801f466                HAL_CRC_Calculate
 .text.CRC_Handle_8
                0x0801f504      0x122 Thirdparty\STM32G0xx_HAL_Driver\Src\stm32g0xx_hal_crc.o
 .text.CRC_Handle_16
                0x0801f626       0x6e Thirdparty\STM32G0xx_HAL_Driver\Src\stm32g0xx_hal_crc.o
 .text.HAL_CRCEx_Polynomial_Set
                0x0801f694       0xea Thirdparty\STM32G0xx_HAL_Driver\Src\stm32g0xx_hal_crc_ex.o
                0x0801f694                HAL_CRCEx_Polynomial_Set
 *fill*         0x0801f77e        0x2 
 .text.HAL_DMA_Init
                0x0801f780      0x158 Thirdparty\STM32G0xx_HAL_Driver\Src\stm32g0xx_hal_dma.o
                0x0801f780                HAL_DMA_Init
 .text.HAL_DMA_Start_IT
                0x0801f8d8      0x10c Thirdparty\STM32G0xx_HAL_Driver\Src\stm32g0xx_hal_dma.o
                0x0801f8d8                HAL_DMA_Start_IT
 .text.HAL_DMA_Abort
                0x0801f9e4       0xc0 Thirdparty\STM32G0xx_HAL_Driver\Src\stm32g0xx_hal_dma.o
                0x0801f9e4                HAL_DMA_Abort
 .text.HAL_DMA_Abort_IT
                0x0801faa4       0xd0 Thirdparty\STM32G0xx_HAL_Driver\Src\stm32g0xx_hal_dma.o
                0x0801faa4                HAL_DMA_Abort_IT
 .text.HAL_DMA_IRQHandler
                0x0801fb74      0x188 Thirdparty\STM32G0xx_HAL_Driver\Src\stm32g0xx_hal_dma.o
                0x0801fb74                HAL_DMA_IRQHandler
 .text.HAL_DMA_GetError
                0x0801fcfc       0x14 Thirdparty\STM32G0xx_HAL_Driver\Src\stm32g0xx_hal_dma.o
                0x0801fcfc                HAL_DMA_GetError
 .text.DMA_SetConfig
                0x0801fd10       0x78 Thirdparty\STM32G0xx_HAL_Driver\Src\stm32g0xx_hal_dma.o
 .text.DMA_CalcDMAMUXChannelBaseAndMask
                0x0801fd88       0x94 Thirdparty\STM32G0xx_HAL_Driver\Src\stm32g0xx_hal_dma.o
 .text.DMA_CalcDMAMUXRequestGenBaseAndMask
                0x0801fe1c       0x48 Thirdparty\STM32G0xx_HAL_Driver\Src\stm32g0xx_hal_dma.o
 .text.HAL_FLASH_Program
                0x0801fe64       0x9c Thirdparty\STM32G0xx_HAL_Driver\Src\stm32g0xx_hal_flash.o
                0x0801fe64                HAL_FLASH_Program
 .text.HAL_FLASH_Unlock
                0x0801ff00       0x48 Thirdparty\STM32G0xx_HAL_Driver\Src\stm32g0xx_hal_flash.o
                0x0801ff00                HAL_FLASH_Unlock
 .text.HAL_FLASH_Lock
                0x0801ff48       0x44 Thirdparty\STM32G0xx_HAL_Driver\Src\stm32g0xx_hal_flash.o
                0x0801ff48                HAL_FLASH_Lock
 .text.FLASH_WaitForLastOperation
                0x0801ff8c       0x9c Thirdparty\STM32G0xx_HAL_Driver\Src\stm32g0xx_hal_flash.o
                0x0801ff8c                FLASH_WaitForLastOperation
 .text.FLASH_Program_DoubleWord
                0x08020028       0x40 Thirdparty\STM32G0xx_HAL_Driver\Src\stm32g0xx_hal_flash.o
 .text.HAL_FLASHEx_Erase
                0x08020068       0xe0 Thirdparty\STM32G0xx_HAL_Driver\Src\stm32g0xx_hal_flash_ex.o
                0x08020068                HAL_FLASHEx_Erase
 .text.FLASH_MassErase
                0x08020148       0x28 Thirdparty\STM32G0xx_HAL_Driver\Src\stm32g0xx_hal_flash_ex.o
 .text.FLASH_PageErase
                0x08020170       0x58 Thirdparty\STM32G0xx_HAL_Driver\Src\stm32g0xx_hal_flash_ex.o
                0x08020170                FLASH_PageErase
 .text.HAL_GPIO_Init
                0x080201c8      0x2d8 Thirdparty\STM32G0xx_HAL_Driver\Src\stm32g0xx_hal_gpio.o
                0x080201c8                HAL_GPIO_Init
 .text.HAL_GPIO_ReadPin
                0x080204a0       0x3a Thirdparty\STM32G0xx_HAL_Driver\Src\stm32g0xx_hal_gpio.o
                0x080204a0                HAL_GPIO_ReadPin
 .text.HAL_GPIO_WritePin
                0x080204da       0x3a Thirdparty\STM32G0xx_HAL_Driver\Src\stm32g0xx_hal_gpio.o
                0x080204da                HAL_GPIO_WritePin
 .text.HAL_GPIO_TogglePin
                0x08020514       0x36 Thirdparty\STM32G0xx_HAL_Driver\Src\stm32g0xx_hal_gpio.o
                0x08020514                HAL_GPIO_TogglePin
 .text.HAL_MspInit
                0x0802054a        0xa Thirdparty\STM32G0xx_HAL_Driver\Src\stm32g0xx_hal_msp_template.o
                0x0802054a                HAL_MspInit
 .text.HAL_PWR_EnableWakeUpPin
                0x08020554       0x40 Thirdparty\STM32G0xx_HAL_Driver\Src\stm32g0xx_hal_pwr.o
                0x08020554                HAL_PWR_EnableWakeUpPin
 .text.HAL_PWR_DisableWakeUpPin
                0x08020594       0x28 Thirdparty\STM32G0xx_HAL_Driver\Src\stm32g0xx_hal_pwr.o
                0x08020594                HAL_PWR_DisableWakeUpPin
 .text.HAL_PWR_EnterSTOPMode
                0x080205bc       0x70 Thirdparty\STM32G0xx_HAL_Driver\Src\stm32g0xx_hal_pwr.o
                0x080205bc                HAL_PWR_EnterSTOPMode
 .text.HAL_PWR_EnterSTANDBYMode
                0x0802062c       0x34 Thirdparty\STM32G0xx_HAL_Driver\Src\stm32g0xx_hal_pwr.o
                0x0802062c                HAL_PWR_EnterSTANDBYMode
 .text.HAL_PWREx_EnableSRAMRetention
                0x08020660       0x1c Thirdparty\STM32G0xx_HAL_Driver\Src\stm32g0xx_hal_pwr_ex.o
                0x08020660                HAL_PWREx_EnableSRAMRetention
 .text.HAL_PWREx_ControlVoltageScaling
                0x0802067c       0x80 Thirdparty\STM32G0xx_HAL_Driver\Src\stm32g0xx_hal_pwr_ex.o
                0x0802067c                HAL_PWREx_ControlVoltageScaling
 .text.LL_RCC_GetAPB1Prescaler
                0x080206fc       0x18 Thirdparty\STM32G0xx_HAL_Driver\Src\stm32g0xx_hal_rcc.o
 .text.HAL_RCC_OscConfig
                0x08020714      0x6c0 Thirdparty\STM32G0xx_HAL_Driver\Src\stm32g0xx_hal_rcc.o
                0x08020714                HAL_RCC_OscConfig
 .text.HAL_RCC_ClockConfig
                0x08020dd4      0x210 Thirdparty\STM32G0xx_HAL_Driver\Src\stm32g0xx_hal_rcc.o
                0x08020dd4                HAL_RCC_ClockConfig
 .text.HAL_RCC_GetSysClockFreq
                0x08020fe4      0x104 Thirdparty\STM32G0xx_HAL_Driver\Src\stm32g0xx_hal_rcc.o
                0x08020fe4                HAL_RCC_GetSysClockFreq
 .text.HAL_RCC_GetHCLKFreq
                0x080210e8       0x14 Thirdparty\STM32G0xx_HAL_Driver\Src\stm32g0xx_hal_rcc.o
                0x080210e8                HAL_RCC_GetHCLKFreq
 .text.HAL_RCC_GetPCLK1Freq
                0x080210fc       0x2c Thirdparty\STM32G0xx_HAL_Driver\Src\stm32g0xx_hal_rcc.o
                0x080210fc                HAL_RCC_GetPCLK1Freq
 .text.HAL_RCCEx_PeriphCLKConfig
                0x08021128      0x478 Thirdparty\STM32G0xx_HAL_Driver\Src\stm32g0xx_hal_rcc_ex.o
                0x08021128                HAL_RCCEx_PeriphCLKConfig
 .text.HAL_RTC_Init
                0x080215a0      0x144 Thirdparty\STM32G0xx_HAL_Driver\Src\stm32g0xx_hal_rtc.o
                0x080215a0                HAL_RTC_Init
 .text.HAL_RTC_DeInit
                0x080216e4      0x138 Thirdparty\STM32G0xx_HAL_Driver\Src\stm32g0xx_hal_rtc.o
                0x080216e4                HAL_RTC_DeInit
 .text.HAL_RTC_SetTime
                0x0802181c      0x150 Thirdparty\STM32G0xx_HAL_Driver\Src\stm32g0xx_hal_rtc.o
                0x0802181c                HAL_RTC_SetTime
 .text.HAL_RTC_GetTime
                0x0802196c       0xb8 Thirdparty\STM32G0xx_HAL_Driver\Src\stm32g0xx_hal_rtc.o
                0x0802196c                HAL_RTC_GetTime
 .text.HAL_RTC_SetDate
                0x08021a24      0x124 Thirdparty\STM32G0xx_HAL_Driver\Src\stm32g0xx_hal_rtc.o
                0x08021a24                HAL_RTC_SetDate
 .text.HAL_RTC_GetDate
                0x08021b48       0x9c Thirdparty\STM32G0xx_HAL_Driver\Src\stm32g0xx_hal_rtc.o
                0x08021b48                HAL_RTC_GetDate
 .text.HAL_RTC_WaitForSynchro
                0x08021be4       0x4c Thirdparty\STM32G0xx_HAL_Driver\Src\stm32g0xx_hal_rtc.o
                0x08021be4                HAL_RTC_WaitForSynchro
 .text.RTC_EnterInitMode
                0x08021c30       0x84 Thirdparty\STM32G0xx_HAL_Driver\Src\stm32g0xx_hal_rtc.o
                0x08021c30                RTC_EnterInitMode
 .text.RTC_ExitInitMode
                0x08021cb4       0x88 Thirdparty\STM32G0xx_HAL_Driver\Src\stm32g0xx_hal_rtc.o
                0x08021cb4                RTC_ExitInitMode
 .text.RTC_ByteToBcd2
                0x08021d3c       0x50 Thirdparty\STM32G0xx_HAL_Driver\Src\stm32g0xx_hal_rtc.o
                0x08021d3c                RTC_ByteToBcd2
 .text.RTC_Bcd2ToByte
                0x08021d8c       0x3a Thirdparty\STM32G0xx_HAL_Driver\Src\stm32g0xx_hal_rtc.o
                0x08021d8c                RTC_Bcd2ToByte
 .text.HAL_RTCEx_BKUPWrite
                0x08021dc6       0x3a Thirdparty\STM32G0xx_HAL_Driver\Src\stm32g0xx_hal_rtc_ex.o
                0x08021dc6                HAL_RTCEx_BKUPWrite
 .text.HAL_RTCEx_BKUPRead
                0x08021e00       0x36 Thirdparty\STM32G0xx_HAL_Driver\Src\stm32g0xx_hal_rtc_ex.o
                0x08021e00                HAL_RTCEx_BKUPRead
 *fill*         0x08021e36        0x2 
 .text.HAL_SPI_Init
                0x08021e38      0x1cc Thirdparty\STM32G0xx_HAL_Driver\Src\stm32g0xx_hal_spi.o
                0x08021e38                HAL_SPI_Init
 .text.HAL_SPI_Transmit
                0x08022004      0x310 Thirdparty\STM32G0xx_HAL_Driver\Src\stm32g0xx_hal_spi.o
                0x08022004                HAL_SPI_Transmit
 .text.HAL_SPI_Receive
                0x08022314      0x434 Thirdparty\STM32G0xx_HAL_Driver\Src\stm32g0xx_hal_spi.o
                0x08022314                HAL_SPI_Receive
 .text.HAL_SPI_TransmitReceive
                0x08022748      0x624 Thirdparty\STM32G0xx_HAL_Driver\Src\stm32g0xx_hal_spi.o
                0x08022748                HAL_SPI_TransmitReceive
 .text.SPI_WaitFlagStateUntilTimeout